2026-06-18 19:14:37 [INFO   ] Log file: C:\Users\sandeep\Downloads\Claudes\investment\logs\immigration_2026-06-18_19-14-37.log
2026-06-18 19:14:37 [INFO   ] 
2026-06-18 19:14:37 [INFO   ] ==============================================================
2026-06-18 19:14:37 [INFO   ] PROGRESS | Send — partnership emails
2026-06-18 19:14:37 [INFO   ] ==============================================================
2026-06-18 19:14:38 [INFO   ] Send transport: Brevo API (config: C:\Users\sandeep\Downloads\Claudes\investment\mail_config.json, template: C:\Users\sandeep\Downloads\Claudes\investment\partnership.html, sender: sandeepjain200019@gmail.com)
2026-06-18 19:14:38 [INFO   ] CA send queue: 812 unsent contact(s) from ca_bulk.db (caconnect.icai.org).
2026-06-18 19:14:38 [INFO   ] Sending up to 8 email(s) this run (emails_per_run).
2026-06-18 19:14:38 [INFO   ] Send queue reserves 8/8 slot(s) for CA portal contacts (8 from ca_bulk.db).
2026-06-18 19:14:38 [WARNING] Only 0/4 pending company_secretary_firms contact(s) in queue.
2026-06-18 19:14:38 [WARNING] Only 0/4 pending tax_consultants contact(s) in queue.
2026-06-18 19:14:38 [INFO   ] PROGRESS | Send plan — 8 recipient(s) in queue
2026-06-18 19:14:39 [INFO   ] Loaded 41 NVIDIA API key(s) for rotation.
2026-06-18 19:14:41 [INFO   ] 
2026-06-18 19:14:41 [INFO   ] --------------------------------------------------------------
2026-06-18 19:14:41 [INFO   ] PROGRESS | Email content — To: ahuja13mamata@gmail.com
2026-06-18 19:14:41 [INFO   ] PROGRESS | Subject: Seeking Introductions to Potential Seed Investors for PlacementHub
2026-06-18 19:14:41 [INFO   ] PROGRESS | Body:
2026-06-18 19:14:41 [INFO   ] PROGRESS |   Dear Sir/Madam,
2026-06-18 19:14:41 [INFO   ] PROGRESS |   I am reaching out to introduce PlacementHub and explore whether any of your investor, entrepreneur, or
2026-06-18 19:14:41 [INFO   ] PROGRESS |   HNI clients may be open to reviewing a strategic seed opportunity.
2026-06-18 19:14:41 [INFO   ] PROGRESS |   My name is Sandeep Jain. PlacementHub is currently in its pre-seed fundraising stage, and I am
2026-06-18 19:14:41 [INFO   ] PROGRESS |   soliciting strategic seed investment for the same. PlacementHub is a campus placement and employability
2026-06-18 19:14:41 [INFO   ] PROGRESS |   platform connecting students, colleges, and recruiters. The product is built and in early
2026-06-18 19:14:41 [INFO   ] PROGRESS |   commercialization. A brief investment note is linked below.
2026-06-18 19:14:41 [INFO   ] PROGRESS |   For a Chartered Accountant firm, the relevance is mainly professional and strategic:
2026-06-18 19:14:41 [INFO   ] PROGRESS |   PlacementHub may require support across accounting, taxation, compliance, payroll, investor documentation, audit, and related professional services.
2026-06-18 19:14:41 [INFO   ] PROGRESS |   I would naturally be pleased to consider and prioritize firms that support PlacementHub during its early growth phase, subject to suitability and mutual agreement.
2026-06-18 19:14:41 [INFO   ] PROGRESS |   The relationship can begin with a simple review of the investment note and, where appropriate, introductions to suitable investor clients.
2026-06-18 19:14:41 [INFO   ] PROGRESS |   If the opportunity is worth a look, I would be happy to send the note and speak briefly about the round,
2026-06-18 19:14:41 [INFO   ] PROGRESS |   the platform, and the type of strategic investors we are looking for.
2026-06-18 19:14:41 [INFO   ] PROGRESS |   Please reply to this email or call me if you would like to explore it.
2026-06-18 19:14:41 [INFO   ] PROGRESS |   Warm Regards,
2026-06-18 19:14:41 [INFO   ] PROGRESS |   Sandeep Jain
2026-06-18 19:14:41 [INFO   ] PROGRESS |   Founder, PlacementHub
2026-06-18 19:14:41 [INFO   ] PROGRESS |   +91-9860090620
2026-06-18 19:14:41 [INFO   ] PROGRESS |   sandeepjain200019@gmail.com
2026-06-18 19:14:41 [INFO   ] PROGRESS |   Detailed Profile
2026-06-18 19:14:41 [INFO   ] PROGRESS |   Detailed Note on Funding Requirement
2026-06-18 19:14:41 [INFO   ] --------------------------------------------------------------
2026-06-18 19:14:41 [INFO   ] 
2026-06-18 19:14:41 [INFO   ] DRY-RUN would send to ahuja13mamata@gmail.com (CA. MAMTA K AHUJA) via brevo_api from sandeepjain200019@gmail.com | template: funding_intro.html | subject: Seeking Introductions to Potential Seed Investors for PlacementHub
2026-06-18 19:14:41 [INFO   ] PROGRESS | Send 1/8 | DRY-RUN | ahuja13mamata@gmail.com | CA. MAMTA K AHUJA [Chartered Accountants & Company Secretaries] | ok=0 fail=0 skip=1
2026-06-18 19:14:54 [INFO   ] 
2026-06-18 19:14:54 [INFO   ] --------------------------------------------------------------
2026-06-18 19:14:54 [INFO   ] PROGRESS | Email content — To: dhanashreelimaye25@gmail.com
2026-06-18 19:14:54 [INFO   ] PROGRESS | Subject: Seeking Introductions to Potential Seed Investors for PlacementHub
2026-06-18 19:14:54 [INFO   ] PROGRESS | Body:
2026-06-18 19:14:54 [INFO   ] PROGRESS |   Dear Sir/Madam,
2026-06-18 19:14:54 [INFO   ] PROGRESS |   I am reaching out to introduce PlacementHub and explore whether any of your investor, entrepreneur, or
2026-06-18 19:14:54 [INFO   ] PROGRESS |   HNI clients may be open to reviewing a strategic seed opportunity.
2026-06-18 19:14:54 [INFO   ] PROGRESS |   My name is Sandeep Jain. PlacementHub is currently in its pre-seed fundraising stage, and I am
2026-06-18 19:14:54 [INFO   ] PROGRESS |   soliciting strategic seed investment for the same. PlacementHub is a campus placement and employability
2026-06-18 19:14:54 [INFO   ] PROGRESS |   platform connecting students, colleges, and recruiters. The product is built and in early
2026-06-18 19:14:54 [INFO   ] PROGRESS |   commercialization. A brief investment note is linked below.
2026-06-18 19:14:54 [INFO   ] PROGRESS |   For a Chartered Accountant firm, the relevance is mainly professional and strategic:
2026-06-18 19:14:54 [INFO   ] PROGRESS |   PlacementHub may require support across accounting, taxation, compliance, payroll, investor documentation, audit, and related professional services.
2026-06-18 19:14:54 [INFO   ] PROGRESS |   I would naturally be pleased to consider and prioritize firms that support PlacementHub during its early growth phase, subject to suitability and mutual agreement.
2026-06-18 19:14:54 [INFO   ] PROGRESS |   The relationship can begin with a simple review of the investment note and, where appropriate, introductions to suitable investor clients.
2026-06-18 19:14:54 [INFO   ] PROGRESS |   If the opportunity is worth a look, I would be happy to send the note and speak briefly about the round,
2026-06-18 19:14:54 [INFO   ] PROGRESS |   the platform, and the type of strategic investors we are looking for.
2026-06-18 19:14:54 [INFO   ] PROGRESS |   Please reply to this email or call me if you would like to explore it.
2026-06-18 19:14:54 [INFO   ] PROGRESS |   Warm Regards,
2026-06-18 19:14:54 [INFO   ] PROGRESS |   Sandeep Jain
2026-06-18 19:14:54 [INFO   ] PROGRESS |   Founder, PlacementHub
2026-06-18 19:14:54 [INFO   ] PROGRESS |   +91-9860090620
2026-06-18 19:14:54 [INFO   ] PROGRESS |   sandeepjain200019@gmail.com
2026-06-18 19:14:54 [INFO   ] PROGRESS |   Detailed Profile
2026-06-18 19:14:54 [INFO   ] PROGRESS |   Detailed Note on Funding Requirement
2026-06-18 19:14:54 [INFO   ] --------------------------------------------------------------
2026-06-18 19:14:54 [INFO   ] 
2026-06-18 19:14:54 [INFO   ] DRY-RUN would send to dhanashreelimaye25@gmail.com (CA. DHANASHREE SHIVRAM GADGIL) via brevo_api from sandeepjain200019@gmail.com | template: funding_intro.html | subject: Seeking Introductions to Potential Seed Investors for PlacementHub
2026-06-18 19:14:54 [INFO   ] PROGRESS | Send 2/8 | DRY-RUN | dhanashreelimaye25@gmail.com | CA. DHANASHREE SHIVRAM GADGIL [Chartered Accountants & Company Secretaries] | ok=0 fail=0 skip=2
2026-06-18 19:14:57 [INFO   ] 
2026-06-18 19:14:57 [INFO   ] --------------------------------------------------------------
2026-06-18 19:14:57 [INFO   ] PROGRESS | Email content — To: priyanka@atulpremdayal.com
2026-06-18 19:14:57 [INFO   ] PROGRESS | Subject: Seeking Introductions to Potential Seed Investors for PlacementHub
2026-06-18 19:14:57 [INFO   ] PROGRESS | Body:
2026-06-18 19:14:57 [INFO   ] PROGRESS |   Dear Sir/Madam,
2026-06-18 19:14:57 [INFO   ] PROGRESS |   I am reaching out to introduce PlacementHub and explore whether any of your investor, entrepreneur, or
2026-06-18 19:14:57 [INFO   ] PROGRESS |   HNI clients may be open to reviewing a strategic seed opportunity.
2026-06-18 19:14:57 [INFO   ] PROGRESS |   My name is Sandeep Jain. PlacementHub is currently in its pre-seed fundraising stage, and I am
2026-06-18 19:14:57 [INFO   ] PROGRESS |   soliciting strategic seed investment for the same. PlacementHub is a campus placement and employability
2026-06-18 19:14:57 [INFO   ] PROGRESS |   platform connecting students, colleges, and recruiters. The product is built and in early
2026-06-18 19:14:57 [INFO   ] PROGRESS |   commercialization. A brief investment note is linked below.
2026-06-18 19:14:57 [INFO   ] PROGRESS |   For a Chartered Accountant firm, the relevance is mainly professional and strategic:
2026-06-18 19:14:57 [INFO   ] PROGRESS |   PlacementHub may require support across accounting, taxation, compliance, payroll, investor documentation, audit, and related professional services.
2026-06-18 19:14:57 [INFO   ] PROGRESS |   I would naturally be pleased to consider and prioritize firms that support PlacementHub during its early growth phase, subject to suitability and mutual agreement.
2026-06-18 19:14:57 [INFO   ] PROGRESS |   The relationship can begin with a simple review of the investment note and, where appropriate, introductions to suitable investor clients.
2026-06-18 19:14:57 [INFO   ] PROGRESS |   If the opportunity is worth a look, I would be happy to send the note and speak briefly about the round,
2026-06-18 19:14:57 [INFO   ] PROGRESS |   the platform, and the type of strategic investors we are looking for.
2026-06-18 19:14:57 [INFO   ] PROGRESS |   Please reply to this email or call me if you would like to explore it.
2026-06-18 19:14:57 [INFO   ] PROGRESS |   Warm Regards,
2026-06-18 19:14:57 [INFO   ] PROGRESS |   Sandeep Jain
2026-06-18 19:14:57 [INFO   ] PROGRESS |   Founder, PlacementHub
2026-06-18 19:14:57 [INFO   ] PROGRESS |   +91-9860090620
2026-06-18 19:14:57 [INFO   ] PROGRESS |   sandeepjain200019@gmail.com
2026-06-18 19:14:57 [INFO   ] PROGRESS |   Detailed Profile
2026-06-18 19:14:57 [INFO   ] PROGRESS |   Detailed Note on Funding Requirement
2026-06-18 19:14:57 [INFO   ] --------------------------------------------------------------
2026-06-18 19:14:57 [INFO   ] 
2026-06-18 19:14:57 [INFO   ] DRY-RUN would send to priyanka@atulpremdayal.com (CA. SHRIVASTAVA PRIYANKA) via brevo_api from sandeepjain200019@gmail.com | template: funding_intro.html | subject: Seeking Introductions to Potential Seed Investors for PlacementHub
2026-06-18 19:14:57 [INFO   ] PROGRESS | Send 3/8 | DRY-RUN | priyanka@atulpremdayal.com | CA. SHRIVASTAVA PRIYANKA [Chartered Accountants & Company Secretaries] | ok=0 fail=0 skip=3
2026-06-18 19:15:27 [WARNING] NVIDIA call failed (attempt 1/5): The read operation timed out — rotating key.
2026-06-18 19:15:30 [INFO   ] 
2026-06-18 19:15:30 [INFO   ] --------------------------------------------------------------
2026-06-18 19:15:30 [INFO   ] PROGRESS | Email content — To: mujeeb.r.shaikh@gmail.com
2026-06-18 19:15:30 [INFO   ] PROGRESS | Subject: Seeking Introductions to Potential Seed Investors for PlacementHub
2026-06-18 19:15:30 [INFO   ] PROGRESS | Body:
2026-06-18 19:15:30 [INFO   ] PROGRESS |   Dear Sir/Madam,
2026-06-18 19:15:30 [INFO   ] PROGRESS |   I am reaching out to introduce PlacementHub and explore whether any of your investor, entrepreneur, or
2026-06-18 19:15:30 [INFO   ] PROGRESS |   HNI clients may be open to reviewing a strategic seed opportunity.
2026-06-18 19:15:30 [INFO   ] PROGRESS |   My name is Sandeep Jain. PlacementHub is currently in its pre-seed fundraising stage, and I am
2026-06-18 19:15:30 [INFO   ] PROGRESS |   soliciting strategic seed investment for the same. PlacementHub is a campus placement and employability
2026-06-18 19:15:30 [INFO   ] PROGRESS |   platform connecting students, colleges, and recruiters. The product is built and in early
2026-06-18 19:15:30 [INFO   ] PROGRESS |   commercialization. A brief investment note is linked below.
2026-06-18 19:15:30 [INFO   ] PROGRESS |   For a Chartered Accountant firm, the relevance is mainly professional and strategic:
2026-06-18 19:15:30 [INFO   ] PROGRESS |   PlacementHub may require support across accounting, taxation, compliance, payroll, investor documentation, audit, and related professional services.
2026-06-18 19:15:30 [INFO   ] PROGRESS |   I would naturally be pleased to consider and prioritize firms that support PlacementHub during its early growth phase, subject to suitability and mutual agreement.
2026-06-18 19:15:30 [INFO   ] PROGRESS |   The relationship can begin with a simple review of the investment note and, where appropriate, introductions to suitable investor clients.
2026-06-18 19:15:30 [INFO   ] PROGRESS |   If the opportunity is worth a look, I would be happy to send the note and speak briefly about the round,
2026-06-18 19:15:30 [INFO   ] PROGRESS |   the platform, and the type of strategic investors we are looking for.
2026-06-18 19:15:30 [INFO   ] PROGRESS |   Please reply to this email or call me if you would like to explore it.
2026-06-18 19:15:30 [INFO   ] PROGRESS |   Warm Regards,
2026-06-18 19:15:30 [INFO   ] PROGRESS |   Sandeep Jain
2026-06-18 19:15:30 [INFO   ] PROGRESS |   Founder, PlacementHub
2026-06-18 19:15:30 [INFO   ] PROGRESS |   +91-9860090620
2026-06-18 19:15:30 [INFO   ] PROGRESS |   sandeepjain200019@gmail.com
2026-06-18 19:15:30 [INFO   ] PROGRESS |   Detailed Profile
2026-06-18 19:15:30 [INFO   ] PROGRESS |   Detailed Note on Funding Requirement
2026-06-18 19:15:30 [INFO   ] --------------------------------------------------------------
2026-06-18 19:15:30 [INFO   ] 
2026-06-18 19:15:30 [INFO   ] DRY-RUN would send to mujeeb.r.shaikh@gmail.com (CA. MUJEEB RASUL SHAIKH) via brevo_api from sandeepjain200019@gmail.com | template: funding_intro.html | subject: Seeking Introductions to Potential Seed Investors for PlacementHub
2026-06-18 19:15:30 [INFO   ] PROGRESS | Send 4/8 | DRY-RUN | mujeeb.r.shaikh@gmail.com | CA. MUJEEB RASUL SHAIKH [Chartered Accountants & Company Secretaries] | ok=0 fail=0 skip=4
2026-06-18 19:15:32 [INFO   ] 
2026-06-18 19:15:32 [INFO   ] --------------------------------------------------------------
2026-06-18 19:15:32 [INFO   ] PROGRESS | Email content — To: govind_soni91@rediffmail.com
2026-06-18 19:15:32 [INFO   ] PROGRESS | Subject: Seeking Introductions to Potential Seed Investors for PlacementHub
2026-06-18 19:15:32 [INFO   ] PROGRESS | Body:
2026-06-18 19:15:32 [INFO   ] PROGRESS |   Dear Sir/Madam,
2026-06-18 19:15:32 [INFO   ] PROGRESS |   I am reaching out to introduce PlacementHub and explore whether any of your investor, entrepreneur, or
2026-06-18 19:15:32 [INFO   ] PROGRESS |   HNI clients may be open to reviewing a strategic seed opportunity.
2026-06-18 19:15:32 [INFO   ] PROGRESS |   My name is Sandeep Jain. PlacementHub is currently in its pre-seed fundraising stage, and I am
2026-06-18 19:15:32 [INFO   ] PROGRESS |   soliciting strategic seed investment for the same. PlacementHub is a campus placement and employability
2026-06-18 19:15:32 [INFO   ] PROGRESS |   platform connecting students, colleges, and recruiters. The product is built and in early
2026-06-18 19:15:32 [INFO   ] PROGRESS |   commercialization. A brief investment note is linked below.
2026-06-18 19:15:32 [INFO   ] PROGRESS |   For a Chartered Accountant firm, the relevance is mainly professional and strategic:
2026-06-18 19:15:32 [INFO   ] PROGRESS |   PlacementHub may require support across accounting, taxation, compliance, payroll, investor documentation, audit, and related professional services.
2026-06-18 19:15:32 [INFO   ] PROGRESS |   I would naturally be pleased to consider and prioritize firms that support PlacementHub during its early growth phase, subject to suitability and mutual agreement.
2026-06-18 19:15:32 [INFO   ] PROGRESS |   The relationship can begin with a simple review of the investment note and, where appropriate, introductions to suitable investor clients.
2026-06-18 19:15:32 [INFO   ] PROGRESS |   If the opportunity is worth a look, I would be happy to send the note and speak briefly about the round,
2026-06-18 19:15:32 [INFO   ] PROGRESS |   the platform, and the type of strategic investors we are looking for.
2026-06-18 19:15:32 [INFO   ] PROGRESS |   Please reply to this email or call me if you would like to explore it.
2026-06-18 19:15:32 [INFO   ] PROGRESS |   Warm Regards,
2026-06-18 19:15:32 [INFO   ] PROGRESS |   Sandeep Jain
2026-06-18 19:15:32 [INFO   ] PROGRESS |   Founder, PlacementHub
2026-06-18 19:15:32 [INFO   ] PROGRESS |   +91-9860090620
2026-06-18 19:15:32 [INFO   ] PROGRESS |   sandeepjain200019@gmail.com
2026-06-18 19:15:32 [INFO   ] PROGRESS |   Detailed Profile
2026-06-18 19:15:32 [INFO   ] PROGRESS |   Detailed Note on Funding Requirement
2026-06-18 19:15:32 [INFO   ] --------------------------------------------------------------
2026-06-18 19:15:32 [INFO   ] 
2026-06-18 19:15:32 [INFO   ] DRY-RUN would send to govind_soni91@rediffmail.com (CA. GOVIND SHRINIWAS SONI) via brevo_api from sandeepjain200019@gmail.com | template: funding_intro.html | subject: Seeking Introductions to Potential Seed Investors for PlacementHub
2026-06-18 19:15:32 [INFO   ] PROGRESS | Send 5/8 | DRY-RUN | govind_soni91@rediffmail.com | CA. GOVIND SHRINIWAS SONI [Chartered Accountants & Company Secretaries] | ok=0 fail=0 skip=5
2026-06-18 19:15:33 [INFO   ] 
2026-06-18 19:15:33 [INFO   ] --------------------------------------------------------------
2026-06-18 19:15:33 [INFO   ] PROGRESS | Email content — To: sawale.parag@gmail.com
2026-06-18 19:15:33 [INFO   ] PROGRESS | Subject: Seeking Introductions to Potential Seed Investors for PlacementHub
2026-06-18 19:15:33 [INFO   ] PROGRESS | Body:
2026-06-18 19:15:33 [INFO   ] PROGRESS |   Dear Sir/Madam,
2026-06-18 19:15:33 [INFO   ] PROGRESS |   I am reaching out to introduce PlacementHub and explore whether any of your investor, entrepreneur, or
2026-06-18 19:15:33 [INFO   ] PROGRESS |   HNI clients may be open to reviewing a strategic seed opportunity.
2026-06-18 19:15:33 [INFO   ] PROGRESS |   My name is Sandeep Jain. PlacementHub is currently in its pre-seed fundraising stage, and I am
2026-06-18 19:15:33 [INFO   ] PROGRESS |   soliciting strategic seed investment for the same. PlacementHub is a campus placement and employability
2026-06-18 19:15:33 [INFO   ] PROGRESS |   platform connecting students, colleges, and recruiters. The product is built and in early
2026-06-18 19:15:33 [INFO   ] PROGRESS |   commercialization. A brief investment note is linked below.
2026-06-18 19:15:33 [INFO   ] PROGRESS |   For a Chartered Accountant firm, the relevance is mainly professional and strategic:
2026-06-18 19:15:33 [INFO   ] PROGRESS |   PlacementHub may require support across accounting, taxation, compliance, payroll, investor documentation, audit, and related professional services.
2026-06-18 19:15:33 [INFO   ] PROGRESS |   I would naturally be pleased to consider and prioritize firms that support PlacementHub during its early growth phase, subject to suitability and mutual agreement.
2026-06-18 19:15:33 [INFO   ] PROGRESS |   The relationship can begin with a simple review of the investment note and, where appropriate, introductions to suitable investor clients.
2026-06-18 19:15:33 [INFO   ] PROGRESS |   If the opportunity is worth a look, I would be happy to send the note and speak briefly about the round,
2026-06-18 19:15:33 [INFO   ] PROGRESS |   the platform, and the type of strategic investors we are looking for.
2026-06-18 19:15:33 [INFO   ] PROGRESS |   Please reply to this email or call me if you would like to explore it.
2026-06-18 19:15:33 [INFO   ] PROGRESS |   Warm Regards,
2026-06-18 19:15:33 [INFO   ] PROGRESS |   Sandeep Jain
2026-06-18 19:15:33 [INFO   ] PROGRESS |   Founder, PlacementHub
2026-06-18 19:15:33 [INFO   ] PROGRESS |   +91-9860090620
2026-06-18 19:15:33 [INFO   ] PROGRESS |   sandeepjain200019@gmail.com
2026-06-18 19:15:33 [INFO   ] PROGRESS |   Detailed Profile
2026-06-18 19:15:33 [INFO   ] PROGRESS |   Detailed Note on Funding Requirement
2026-06-18 19:15:33 [INFO   ] --------------------------------------------------------------
2026-06-18 19:15:33 [INFO   ] 
2026-06-18 19:15:33 [INFO   ] DRY-RUN would send to sawale.parag@gmail.com (CA. PARAG SHRAVAN SAVALE) via brevo_api from sandeepjain200019@gmail.com | template: funding_intro.html | subject: Seeking Introductions to Potential Seed Investors for PlacementHub
2026-06-18 19:15:33 [INFO   ] PROGRESS | Send 6/8 | DRY-RUN | sawale.parag@gmail.com | CA. PARAG SHRAVAN SAVALE [Chartered Accountants & Company Secretaries] | ok=0 fail=0 skip=6
2026-06-18 19:15:52 [INFO   ] 
2026-06-18 19:15:52 [INFO   ] --------------------------------------------------------------
2026-06-18 19:15:52 [INFO   ] PROGRESS | Email content — To: casaurabh.jathar@gmail.com
2026-06-18 19:15:52 [INFO   ] PROGRESS | Subject: Seeking Introductions to Potential Seed Investors for PlacementHub
2026-06-18 19:15:52 [INFO   ] PROGRESS | Body:
2026-06-18 19:15:52 [INFO   ] PROGRESS |   Dear Sir/Madam,
2026-06-18 19:15:52 [INFO   ] PROGRESS |   I am reaching out to introduce PlacementHub and explore whether any of your investor, entrepreneur, or
2026-06-18 19:15:52 [INFO   ] PROGRESS |   HNI clients may be open to reviewing a strategic seed opportunity.
2026-06-18 19:15:52 [INFO   ] PROGRESS |   My name is Sandeep Jain. PlacementHub is currently in its pre-seed fundraising stage, and I am
2026-06-18 19:15:52 [INFO   ] PROGRESS |   soliciting strategic seed investment for the same. PlacementHub is a campus placement and employability
2026-06-18 19:15:52 [INFO   ] PROGRESS |   platform connecting students, colleges, and recruiters. The product is built and in early
2026-06-18 19:15:52 [INFO   ] PROGRESS |   commercialization. A brief investment note is linked below.
2026-06-18 19:15:52 [INFO   ] PROGRESS |   For a Chartered Accountant firm, the relevance is mainly professional and strategic:
2026-06-18 19:15:52 [INFO   ] PROGRESS |   PlacementHub may require support across accounting, taxation, compliance, payroll, investor documentation, audit, and related professional services.
2026-06-18 19:15:52 [INFO   ] PROGRESS |   I would naturally be pleased to consider and prioritize firms that support PlacementHub during its early growth phase, subject to suitability and mutual agreement.
2026-06-18 19:15:52 [INFO   ] PROGRESS |   The relationship can begin with a simple review of the investment note and, where appropriate, introductions to suitable investor clients.
2026-06-18 19:15:52 [INFO   ] PROGRESS |   If the opportunity is worth a look, I would be happy to send the note and speak briefly about the round,
2026-06-18 19:15:52 [INFO   ] PROGRESS |   the platform, and the type of strategic investors we are looking for.
2026-06-18 19:15:52 [INFO   ] PROGRESS |   Please reply to this email or call me if you would like to explore it.
2026-06-18 19:15:52 [INFO   ] PROGRESS |   Warm Regards,
2026-06-18 19:15:52 [INFO   ] PROGRESS |   Sandeep Jain
2026-06-18 19:15:52 [INFO   ] PROGRESS |   Founder, PlacementHub
2026-06-18 19:15:52 [INFO   ] PROGRESS |   +91-9860090620
2026-06-18 19:15:52 [INFO   ] PROGRESS |   sandeepjain200019@gmail.com
2026-06-18 19:15:52 [INFO   ] PROGRESS |   Detailed Profile
2026-06-18 19:15:52 [INFO   ] PROGRESS |   Detailed Note on Funding Requirement
2026-06-18 19:15:52 [INFO   ] --------------------------------------------------------------
2026-06-18 19:15:52 [INFO   ] 
2026-06-18 19:15:52 [INFO   ] DRY-RUN would send to casaurabh.jathar@gmail.com (CA. SAURABH SUDHIR JATHAR) via brevo_api from sandeepjain200019@gmail.com | template: funding_intro.html | subject: Seeking Introductions to Potential Seed Investors for PlacementHub
2026-06-18 19:15:52 [INFO   ] PROGRESS | Send 7/8 | DRY-RUN | casaurabh.jathar@gmail.com | CA. SAURABH SUDHIR JATHAR [Chartered Accountants & Company Secretaries] | ok=0 fail=0 skip=7
2026-06-18 19:15:53 [INFO   ] 
2026-06-18 19:15:53 [INFO   ] --------------------------------------------------------------
2026-06-18 19:15:53 [INFO   ] PROGRESS | Email content — To: sanjeevn24@gmail.com
2026-06-18 19:15:53 [INFO   ] PROGRESS | Subject: Seeking Introductions to Potential Seed Investors for PlacementHub
2026-06-18 19:15:53 [INFO   ] PROGRESS | Body:
2026-06-18 19:15:53 [INFO   ] PROGRESS |   Dear Sir/Madam,
2026-06-18 19:15:53 [INFO   ] PROGRESS |   I am reaching out to introduce PlacementHub and explore whether any of your investor, entrepreneur, or
2026-06-18 19:15:53 [INFO   ] PROGRESS |   HNI clients may be open to reviewing a strategic seed opportunity.
2026-06-18 19:15:53 [INFO   ] PROGRESS |   My name is Sandeep Jain. PlacementHub is currently in its pre-seed fundraising stage, and I am
2026-06-18 19:15:53 [INFO   ] PROGRESS |   soliciting strategic seed investment for the same. PlacementHub is a campus placement and employability
2026-06-18 19:15:53 [INFO   ] PROGRESS |   platform connecting students, colleges, and recruiters. The product is built and in early
2026-06-18 19:15:53 [INFO   ] PROGRESS |   commercialization. A brief investment note is linked below.
2026-06-18 19:15:53 [INFO   ] PROGRESS |   For a Chartered Accountant firm, the relevance is mainly professional and strategic:
2026-06-18 19:15:53 [INFO   ] PROGRESS |   PlacementHub may require support across accounting, taxation, compliance, payroll, investor documentation, audit, and related professional services.
2026-06-18 19:15:53 [INFO   ] PROGRESS |   I would naturally be pleased to consider and prioritize firms that support PlacementHub during its early growth phase, subject to suitability and mutual agreement.
2026-06-18 19:15:53 [INFO   ] PROGRESS |   The relationship can begin with a simple review of the investment note and, where appropriate, introductions to suitable investor clients.
2026-06-18 19:15:53 [INFO   ] PROGRESS |   If the opportunity is worth a look, I would be happy to send the note and speak briefly about the round,
2026-06-18 19:15:53 [INFO   ] PROGRESS |   the platform, and the type of strategic investors we are looking for.
2026-06-18 19:15:53 [INFO   ] PROGRESS |   Please reply to this email or call me if you would like to explore it.
2026-06-18 19:15:53 [INFO   ] PROGRESS |   Warm Regards,
2026-06-18 19:15:53 [INFO   ] PROGRESS |   Sandeep Jain
2026-06-18 19:15:53 [INFO   ] PROGRESS |   Founder, PlacementHub
2026-06-18 19:15:53 [INFO   ] PROGRESS |   +91-9860090620
2026-06-18 19:15:53 [INFO   ] PROGRESS |   sandeepjain200019@gmail.com
2026-06-18 19:15:53 [INFO   ] PROGRESS |   Detailed Profile
2026-06-18 19:15:53 [INFO   ] PROGRESS |   Detailed Note on Funding Requirement
2026-06-18 19:15:53 [INFO   ] --------------------------------------------------------------
2026-06-18 19:15:53 [INFO   ] 
2026-06-18 19:15:53 [INFO   ] DRY-RUN would send to sanjeevn24@gmail.com (CA. SANJEEVKUMAR SHAMSUNDAR NAWANDAR) via brevo_api from sandeepjain200019@gmail.com | template: funding_intro.html | subject: Seeking Introductions to Potential Seed Investors for PlacementHub
2026-06-18 19:15:53 [INFO   ] PROGRESS | Send 8/8 | DRY-RUN | sanjeevn24@gmail.com | CA. SANJEEVKUMAR SHAMSUNDAR NAWANDAR [Chartered Accountants & Company Secretaries] | ok=0 fail=0 skip=8
2026-06-18 19:15:53 [INFO   ] Send complete: {'sent': 0, 'failed': 0, 'skipped': 8, 'queue_size': 8, 'ensure_industry': '', 'ensure_min_slots': 0, 'ensure_reserved_in_queue': 0, 'ensure_ca_connect_min': 8, 'ensure_ca_connect_reserved': 8, 'ensure_ca_connect_from_bulk': 8, 'ca_bulk_unsent': 812, 'sent_ca_connect': 0, 'reserved_by_industry': {'company_secretary_firms': 4, 'tax_consultants': 4}, 'reserved_in_queue_by_industry': {'company_secretary_firms': 0, 'tax_consultants': 0}, 'sent_by_industry': {}, 'send_limit': 8}
2026-06-18 19:15:53 [INFO   ] PROGRESS | Done — send finished — 0 sent, 0 failed, 8 skipped
2026-06-18 19:15:53 [INFO   ] 
2026-06-18 19:15:53 [INFO   ] ======================================================================
2026-06-18 19:15:53 [INFO   ]   RUN SUMMARY
2026-06-18 19:15:53 [INFO   ] ======================================================================
2026-06-18 19:15:53 [INFO   ] 
2026-06-18 19:15:53 [INFO   ]   SEND — this run
2026-06-18 19:15:53 [INFO   ]     Recipients queued:               8
2026-06-18 19:15:53 [INFO   ]       Unsent contacts considered this run (send cap: 8 per run).
2026-06-18 19:15:53 [INFO   ]     Queue slots for CA portal:       8 / 8 reserved
2026-06-18 19:15:53 [INFO   ]       Individual CAs from caconnect.icai.org (8 from ca_bulk.db).
2026-06-18 19:15:53 [INFO   ]     Sent to CA portal contacts:      0
2026-06-18 19:15:53 [INFO   ]       Partnership emails to CAs from CA Connect / bulk harvest this run.
2026-06-18 19:15:53 [INFO   ]     Queue slots for company_secretary_firms: 0 / 4 reserved
2026-06-18 19:15:53 [INFO   ]       Company Secretary Firms — minimum send slots per run when contacts are available.
2026-06-18 19:15:53 [INFO   ]     Queue slots for tax_consultants: 0 / 4 reserved
2026-06-18 19:15:53 [INFO   ]       Tax Consultants — minimum send slots per run when contacts are available.
2026-06-18 19:15:53 [INFO   ]     Emails sent successfully:        0
2026-06-18 19:15:53 [INFO   ]       Partnership / funding intro emails delivered via Brevo this run.
2026-06-18 19:15:53 [INFO   ]     Send failures:                   0
2026-06-18 19:15:53 [INFO   ]       Brevo API or transport errors (not counted as sent).
2026-06-18 19:15:53 [INFO   ]     Skipped:                         8
2026-06-18 19:15:53 [INFO   ]       Dry-run previews or recipients already marked sent in the database.
2026-06-18 19:15:54 [INFO   ] 
2026-06-18 19:15:54 [INFO   ]   DATABASE — cumulative (all runs)
2026-06-18 19:15:54 [INFO   ]     Companies stored:                1259
2026-06-18 19:15:54 [INFO   ]       All scraped organisations across every industry vertical.
2026-06-18 19:15:54 [INFO   ]     Companies with email:            1013
2026-06-18 19:15:54 [INFO   ]       Records with email_status = found (ready or already used for outreach).
2026-06-18 19:15:54 [INFO   ]     Email addresses on file:         8981
2026-06-18 19:15:54 [INFO   ]       Total rows in company_emails (one company may have several).
2026-06-18 19:15:54 [INFO   ]     Emails sent (lifetime):          0
2026-06-18 19:15:54 [INFO   ]       Unique recipients successfully emailed at least once.
2026-06-18 19:15:54 [INFO   ]     Send failures (lifetime):        0
2026-06-18 19:15:54 [INFO   ]       Recipients with a failed status in email_sent.
2026-06-18 19:15:54 [INFO   ]     Replies forwarded (lifetime):    0
2026-06-18 19:15:54 [INFO   ]       Human replies forwarded to your Gmail.
2026-06-18 19:15:54 [INFO   ]     Ready to send (now):             873
2026-06-18 19:15:54 [INFO   ]       Unsent contacts still in the outbound queue for future runs.
2026-06-18 19:15:54 [INFO   ]     Google queries pending:          43
2026-06-18 19:15:54 [INFO   ]       Unused search queries waiting for future scrape runs.
2026-06-18 19:15:54 [INFO   ]     Unsent CA portal contacts:       812
2026-06-18 19:15:54 [INFO   ]       812 in ca_bulk.db, 0 in immigration.db (caconnect.icai.org).
2026-06-18 19:15:54 [INFO   ]     Companies by industry (with email / total):
2026-06-18 19:15:54 [INFO   ]       NBFC & Banks (Campus Hiring)     41 / 62
2026-06-18 19:15:54 [INFO   ]       Chartered Accountants & Company Secretaries 121 / 129
2026-06-18 19:15:54 [INFO   ]       Coaching & Test Prep             84 / 98
2026-06-18 19:15:54 [INFO   ]       Company Secretary Firms          31 / 36
2026-06-18 19:15:54 [INFO   ]       Corporate CSR Programs           55 / 71
2026-06-18 19:15:54 [INFO   ]       EdTech Companies                 72 / 90
2026-06-18 19:15:54 [INFO   ]       Student Loan / Education Finance 51 / 64
2026-06-18 19:15:54 [INFO   ]       HRTech Companies                 59 / 88
2026-06-18 19:15:54 [INFO   ]       Insurance (Campus & Graduate Hiring) 42 / 59
2026-06-18 19:15:54 [INFO   ]       Law Firms & Lawyers              98 / 126
2026-06-18 19:15:54 [INFO   ]       Overseas Education / Immigration 83 / 104
2026-06-18 19:15:54 [INFO   ]       Recruitment & Staffing Firms     66 / 86
2026-06-18 19:15:54 [INFO   ]       Tax Consultants                  62 / 78
2026-06-18 19:15:54 [INFO   ]       Training & Finishing Schools     105 / 117
2026-06-18 19:15:54 [INFO   ]       Wealth Managers & Investment Advisors 43 / 51
2026-06-18 19:15:54 [INFO   ] ======================================================================
2026-06-18 19:15:54 [INFO   ] 
