2026-06-13 15:57:12 [INFO   ] Log file: C:\Users\sandeep\Downloads\Claudes\investment\logs\immigration_2026-06-13_15-57-12.log
2026-06-13 15:57:12 [INFO   ] === Checking inboxes for human replies ===
2026-06-13 15:57:12 [INFO   ] Reply check: forward_to=sandeepjain200019@gmail.com lookback=30d campaign_subject_bases=1
2026-06-13 15:57:12 [INFO   ] Known sent recipients: 70 | stored Message-IDs: 64
2026-06-13 15:57:12 [INFO   ] Checking inbox: jain1001sandeep@gmail.com
2026-06-13 15:57:15 [INFO   ]   jain1001sandeep@gmail.com: 21 INBOX message(s) in last 30 days
2026-06-13 15:57:15 [DEBUG  ]   Skip (system_or_autoreply): =?UTF-8?Q?Quarterly_reminder_about_YouTube=E2=80=9
2026-06-13 15:57:16 [DEBUG  ]   Skip (system_or_autoreply): Reminder: Information Technology Rules
2026-06-13 15:57:16 [DEBUG  ]   Skip (system_or_autoreply): Quarterly reminder about Google Play terms and pol
2026-06-13 15:57:16 [DEBUG  ]   Skip (system_or_autoreply): Security alert
2026-06-13 15:57:17 [DEBUG  ]   Skip (system_or_autoreply): =?Windows-1252?Q?Undeliverable:_Delivery_&_Project
2026-06-13 15:57:17 [DEBUG  ]   Skip (system_or_autoreply): Security alert
2026-06-13 15:57:17 [DEBUG  ]   Skip (system_or_autoreply): Security alert
2026-06-13 15:57:18 [DEBUG  ]   Skip (system_or_autoreply): Delivery Status Notification (Failure)
2026-06-13 15:57:18 [DEBUG  ]   Skip (no_correlation): =?utf-8?B?V2hhdOKAmXMgbmV3IGluIENsaWNrVXA6IEFJIG1l
2026-06-13 15:57:19 [DEBUG  ]   Skip (system_or_autoreply): Get an exclusive discount when you complete sign-u
2026-06-13 15:57:19 [DEBUG  ]   Skip (no_correlation): New Case # 04595704 Creation Notification
2026-06-13 15:57:19 [DEBUG  ]   Skip (system_or_autoreply): Delivery Status Notification (Failure)
2026-06-13 15:57:20 [DEBUG  ]   Skip (no_correlation): Ticket # 04595704 Closed Notification
2026-06-13 15:57:20 [INFO   ]   NVIDIA borderline: info@msajobsonline.com | Thank you for your mail
2026-06-13 15:57:20 [INFO   ] Loaded 41 NVIDIA API key(s) for rotation.
2026-06-13 15:57:22 [INFO   ]     NVIDIA -> forward=False reason=Polite acknowledgement but lacks engagement or interest, appears to be a generic response redirecting to their website
2026-06-13 15:57:22 [DEBUG  ]   Skip (system_or_autoreply): Delivery Status Notification (Failure)
2026-06-13 15:57:23 [DEBUG  ]   Skip (system_or_autoreply): Delivery Status Notification (Failure)
2026-06-13 15:57:23 [DEBUG  ]   Skip (system_or_autoreply): Get started with Google Antigravity
2026-06-13 15:57:23 [DEBUG  ]   Skip (system_or_autoreply): Ticket Received - #699294 - Exploring a potential 
2026-06-13 15:57:24 [DEBUG  ]   Skip (system_or_autoreply): Delivery Status Notification (Failure)
2026-06-13 15:57:24 [DEBUG  ]   Skip (system_or_autoreply): Delivery Status Notification (Failure)
2026-06-13 15:57:24 [DEBUG  ]   Skip (system_or_autoreply): Delivery Status Notification (Failure)
2026-06-13 15:57:25 [INFO   ] Reply check complete: {'scanned': 21, 'forwarded': 0, 'skipped': 21, 'nvidia': 1, 'errors': 0}
2026-06-13 15:57:25 [INFO   ] Reply check: {'scanned': 21, 'forwarded': 0, 'skipped': 21, 'nvidia': 1, 'errors': 0}
2026-06-13 15:57:25 [INFO   ] Send transport: Brevo API (config: C:\Users\sandeep\Downloads\Claudes\SmallNotFrequent\Scrape_aishe\mail_config.json, template: C:\Users\sandeep\Downloads\Claudes\investment\partnership.html)
2026-06-13 15:57:25 [INFO   ] Sending up to 10 email(s) this run (emails_per_run).
2026-06-13 15:57:27 [INFO   ] SENT (Brevo) -> info@firstacademy.in (IDP's Referral Partners in India) | Exploring a potential partnership opportunity with ieltsidpindia.com | messageId=<202606131027.76005026192@smtp-relay.mailin.fr>
2026-06-13 15:57:39 [INFO   ] SENT (Brevo) -> info@languageacademy.com.aucall (Contact LA Language Academy in India) | Exploring a potential partnership opportunity with lalanguageacademy.in | messageId=<202606131027.34789299185@smtp-relay.mailin.fr>
2026-06-13 15:57:47 [INFO   ] SENT (Brevo) -> contact@eduquest.org.in (Aptech Learning by EduQuest) | Exploring a potential partnership opportunity with eduquest.org.in | messageId=<202606131027.72710635548@smtp-relay.mailin.fr>
2026-06-13 15:57:59 [INFO   ] SENT (Brevo) -> contact@talentcorner.in (Talent Corner) | Exploring a potential partnership opportunity with talentcorner.in | messageId=<202606131027.20580093342@smtp-relay.mailin.fr>
2026-06-13 15:58:09 [INFO   ] SENT (Brevo) -> contact@ufaber.com (Best PTE Coaching In India: Fees, Contact, Reviews) | Exploring a potential partnership opportunity with collegedunia.com | messageId=<202606131028.39705608677@smtp-relay.mailin.fr>
2026-06-13 15:58:29 [INFO   ] SENT (Brevo) -> contact@respiregroup.com (CSR Partnerships) | Exploring a potential partnership opportunity with respirelearning.com | messageId=<202606131028.18881511930@smtp-relay.mailin.fr>
2026-06-13 15:58:48 [INFO   ] SENT (Brevo) -> contact@relianceada.com (Education Programmes) | Exploring a potential partnership opportunity with reliancegroupindia.com | messageId=<202606131028.12374792068@smtp-relay.mailin.fr>
2026-06-13 15:59:01 [INFO   ] SENT (Brevo) -> info.bglr@dm-consultant.com (Poland Work Visa Assistance) | Exploring a potential partnership opportunity with dm-consultant.in | messageId=<202606131029.20573265672@smtp-relay.mailin.fr>
2026-06-13 15:59:36 [WARNING] NVIDIA call failed (attempt 1/5): The read operation timed out — rotating key.
2026-06-13 15:59:41 [INFO   ] SENT (Brevo) -> contactus@gttconnect.com (CSR-led Skills Development Programs Transforming Lives) | Exploring a potential partnership opportunity with gttconnect.com | messageId=<202606131029.64035571671@smtp-relay.mailin.fr>
2026-06-13 15:59:51 [INFO   ] SENT (Brevo) -> info.trainingindia@gmail.com (Training India) | Exploring a potential partnership opportunity with training-india.com | messageId=<202606131029.94596715656@smtp-relay.mailin.fr>
2026-06-13 15:59:56 [INFO   ] Send complete: {'sent': 10, 'failed': 0, 'skipped': 0}
2026-06-13 15:59:56 [INFO   ] 
2026-06-13 15:59:56 [INFO   ] ==============================================================
2026-06-13 15:59:56 [INFO   ]   RUN SUMMARY
2026-06-13 15:59:56 [INFO   ] ==============================================================
2026-06-13 15:59:56 [INFO   ]   Replies (this run)
2026-06-13 15:59:56 [INFO   ]     Reply check:              skipped
2026-06-13 15:59:56 [INFO   ]   Send (this run)
2026-06-13 15:59:56 [INFO   ]     Emails sent:              10
2026-06-13 15:59:56 [INFO   ]     Send failed:              0
2026-06-13 15:59:56 [INFO   ]     Skipped (dry-run/already): 0
2026-06-13 15:59:56 [INFO   ]   Database totals (all runs)
2026-06-13 15:59:56 [INFO   ]     Companies in database:    161
2026-06-13 15:59:56 [INFO   ]     Companies with email:     132
2026-06-13 15:59:56 [INFO   ]     Emails scraped (total):   2125
2026-06-13 15:59:56 [INFO   ]     Emails sent (total):      80
2026-06-13 15:59:56 [INFO   ]     Replies forwarded (total): 0
2026-06-13 15:59:56 [INFO   ] ==============================================================
2026-06-13 15:59:56 [INFO   ] 
