2026-06-13 10:43:21 [INFO   ] Log file: C:\Users\sandeep\Downloads\Claudes\investment\logs\immigration_2026-06-13_10-43-21.log
2026-06-13 10:43:21 [INFO   ] Scrape targets: up to 50 companies, stop early after 2 company(ies) with email
2026-06-13 10:43:21 [INFO   ] Industry selection: random order on each query pick (distributes across verticals)
2026-06-13 10:43:22 [INFO   ] Using browser: chrome
2026-06-13 10:43:22 [INFO   ] Industry: alumni_fundraising | Query: alumni association education India contact
2026-06-13 10:43:22 [INFO   ] Google search: alumni association education India contact
2026-06-13 10:43:28 [INFO   ]   Found 9 unique result(s).
2026-06-13 10:43:28 [INFO   ] Scraping Alumni Association (https://iieshimla.in/?page_id=443)
2026-06-13 10:43:30 [INFO   ]   Email found: iieshimla11@gmail.com
2026-06-13 10:43:30 [INFO   ] Scraping Alumni Association (https://tilakcollegeofeducation.edu.in/alumni-association/)
2026-06-13 10:43:37 [INFO   ]   Email found: tilakcollege1941@gmail.com
2026-06-13 10:43:37 [INFO   ] Scraping IITBAA (https://www.iitbombay.org/page/iitbaa)
2026-06-13 10:43:41 [INFO   ]   Email found: iitbhf-group@iitbombay.org
2026-06-13 10:43:41 [INFO   ]   Email found: iitbaa.office-group@iitbombay.org
2026-06-13 10:43:41 [INFO   ]   Email found: webmaster@iitbombay.org
2026-06-13 10:43:41 [INFO   ] Scraping Alumni Association Of India (AAAI) (https://www.npcindia.gov.in/NPC/User/aaai_services)
2026-06-13 10:43:46 [INFO   ]   Email found: npcinfo@npcindia.gov.in
2026-06-13 10:43:46 [INFO   ] Scraping alumni association of ice(i) (https://www.ice.net.in/alumini.html)
2026-06-13 10:43:48 [INFO   ]   Email found: info@ice.net.in
2026-06-13 10:43:48 [INFO   ] Scraping SIES SBS Alumni Association (https://siessbs.edu.in/alumni-association)
2026-06-13 10:43:52 [INFO   ]   Email found: ssbsadmissions@sies.edu.in
2026-06-13 10:43:52 [INFO   ] Scraping Alumni Association (https://abalawcollege.edu.in/alumni-association-3/)
2026-06-13 10:44:01 [INFO   ]   Email found: abacollegeoflaw@gmail.com
2026-06-13 10:44:01 [INFO   ] Scraping Alumni Association (SIIETAA) (https://siiet.ac.in/alumni/alumni-association-siietaa/)
2026-06-13 10:44:08 [INFO   ]   Email found: principalsiiet@gmail.com
2026-06-13 10:44:08 [INFO   ]   Email found: admissions@siiet.ac.in
2026-06-13 10:44:08 [INFO   ]   Email found: krishnamurthykvs@siiet.ac.in
2026-06-13 10:44:08 [INFO   ]   Email found: rvenkat@siiet.ac.in
2026-06-13 10:44:08 [INFO   ]   Email found: corporaterelations@siiet.ac.in
2026-06-13 10:44:08 [INFO   ]   Email found: principal@siiet.ac.in
2026-06-13 10:44:08 [INFO   ] Scraping About Alumni Association (https://isbalum.org/about-alumni-association/)
2026-06-13 10:44:10 [INFO   ]   Email found: alumni_association@isb.edu
2026-06-13 10:44:10 [INFO   ] Email target reached (9 companies with email, goal 2) — stopping scrape.
2026-06-13 10:44:10 [INFO   ] Scrape complete: {'queries_run': 1, 'companies_scraped': 9, 'companies_with_email': 9, 'emails_found': 16, 'email_target': 2, 'max_companies': 50, 'browser_used': 'chrome', 'industry_filter': 'all'}
2026-06-13 10:44:10 [INFO   ] === Checking inboxes for human replies ===
2026-06-13 10:44:10 [INFO   ] Reply check: forward_to=sandeepjain200019@gmail.com lookback=30d campaign_subject_bases=1
2026-06-13 10:44:10 [INFO   ] Known sent recipients: 46 | stored Message-IDs: 40
2026-06-13 10:44:10 [INFO   ] Checking inbox: jain1001sandeep@gmail.com
2026-06-13 10:44:12 [INFO   ]   jain1001sandeep@gmail.com: 17 INBOX message(s) in last 30 days
2026-06-13 10:44:12 [DEBUG  ]   Skip (system_or_autoreply): =?UTF-8?Q?Quarterly_reminder_about_YouTube=E2=80=9
2026-06-13 10:44:12 [DEBUG  ]   Skip (system_or_autoreply): Reminder: Information Technology Rules
2026-06-13 10:44:13 [DEBUG  ]   Skip (system_or_autoreply): Quarterly reminder about Google Play terms and pol
2026-06-13 10:44:13 [DEBUG  ]   Skip (system_or_autoreply): Security alert
2026-06-13 10:44:13 [DEBUG  ]   Skip (system_or_autoreply): =?Windows-1252?Q?Undeliverable:_Delivery_&_Project
2026-06-13 10:44:14 [DEBUG  ]   Skip (system_or_autoreply): Security alert
2026-06-13 10:44:14 [DEBUG  ]   Skip (system_or_autoreply): Security alert
2026-06-13 10:44:14 [DEBUG  ]   Skip (system_or_autoreply): Delivery Status Notification (Failure)
2026-06-13 10:44:15 [DEBUG  ]   Skip (no_correlation): =?utf-8?B?V2hhdOKAmXMgbmV3IGluIENsaWNrVXA6IEFJIG1l
2026-06-13 10:44:15 [DEBUG  ]   Skip (system_or_autoreply): Get an exclusive discount when you complete sign-u
2026-06-13 10:44:15 [DEBUG  ]   Skip (no_correlation): New Case # 04595704 Creation Notification
2026-06-13 10:44:16 [DEBUG  ]   Skip (system_or_autoreply): Delivery Status Notification (Failure)
2026-06-13 10:44:16 [DEBUG  ]   Skip (no_correlation): Ticket # 04595704 Closed Notification
2026-06-13 10:44:16 [INFO   ]   NVIDIA borderline: info@msajobsonline.com | Thank you for your mail
2026-06-13 10:44:16 [INFO   ] Loaded 41 NVIDIA API key(s) for rotation.
2026-06-13 10:44:31 [INFO   ]     NVIDIA -> forward=False reason=The response acknowledges the original email, but the content suggests an automated or templated reply, and the tone is generic. The inclusion of a URL for uploading a CV also implies a potential automated response or a standard reply.
2026-06-13 10:44:31 [DEBUG  ]   Skip (system_or_autoreply): Delivery Status Notification (Failure)
2026-06-13 10:44:31 [DEBUG  ]   Skip (system_or_autoreply): Delivery Status Notification (Failure)
2026-06-13 10:44:32 [DEBUG  ]   Skip (system_or_autoreply): Get started with Google Antigravity
2026-06-13 10:44:32 [INFO   ] Reply check complete: {'scanned': 17, 'forwarded': 0, 'skipped': 17, 'nvidia': 1, 'errors': 0}
2026-06-13 10:44:32 [INFO   ] Reply check: {'scanned': 17, 'forwarded': 0, 'skipped': 17, 'nvidia': 1, 'errors': 0}
2026-06-13 10:44:32 [INFO   ] Sending up to 2 email(s) this run (emails_per_run).
2026-06-13 10:44:37 [INFO   ] SENT -> info@aahvishkaar.com (CSR Program Partner ::- aahvishkaar) | Exploring a potential partnership opportunity with aahvishkaar.com
2026-06-13 10:44:58 [INFO   ] SENT -> info@ice.net.in (alumni association of ice(i)) | Exploring a potential partnership opportunity with ice.net.in
2026-06-13 10:45:03 [INFO   ] Send complete: {'sent': 2, 'failed': 0, 'skipped': 0}
2026-06-13 10:45:03 [INFO   ] 
2026-06-13 10:45:03 [INFO   ] ==============================================================
2026-06-13 10:45:03 [INFO   ]   RUN SUMMARY
2026-06-13 10:45:03 [INFO   ] ==============================================================
2026-06-13 10:45:03 [INFO   ]   Scrape (this run)
2026-06-13 10:45:03 [INFO   ]     Companies scraped:        9
2026-06-13 10:45:03 [INFO   ]     Companies with email:     9
2026-06-13 10:45:03 [INFO   ]     Emails scraped/found:     16
2026-06-13 10:45:03 [INFO   ]     Search queries run:       1
2026-06-13 10:45:03 [INFO   ]     Browser used:             chrome
2026-06-13 10:45:03 [INFO   ]   Replies (this run)
2026-06-13 10:45:03 [INFO   ]     Reply check:              skipped
2026-06-13 10:45:03 [INFO   ]   Send (this run)
2026-06-13 10:45:03 [INFO   ]     Emails sent:              2
2026-06-13 10:45:03 [INFO   ]     Send failed:              0
2026-06-13 10:45:03 [INFO   ]     Skipped (dry-run/already): 0
2026-06-13 10:45:03 [INFO   ]   Database totals (all runs)
2026-06-13 10:45:03 [INFO   ]     Companies in database:    116
2026-06-13 10:45:03 [INFO   ]     Companies with email:     103
2026-06-13 10:45:03 [INFO   ]     Emails scraped (total):   275
2026-06-13 10:45:03 [INFO   ]     Emails sent (total):      48
2026-06-13 10:45:03 [INFO   ]     Replies forwarded (total): 0
2026-06-13 10:45:03 [INFO   ] ==============================================================
2026-06-13 10:45:03 [INFO   ] 
