2026-06-13 10:56:42 [INFO   ] Log file: C:\Users\sandeep\Downloads\Claudes\investment\logs\immigration_2026-06-13_10-56-42.log
2026-06-13 10:56:42 [INFO   ] Scrape targets: up to 50 companies, stop early after 2 company(ies) with email
2026-06-13 10:56:42 [INFO   ] Industry selection: random order on each query pick (distributes across verticals)
2026-06-13 10:56:42 [INFO   ] Using browser: chrome
2026-06-13 10:56:43 [INFO   ] Industry: edtech | Query: professional certification provider India email
2026-06-13 10:56:43 [INFO   ] Google search: professional certification provider India email
2026-06-13 10:56:49 [INFO   ]   Found 0 unique result(s).
2026-06-13 10:56:49 [INFO   ] Industry: hrtech | Query: applicant tracking system India contact
2026-06-13 10:56:49 [INFO   ] Google search: applicant tracking system India contact
2026-06-13 10:56:53 [INFO   ]   Found 0 unique result(s).
2026-06-13 10:56:53 [INFO   ] Industry: edtech | Query: EdTech career readiness platform India
2026-06-13 10:56:53 [INFO   ] Google search: EdTech career readiness platform India
2026-06-13 10:56:58 [INFO   ]   Found 0 unique result(s).
2026-06-13 10:56:58 [INFO   ] Industry: training_finishing_schools | Query: campus placement training provider India
2026-06-13 10:56:58 [INFO   ] Google search: campus placement training provider India
2026-06-13 10:57:04 [INFO   ]   Found 0 unique result(s).
2026-06-13 10:57:04 [INFO   ] Industry: edtech | Query: online learning platform employability India
2026-06-13 10:57:04 [INFO   ] Google search: online learning platform employability India
2026-06-13 10:57:08 [INFO   ]   Found 0 unique result(s).
2026-06-13 10:57:08 [INFO   ] Industry: education_finance | Query: income sharing education finance India
2026-06-13 10:57:08 [INFO   ] Google search: income sharing education finance India
2026-06-13 10:57:12 [INFO   ]   Found 0 unique result(s).
2026-06-13 10:57:12 [INFO   ] Industry: hrtech | Query: hiring assessment platform India email
2026-06-13 10:57:12 [INFO   ] Google search: hiring assessment platform India email
2026-06-13 10:57:17 [INFO   ]   Found 0 unique result(s).
2026-06-13 10:57:17 [INFO   ] Industry: training_finishing_schools | Query: career training institute graduate India contact
2026-06-13 10:57:17 [INFO   ] Google search: career training institute graduate India contact
2026-06-13 10:57:21 [INFO   ]   Found 0 unique result(s).
2026-06-13 10:57:21 [INFO   ] Industry: recruitment_staffing | Query: IT staffing company graduate hiring
2026-06-13 10:57:21 [INFO   ] Google search: IT staffing company graduate hiring
2026-06-13 10:57:25 [INFO   ]   Found 0 unique result(s).
2026-06-13 10:57:25 [INFO   ] Industry: alumni_fundraising | Query: educational trust fundraising India email
2026-06-13 10:57:25 [INFO   ] Google search: educational trust fundraising India email
2026-06-13 10:57:29 [INFO   ]   Found 0 unique result(s).
2026-06-13 10:57:29 [INFO   ] Industry: edtech | Query: skill development EdTech company India contact
2026-06-13 10:57:29 [INFO   ] Google search: skill development EdTech company India contact
2026-06-13 10:57:33 [INFO   ]   Found 0 unique result(s).
2026-06-13 10:57:33 [INFO   ] Industry: recruitment_staffing | Query: talent acquisition founder staffing company
2026-06-13 10:57:33 [INFO   ] Google search: talent acquisition founder staffing company
2026-06-13 10:57:37 [INFO   ]   Found 0 unique result(s).
2026-06-13 10:57:37 [INFO   ] Industry: overseas_education_immigration | Query: Global mobility services India overseas education
2026-06-13 10:57:37 [INFO   ] Google search: Global mobility services India overseas education
2026-06-13 10:57:41 [INFO   ]   Found 0 unique result(s).
2026-06-13 10:57:41 [INFO   ] Industry: education_finance | Query: Avanse education loan partner contact
2026-06-13 10:57:41 [INFO   ] Google search: Avanse education loan partner contact
2026-06-13 10:57:45 [INFO   ]   Found 0 unique result(s).
2026-06-13 10:57:45 [INFO   ] Industry: corporate_csr | Query: bank CSR education initiative India email
2026-06-13 10:57:45 [INFO   ] Google search: bank CSR education initiative India email
2026-06-13 10:57:49 [INFO   ]   Found 0 unique result(s).
2026-06-13 10:57:49 [INFO   ] Industry: corporate_csr | Query: manufacturing company CSR training India
2026-06-13 10:57:49 [INFO   ] Google search: manufacturing company CSR training India
2026-06-13 10:57:52 [INFO   ]   Found 0 unique result(s).
2026-06-13 10:57:52 [INFO   ] Industry: alumni_fundraising | Query: alumni engagement platform India contact
2026-06-13 10:57:52 [INFO   ] Google search: alumni engagement platform India contact
2026-06-13 10:57:56 [INFO   ]   Found 0 unique result(s).
2026-06-13 10:57:56 [INFO   ] Industry: recruitment_staffing | Query: campus hiring solutions provider India
2026-06-13 10:57:56 [INFO   ] Google search: campus hiring solutions provider India
2026-06-13 10:58:00 [INFO   ]   Found 0 unique result(s).
2026-06-13 10:58:00 [INFO   ] Industry: hrtech | Query: hiring marketplace campus India contact
2026-06-13 10:58:00 [INFO   ] Google search: hiring marketplace campus India contact
2026-06-13 10:58:04 [INFO   ]   Found 0 unique result(s).
2026-06-13 10:58:04 [INFO   ] Industry: recruitment_staffing | Query: recruitment entrepreneur India contact email
2026-06-13 10:58:04 [INFO   ] Google search: recruitment entrepreneur India contact email
2026-06-13 10:58:08 [INFO   ]   Found 0 unique result(s).
2026-06-13 10:58:08 [INFO   ] Reached max_queries cap (20) for this run.
2026-06-13 10:58:08 [INFO   ] Scrape complete: {'queries_run': 20, 'companies_scraped': 0, 'companies_with_email': 0, 'emails_found': 0, 'email_target': 2, 'max_companies': 50, 'browser_used': 'chrome', 'industry_filter': 'all'}
2026-06-13 10:58:08 [INFO   ] === Checking inboxes for human replies ===
2026-06-13 10:58:08 [INFO   ] Reply check: forward_to=sandeepjain200019@gmail.com lookback=30d campaign_subject_bases=1
2026-06-13 10:58:08 [INFO   ] Known sent recipients: 48 | stored Message-IDs: 42
2026-06-13 10:58:08 [INFO   ] Checking inbox: jain1001sandeep@gmail.com
2026-06-13 10:58:09 [INFO   ]   jain1001sandeep@gmail.com: 17 INBOX message(s) in last 30 days
2026-06-13 10:58:10 [DEBUG  ]   Skip (system_or_autoreply): =?UTF-8?Q?Quarterly_reminder_about_YouTube=E2=80=9
2026-06-13 10:58:10 [DEBUG  ]   Skip (system_or_autoreply): Reminder: Information Technology Rules
2026-06-13 10:58:10 [DEBUG  ]   Skip (system_or_autoreply): Quarterly reminder about Google Play terms and pol
2026-06-13 10:58:11 [DEBUG  ]   Skip (system_or_autoreply): Security alert
2026-06-13 10:58:11 [DEBUG  ]   Skip (system_or_autoreply): =?Windows-1252?Q?Undeliverable:_Delivery_&_Project
2026-06-13 10:58:11 [DEBUG  ]   Skip (system_or_autoreply): Security alert
2026-06-13 10:58:12 [DEBUG  ]   Skip (system_or_autoreply): Security alert
2026-06-13 10:58:12 [DEBUG  ]   Skip (system_or_autoreply): Delivery Status Notification (Failure)
2026-06-13 10:58:13 [DEBUG  ]   Skip (no_correlation): =?utf-8?B?V2hhdOKAmXMgbmV3IGluIENsaWNrVXA6IEFJIG1l
2026-06-13 10:58:13 [DEBUG  ]   Skip (system_or_autoreply): Get an exclusive discount when you complete sign-u
2026-06-13 10:58:13 [DEBUG  ]   Skip (no_correlation): New Case # 04595704 Creation Notification
2026-06-13 10:58:14 [DEBUG  ]   Skip (system_or_autoreply): Delivery Status Notification (Failure)
2026-06-13 10:58:14 [DEBUG  ]   Skip (no_correlation): Ticket # 04595704 Closed Notification
2026-06-13 10:58:14 [INFO   ]   NVIDIA borderline: info@msajobsonline.com | Thank you for your mail
2026-06-13 10:58:14 [INFO   ] Loaded 41 NVIDIA API key(s) for rotation.
2026-06-13 10:58:20 [INFO   ]     NVIDIA -> forward=False reason=Polite acknowledgement but lacks engagement or interest, appears to be a generic response redirecting to their website.
2026-06-13 10:58:20 [DEBUG  ]   Skip (system_or_autoreply): Delivery Status Notification (Failure)
2026-06-13 10:58:20 [DEBUG  ]   Skip (system_or_autoreply): Delivery Status Notification (Failure)
2026-06-13 10:58:21 [DEBUG  ]   Skip (system_or_autoreply): Get started with Google Antigravity
2026-06-13 10:58:21 [INFO   ] Reply check complete: {'scanned': 17, 'forwarded': 0, 'skipped': 17, 'nvidia': 1, 'errors': 0}
2026-06-13 10:58:21 [INFO   ] Reply check: {'scanned': 17, 'forwarded': 0, 'skipped': 17, 'nvidia': 1, 'errors': 0}
2026-06-13 10:58:21 [INFO   ] Sending up to 2 email(s) this run (emails_per_run).
2026-06-13 10:58:35 [INFO   ] SENT -> contact@nsdcinternational.com (National Skill Development Corporation (NSDC)) | Exploring a potential partnership opportunity with nsdcindia.org
2026-06-13 10:58:45 [INFO   ] SENT -> contact@sdib.in (Soft Skills) | Exploring a potential partnership opportunity with sdibhubaneswar.co.in
2026-06-13 10:58:50 [INFO   ] Send complete: {'sent': 2, 'failed': 0, 'skipped': 0}
2026-06-13 10:58:50 [INFO   ] 
2026-06-13 10:58:50 [INFO   ] ==============================================================
2026-06-13 10:58:50 [INFO   ]   RUN SUMMARY
2026-06-13 10:58:50 [INFO   ] ==============================================================
2026-06-13 10:58:50 [INFO   ]   Scrape (this run)
2026-06-13 10:58:50 [INFO   ]     Companies scraped:        0
2026-06-13 10:58:50 [INFO   ]     Companies with email:     0
2026-06-13 10:58:50 [INFO   ]     Emails scraped/found:     0
2026-06-13 10:58:50 [INFO   ]     Search queries run:       20
2026-06-13 10:58:50 [INFO   ]     Browser used:             chrome
2026-06-13 10:58:50 [INFO   ]   Replies (this run)
2026-06-13 10:58:50 [INFO   ]     Reply check:              skipped
2026-06-13 10:58:50 [INFO   ]   Send (this run)
2026-06-13 10:58:50 [INFO   ]     Emails sent:              2
2026-06-13 10:58:50 [INFO   ]     Send failed:              0
2026-06-13 10:58:50 [INFO   ]     Skipped (dry-run/already): 0
2026-06-13 10:58:50 [INFO   ]   Database totals (all runs)
2026-06-13 10:58:50 [INFO   ]     Companies in database:    116
2026-06-13 10:58:50 [INFO   ]     Companies with email:     103
2026-06-13 10:58:50 [INFO   ]     Emails scraped (total):   275
2026-06-13 10:58:50 [INFO   ]     Emails sent (total):      50
2026-06-13 10:58:50 [INFO   ]     Replies forwarded (total): 0
2026-06-13 10:58:50 [INFO   ] ==============================================================
2026-06-13 10:58:50 [INFO   ] 
