2026-06-18 20:02:23 [INFO   ] Log file: C:\Users\sandeep\Downloads\Claudes\investment\logs\immigration_2026-06-18_20-02-23.log
2026-06-18 20:02:23 [INFO   ] INTERLEAVED log line 0
2026-06-18 20:02:23 [INFO   ] --------------------------------------------------------------
2026-06-18 20:02:23 [INFO   ] PROGRESS | Email content — To: test@example.com
2026-06-18 20:02:23 [INFO   ] PROGRESS | Subject: Test subject
2026-06-18 20:02:23 [INFO   ] PROGRESS | Body:
2026-06-18 20:02:23 [INFO   ] PROGRESS |   Dear Sir/Madam,
2026-06-18 20:02:23 [INFO   ] PROGRESS |   I am reaching out to introduce PlacementHub and explore whether any of your investor, entrepreneur, or
2026-06-18 20:02:23 [INFO   ] INTERLEAVED log line 1
2026-06-18 20:02:23 [INFO   ] PROGRESS |   HNI clients may be open to reviewing a strategic seed opportunity.
2026-06-18 20:02:23 [INFO   ] PROGRESS |   My name is Sandeep Jain. PlacementHub is currently in its pre-seed fundraising stage, and I am
2026-06-18 20:02:23 [INFO   ] PROGRESS |   soliciting strategic seed investment for the same. PlacementHub is a campus placement and employability
2026-06-18 20:02:23 [INFO   ] PROGRESS |   platform connecting students, colleges, and recruiters. The product is built and in early
2026-06-18 20:02:23 [INFO   ] PROGRESS |   commercialization. A brief investment note is linked below.
2026-06-18 20:02:23 [INFO   ] PROGRESS |   For a Chartered Accountant firm, the relevance is mainly professional and strategic:
2026-06-18 20:02:23 [INFO   ] PROGRESS |   PlacementHub may require support across accounting, taxation, compliance, payroll, investor documentation, audit, and related professional services.
2026-06-18 20:02:23 [INFO   ] PROGRESS |   I would naturally be pleased to consider and prioritize firms that support PlacementHub during its early growth phase, subject to suitability and mutual agreement.
2026-06-18 20:02:23 [INFO   ] PROGRESS |   The relationship can begin with a simple review of the investment note and, where appropriate, introductions to suitable investor clients.
2026-06-18 20:02:23 [INFO   ] PROGRESS |   If the opportunity is worth a look, I would be happy to send the note and speak briefly about the round,
2026-06-18 20:02:23 [INFO   ] PROGRESS |   the platform, and the type of strategic investors we are looking for.
2026-06-18 20:02:23 [INFO   ] PROGRESS |   Please reply to this email or call me if you would like to explore it.
2026-06-18 20:02:23 [INFO   ] PROGRESS |   Warm Regards,
2026-06-18 20:02:23 [INFO   ] PROGRESS |   Sandeep Jain
2026-06-18 20:02:23 [INFO   ] PROGRESS |   Founder, PlacementHub
2026-06-18 20:02:23 [INFO   ] PROGRESS |   +91-9860090620
2026-06-18 20:02:23 [INFO   ] PROGRESS |   sandeepjain200019@gmail.com
2026-06-18 20:02:23 [INFO   ] PROGRESS |   Detailed Profile
2026-06-18 20:02:23 [INFO   ] --------------------------------------------------------------
2026-06-18 20:02:23 [INFO   ] 
2026-06-18 20:02:23 [INFO   ] 
2026-06-18 20:02:23 [INFO   ] PROGRESS | Email preview — To: test@example.com | Subject: Test subject
2026-06-18 20:02:23 [INFO   ] INTERLEAVED log line 2
2026-06-18 20:02:23 [INFO   ] INTERLEAVED log line 3
2026-06-18 20:02:23 [INFO   ] INTERLEAVED log line 4
