2026-06-17 15:46:52 [INFO   ] Log file: C:\Users\sandeep\Downloads\Claudes\investment\logs\immigration_2026-06-17_15-46-52.log
2026-06-17 15:46:59 [INFO   ] === CA Connect scrape (https://caconnect.icai.org/) ===
2026-06-17 15:48:08 [INFO   ]   CA import: CA. SNEHAL SAURABH MOHITE <casnehalmohite@gmail.com>
2026-06-17 15:48:08 [INFO   ]   CA import: CA. SWAPNIL MARUTI DHORALKAR <caswapnildhoralkar@gmail.com>
2026-06-17 15:48:08 [INFO   ]   CA import: CA. ANKIT DILIP PARAKH <ankit.parakh009@gmail.com>
2026-06-17 15:48:08 [INFO   ]   CA import: CA. KULKARNI SHIRISH MADHUSUDAN <smkaudit@gmail.com>
2026-06-17 15:48:08 [INFO   ] CA Connect: 574 listings, enriched 5 profiles, imported 4 new email(s).
2026-06-17 15:48:16 [INFO   ] Scrape targets: up to 50 companies, stop after 16 with email (incl. at least 2 from ca_cs_firms via CA Connect)
2026-06-17 15:48:16 [INFO   ] Industry selection: random order on each query pick (distributes across verticals)
2026-06-17 15:48:17 [INFO   ] Using browser: chrome
2026-06-17 15:48:17 [INFO   ] Industry: hrtech | Query: graduate hiring software India contact us
2026-06-17 15:48:17 [INFO   ] Google search: graduate hiring software India contact us
2026-06-17 15:48:22 [INFO   ]   Found 8 unique result(s).
2026-06-17 15:48:22 [INFO   ] Skip duplicate domain: cybotrix.com
2026-06-17 15:48:22 [INFO   ] Scraping careers (https://www.radicaltechnologies.co.in/careers/)
2026-06-17 15:48:26 [INFO   ]   Email found: training@radicaltechnologies.co.in
2026-06-17 15:48:26 [INFO   ] Scraping IT Recruitment Agency in Pune (https://tigihr.com/it-recruitment-agency-in-pune)
2026-06-17 15:48:29 [INFO   ]   Email found: example@company.com
2026-06-17 15:48:29 [INFO   ] Scraping Careers (https://www.necsws.com/india/careers/)
2026-06-17 15:48:39 [INFO   ]   Email found: india.careers@necsws.com
2026-06-17 15:48:40 [INFO   ] Scraping Early Careers Campus Program (https://www.persistent.com/careers/early-careers-campus-program/)
2026-06-17 15:49:19 [INFO   ]   Email found: info@persistent.com
2026-06-17 15:49:20 [INFO   ] Scraping Recent Graduates (https://www.zs.com/careers/find-your-path/recent-graduates)
2026-06-17 15:49:41 [INFO   ]   No email found (no_at_symbol_on_page).
2026-06-17 15:49:41 [INFO   ] Scraping Graduate Programmes and Internships (https://www.hpe.com/in/en/about/jobs/students.html)
2026-06-17 15:50:09 [INFO   ]   No email found (at_symbol_but_no_valid_email).
2026-06-17 15:50:10 [INFO   ] Scraping IT Jobs in Pune (https://www.bridgelabz.com/it-jobs-in-pune)
2026-06-17 15:50:14 [INFO   ]   Email found: contactus@bridgelabz.com
2026-06-17 15:50:14 [INFO   ]   Email found: press@bridgelabz.com
2026-06-17 15:50:14 [INFO   ] Industry: bfsi_nbfc_banks | Query: Private sector banks graduate recruitment India phone
2026-06-17 15:50:14 [INFO   ] Google search: Private sector banks graduate recruitment India phone
2026-06-17 15:50:18 [INFO   ]   Found 7 unique result(s).
2026-06-17 15:50:18 [INFO   ] Skip duplicate domain: hdfc.bank.in
2026-06-17 15:50:18 [INFO   ] Skip duplicate domain: icicicareers.com
2026-06-17 15:50:18 [INFO   ] Scraping Pune (https://careers.db.com/explore-the-bank/locations/asia-pacific/pune)
2026-06-17 15:50:45 [INFO   ]   Email found: deutsche.bank@db.com
2026-06-17 15:50:45 [INFO   ] Scraping Careers and Recruitment (https://www.unionbankofindia.bank.in/en/common/recruitment)
2026-06-17 15:50:59 [INFO   ]   Email found: customercare@unionbankofindia.bank.in
2026-06-17 15:50:59 [INFO   ]   Email found: cyber.incidents@unionbankofindia.bank.in
2026-06-17 15:51:00 [INFO   ] Skip duplicate domain: axis.bank.in
2026-06-17 15:51:00 [INFO   ] Skip duplicate domain: in.indeed.com
2026-06-17 15:51:00 [INFO   ] Scraping Fresher/ Entry (0-2 years) (https://careers.idfcfirst.bank.in/in/en/fresher/entry-level-page)
2026-06-17 15:51:06 [INFO   ]   No email found (at_symbol_but_no_valid_email).
2026-06-17 15:51:06 [INFO   ] Industry: edtech | Query: employability skills training India company website
2026-06-17 15:51:06 [INFO   ] Google search: employability skills training India company website
2026-06-17 15:51:10 [INFO   ]   Found 9 unique result(s).
2026-06-17 15:51:10 [INFO   ] Skip duplicate domain: wadhwanifoundation.org
2026-06-17 15:51:10 [INFO   ] Scraping Employability Skills (https://exi.co.in/services/human-capital-advisory/employability-skills)
2026-06-17 15:51:13 [INFO   ]   Email found: contact@xactitude.in
2026-06-17 15:51:13 [INFO   ] Skip duplicate domain: skillindiadigital.gov.in
2026-06-17 15:51:13 [INFO   ] Skip duplicate domain: ictacademy.in
2026-06-17 15:51:13 [INFO   ] Scraping Employability Skills Course by SkillDzire (https://www.futureskillsprime.in/course/employability-skills/)
2026-06-17 15:51:18 [INFO   ]   Email found: support@futureskillsprime.in
2026-06-17 15:51:18 [INFO   ] Scraping Employability skills courses (https://www.britishcouncil.in/english/educational-institutions/employability)
2026-06-17 15:52:13 [INFO   ]   Email found: indiacustomercare@britishcouncil.org
2026-06-17 15:52:13 [INFO   ]   Email found: bceenquiries@britishcouncil.org
2026-06-17 15:52:13 [INFO   ]   Email found: sushma.nair@in.britishcouncil.org
2026-06-17 15:52:13 [INFO   ]   Email found: indiacommunications@britishcouncil.org
2026-06-17 15:52:13 [INFO   ] Scraping IIESE (https://www.iiese.in/)
2026-06-17 15:52:16 [INFO   ]   Email found: info@iiese.in
2026-06-17 15:52:16 [INFO   ]   Email found: director@iiese.in
2026-06-17 15:52:16 [INFO   ] Skip duplicate domain: growthcentre.org
2026-06-17 15:52:16 [INFO   ] Scraping Skilling & Employability (https://www.nasscomfoundation.org/skilling-employability)
2026-06-17 15:52:42 [INFO   ]   Email found: info@nasscomfoundation.org
2026-06-17 15:52:42 [INFO   ] Scrape targets met: 16 companies with email (goal 16), 4 from ca_cs_firms (goal 2) — stopping.
2026-06-17 15:52:43 [INFO   ] Scrape complete: {'queries_run': 3, 'companies_scraped': 15, 'companies_with_email': 16, 'emails_found': 22, 'email_target': 16, 'max_companies': 50, 'browser_used': 'chrome', 'industry_filter': 'all', 'ensure_industry_scrape': 'ca_cs_firms', 'ensure_industry_scrape_target': 2, 'ensure_industry_with_email': 4, 'ca_connect': {'ca_connect_ran': True, 'ca_connect_listings': 574, 'ca_profiles_enriched': 5, 'ca_profiles_failed': 0, 'ca_emails_imported': 4, 'ca_connect_logged_in': True, 'ca_connect_search': 'Audit | Maharashtra | Pune', 'error': '', 'browser_used': 'chromium-headless', 'ca_companies_upserted': 5}}
2026-06-17 15:52:48 [INFO   ] Send transport: Brevo API (config: C:\Users\sandeep\Downloads\Claudes\investment\mail_config.json, template: C:\Users\sandeep\Downloads\Claudes\investment\partnership.html)
2026-06-17 15:52:48 [INFO   ] Sending up to 16 email(s) this run (emails_per_run).
2026-06-17 15:52:49 [INFO   ] Send queue reserves 4/4 slot(s) for CA Connect JSON contacts.
2026-06-17 15:52:49 [WARNING] Only 0/2 pending company_secretary_firms contact(s) in queue.
2026-06-17 15:52:49 [WARNING] Only 0/2 pending tax_consultants contact(s) in queue.
2026-06-17 15:52:54 [INFO   ] Loaded 41 NVIDIA API key(s) for rotation.
2026-06-17 15:52:59 [ERROR  ] Brevo send failed for dishagorate2096@gmail.com: Brevo API send failed for dishagorate2096@gmail.com: (401)
Reason: Unauthorized
HTTP response headers: HTTPHeaderDict({'Date': 'Wed, 17 Jun 2026 10:23:00 GMT', 'Content-Type': 'application/json', 'Content-Length': '233', 'Connection': 'keep-alive', 'CF-RAY': 'a0d1561aaf132167-CDG', 'access-control-allow-credentials': 'true', 'sib-request-id': 'afa1a048-5930-9f52-a161-2f9d4f22d729', 'access-control-allow-origin': '*', 'access-control-allow-headers': '*', 'access-control-allow-methods': 'PUT, POST, GET, DELETE, PATCH, OPTIONS', 'x-envoy-upstream-service-time': '14', 'cf-cache-status': 'DYNAMIC', 'Set-Cookie': '_cfuvid=mFXWnJRgsDUo3BE7X6KLSX.6P7h3AgtzbmsaQlv6wSE-1781691780297-0.0.1.1-604800000; path=/; domain=.sendinblue.com; HttpOnly; Secure; SameSite=None', 'Server': 'cloudflare'})
HTTP response body: {"message":"We have detected you are using an unrecognised IP address 27.107.86.99. If you performed this action make sure to add the new IP address in this link: https://app.brevo.com/security/authorised_ips","code":"unauthorized"}


2026-06-17 15:53:29 [WARNING] NVIDIA call failed (attempt 1/5): The read operation timed out — rotating key.
2026-06-17 15:53:35 [ERROR  ] Brevo send failed for ashtekarca@gmail.com: Brevo API send failed for ashtekarca@gmail.com: (401)
Reason: Unauthorized
HTTP response headers: HTTPHeaderDict({'Date': 'Wed, 17 Jun 2026 10:23:36 GMT', 'Content-Type': 'application/json', 'Content-Length': '233', 'Connection': 'keep-alive', 'CF-RAY': 'a0d156fa9ad29222-MUC', 'access-control-allow-credentials': 'true', 'sib-request-id': '09cd6312-cdff-91b1-9b8e-76ac7d84cf05', 'access-control-allow-origin': '*', 'access-control-allow-headers': '*', 'access-control-allow-methods': 'PUT, POST, GET, DELETE, PATCH, OPTIONS', 'x-envoy-upstream-service-time': '3', 'cf-cache-status': 'DYNAMIC', 'Set-Cookie': '_cfuvid=Lbv2ulGppt3bsIgFrCXsYhVJtwnlstVmn7xxPTneVVg-1781691816297-0.0.1.1-604800000; path=/; domain=.sendinblue.com; HttpOnly; Secure; SameSite=None', 'Server': 'cloudflare'})
HTTP response body: {"message":"We have detected you are using an unrecognised IP address 27.107.86.99. If you performed this action make sure to add the new IP address in this link: https://app.brevo.com/security/authorised_ips","code":"unauthorized"}


2026-06-17 15:53:40 [ERROR  ] Brevo send failed for drb@drbarveandco.in: Brevo API send failed for drb@drbarveandco.in: (401)
Reason: Unauthorized
HTTP response headers: HTTPHeaderDict({'Date': 'Wed, 17 Jun 2026 10:23:40 GMT', 'Content-Type': 'application/json', 'Content-Length': '233', 'Connection': 'keep-alive', 'CF-RAY': 'a0d15717da370494-CDG', 'access-control-allow-credentials': 'true', 'sib-request-id': 'fd87007f-b417-9723-a390-f79b6437cb34', 'access-control-allow-origin': '*', 'access-control-allow-headers': '*', 'access-control-allow-methods': 'PUT, POST, GET, DELETE, PATCH, OPTIONS', 'x-envoy-upstream-service-time': '10', 'cf-cache-status': 'DYNAMIC', 'Set-Cookie': '_cfuvid=j3KMQJdXbLQuusBuM9QI6IgRbIB_XFZP2aIid2LCK9c-1781691820803-0.0.1.1-604800000; path=/; domain=.sendinblue.com; HttpOnly; Secure; SameSite=None', 'Server': 'cloudflare'})
HTTP response body: {"message":"We have detected you are using an unrecognised IP address 27.107.86.99. If you performed this action make sure to add the new IP address in this link: https://app.brevo.com/security/authorised_ips","code":"unauthorized"}


2026-06-17 15:53:44 [ERROR  ] Brevo send failed for sopanlate07@gmail.com: Brevo API send failed for sopanlate07@gmail.com: (401)
Reason: Unauthorized
HTTP response headers: HTTPHeaderDict({'Date': 'Wed, 17 Jun 2026 10:23:44 GMT', 'Content-Type': 'application/json', 'Content-Length': '233', 'Connection': 'keep-alive', 'CF-RAY': 'a0d15731a86804a8-CDG', 'access-control-allow-credentials': 'true', 'sib-request-id': '7e306383-442f-9c75-b9b0-abbbecb2c69e', 'access-control-allow-origin': '*', 'access-control-allow-headers': '*', 'access-control-allow-methods': 'PUT, POST, GET, DELETE, PATCH, OPTIONS', 'x-envoy-upstream-service-time': '10', 'cf-cache-status': 'DYNAMIC', 'Set-Cookie': '_cfuvid=yZ7AY9C79TfXTPub3yixlYShJ_pl7xzchlJROED59jA-1781691824939-0.0.1.1-604800000; path=/; domain=.sendinblue.com; HttpOnly; Secure; SameSite=None', 'Server': 'cloudflare'})
HTTP response body: {"message":"We have detected you are using an unrecognised IP address 27.107.86.99. If you performed this action make sure to add the new IP address in this link: https://app.brevo.com/security/authorised_ips","code":"unauthorized"}


2026-06-17 15:53:49 [ERROR  ] Brevo send failed for info@eduverseinternational.com: Brevo API send failed for info@eduverseinternational.com: (401)
Reason: Unauthorized
HTTP response headers: HTTPHeaderDict({'Date': 'Wed, 17 Jun 2026 10:23:50 GMT', 'Content-Type': 'application/json', 'Content-Length': '233', 'Connection': 'keep-alive', 'CF-RAY': 'a0d157544cb722ac-CDG', 'access-control-allow-credentials': 'true', 'sib-request-id': 'aa33994b-3c47-933f-a4af-9afc316d06fa', 'access-control-allow-origin': '*', 'access-control-allow-headers': '*', 'access-control-allow-methods': 'PUT, POST, GET, DELETE, PATCH, OPTIONS', 'x-envoy-upstream-service-time': '12', 'cf-cache-status': 'DYNAMIC', 'Set-Cookie': '_cfuvid=9hVMaTrHusMp9kjdJO9S7B.bdeWxylmDLfs.j6pvuTg-1781691830481-0.0.1.1-604800000; path=/; domain=.sendinblue.com; HttpOnly; Secure; SameSite=None', 'Server': 'cloudflare'})
HTTP response body: {"message":"We have detected you are using an unrecognised IP address 27.107.86.99. If you performed this action make sure to add the new IP address in this link: https://app.brevo.com/security/authorised_ips","code":"unauthorized"}


2026-06-17 15:53:54 [ERROR  ] Brevo send failed for info@newindia.cw: Brevo API send failed for info@newindia.cw: (401)
Reason: Unauthorized
HTTP response headers: HTTPHeaderDict({'Date': 'Wed, 17 Jun 2026 10:23:55 GMT', 'Content-Type': 'application/json', 'Content-Length': '233', 'Connection': 'keep-alive', 'CF-RAY': 'a0d157715da1046b-CDG', 'access-control-allow-credentials': 'true', 'sib-request-id': '044835f2-9e80-996e-ba2f-f2cc1864bcd9', 'access-control-allow-origin': '*', 'access-control-allow-headers': '*', 'access-control-allow-methods': 'PUT, POST, GET, DELETE, PATCH, OPTIONS', 'x-envoy-upstream-service-time': '6', 'cf-cache-status': 'DYNAMIC', 'Set-Cookie': '_cfuvid=9Y7LN11zsuolOT2wjqkaIPx.5XXxoUX.Wowum5uijq8-1781691835123-0.0.1.1-604800000; path=/; domain=.sendinblue.com; HttpOnly; Secure; SameSite=None', 'Server': 'cloudflare'})
HTTP response body: {"message":"We have detected you are using an unrecognised IP address 27.107.86.99. If you performed this action make sure to add the new IP address in this link: https://app.brevo.com/security/authorised_ips","code":"unauthorized"}


2026-06-17 15:54:24 [WARNING] NVIDIA call failed (attempt 1/5): The read operation timed out — rotating key.
2026-06-17 15:54:55 [WARNING] NVIDIA call failed (attempt 2/5): The read operation timed out — rotating key.
2026-06-17 15:55:02 [ERROR  ] Brevo send failed for info@persistent.com: Brevo API send failed for info@persistent.com: (401)
Reason: Unauthorized
HTTP response headers: HTTPHeaderDict({'Date': 'Wed, 17 Jun 2026 10:25:02 GMT', 'Content-Type': 'application/json', 'Content-Length': '233', 'Connection': 'keep-alive', 'CF-RAY': 'a0d15918fbf4ecb6-WAW', 'access-control-allow-credentials': 'true', 'sib-request-id': 'a5047b57-03dc-93bf-a828-d3e86c7e1de0', 'access-control-allow-origin': '*', 'access-control-allow-headers': '*', 'access-control-allow-methods': 'PUT, POST, GET, DELETE, PATCH, OPTIONS', 'x-envoy-upstream-service-time': '8', 'cf-cache-status': 'DYNAMIC', 'Set-Cookie': '_cfuvid=Zs_TW4xk.6NA1GjwltSPav1r3n5OZKmA12BQ04p2gT4-1781691902926-0.0.1.1-604800000; path=/; domain=.sendinblue.com; HttpOnly; Secure; SameSite=None', 'Server': 'cloudflare'})
HTTP response body: {"message":"We have detected you are using an unrecognised IP address 27.107.86.99. If you performed this action make sure to add the new IP address in this link: https://app.brevo.com/security/authorised_ips","code":"unauthorized"}


2026-06-17 15:55:08 [ERROR  ] Brevo send failed for info@iiese.in: Brevo API send failed for info@iiese.in: (401)
Reason: Unauthorized
HTTP response headers: HTTPHeaderDict({'Date': 'Wed, 17 Jun 2026 10:25:08 GMT', 'Content-Type': 'application/json', 'Content-Length': '233', 'Connection': 'keep-alive', 'CF-RAY': 'a0d1593dece53ca1-CDG', 'access-control-allow-credentials': 'true', 'sib-request-id': 'cd0109f6-15c9-9bce-b914-4e1b45087ced', 'access-control-allow-origin': '*', 'access-control-allow-headers': '*', 'access-control-allow-methods': 'PUT, POST, GET, DELETE, PATCH, OPTIONS', 'x-envoy-upstream-service-time': '10', 'cf-cache-status': 'DYNAMIC', 'Set-Cookie': '_cfuvid=iQzm6OHZeYC63kiAFw3aJWwVQ1bR16o44FKIQNuThqw-1781691908812-0.0.1.1-604800000; path=/; domain=.sendinblue.com; HttpOnly; Secure; SameSite=None', 'Server': 'cloudflare'})
HTTP response body: {"message":"We have detected you are using an unrecognised IP address 27.107.86.99. If you performed this action make sure to add the new IP address in this link: https://app.brevo.com/security/authorised_ips","code":"unauthorized"}


2026-06-17 15:55:12 [ERROR  ] Brevo send failed for info@nasscomfoundation.org: Brevo API send failed for info@nasscomfoundation.org: (401)
Reason: Unauthorized
HTTP response headers: HTTPHeaderDict({'Date': 'Wed, 17 Jun 2026 10:25:13 GMT', 'Content-Type': 'application/json', 'Content-Length': '233', 'Connection': 'keep-alive', 'CF-RAY': 'a0d15958df07bfeb-WAW', 'access-control-allow-credentials': 'true', 'sib-request-id': '6686c88d-8cab-99f6-82e5-985972df5a85', 'access-control-allow-origin': '*', 'access-control-allow-headers': '*', 'access-control-allow-methods': 'PUT, POST, GET, DELETE, PATCH, OPTIONS', 'x-envoy-upstream-service-time': '5', 'cf-cache-status': 'DYNAMIC', 'Set-Cookie': '_cfuvid=sItrDuJy20SPkS2vdJorNhMr_QnO6ShXhPWPEgIXyY4-1781691913147-0.0.1.1-604800000; path=/; domain=.sendinblue.com; HttpOnly; Secure; SameSite=None', 'Server': 'cloudflare'})
HTTP response body: {"message":"We have detected you are using an unrecognised IP address 27.107.86.99. If you performed this action make sure to add the new IP address in this link: https://app.brevo.com/security/authorised_ips","code":"unauthorized"}


2026-06-17 15:55:19 [ERROR  ] Brevo send failed for contact@xactitude.in: Brevo API send failed for contact@xactitude.in: (401)
Reason: Unauthorized
HTTP response headers: HTTPHeaderDict({'Date': 'Wed, 17 Jun 2026 10:25:20 GMT', 'Content-Type': 'application/json', 'Content-Length': '233', 'Connection': 'keep-alive', 'CF-RAY': 'a0d15983aa6434d0-WAW', 'access-control-allow-credentials': 'true', 'sib-request-id': '35220d97-b3ea-9e30-b838-e3c4ac83637d', 'access-control-allow-origin': '*', 'access-control-allow-headers': '*', 'access-control-allow-methods': 'PUT, POST, GET, DELETE, PATCH, OPTIONS', 'x-envoy-upstream-service-time': '145', 'cf-cache-status': 'DYNAMIC', 'Set-Cookie': '_cfuvid=FknHHQMBTaiyzx3lky2TP_u66Uh1fs.WfqPBtf8OO5s-1781691920148-0.0.1.1-604800000; path=/; domain=.sendinblue.com; HttpOnly; Secure; SameSite=None', 'Server': 'cloudflare'})
HTTP response body: {"message":"We have detected you are using an unrecognised IP address 27.107.86.99. If you performed this action make sure to add the new IP address in this link: https://app.brevo.com/security/authorised_ips","code":"unauthorized"}


2026-06-17 15:55:49 [WARNING] NVIDIA call failed (attempt 1/5): The read operation timed out — rotating key.
2026-06-17 15:56:20 [WARNING] NVIDIA call failed (attempt 2/5): The read operation timed out — rotating key.
2026-06-17 15:56:35 [ERROR  ] Brevo send failed for contactus@bridgelabz.com: Brevo API send failed for contactus@bridgelabz.com: (401)
Reason: Unauthorized
HTTP response headers: HTTPHeaderDict({'Date': 'Wed, 17 Jun 2026 10:26:36 GMT', 'Content-Type': 'application/json', 'Content-Length': '233', 'Connection': 'keep-alive', 'CF-RAY': 'a0d15b6068fc03f3-CDG', 'access-control-allow-credentials': 'true', 'sib-request-id': 'c2c176d1-fd29-9861-8b55-46fbf33b985b', 'access-control-allow-origin': '*', 'access-control-allow-headers': '*', 'access-control-allow-methods': 'PUT, POST, GET, DELETE, PATCH, OPTIONS', 'x-envoy-upstream-service-time': '6', 'cf-cache-status': 'DYNAMIC', 'Set-Cookie': '_cfuvid=OtAwK_EN64fuMVFVMRx67t8QaJJeycO3cQhQUOpxqyo-1781691996251-0.0.1.1-604800000; path=/; domain=.sendinblue.com; HttpOnly; Secure; SameSite=None', 'Server': 'cloudflare'})
HTTP response body: {"message":"We have detected you are using an unrecognised IP address 27.107.86.99. If you performed this action make sure to add the new IP address in this link: https://app.brevo.com/security/authorised_ips","code":"unauthorized"}


2026-06-17 15:56:56 [ERROR  ] Brevo send failed for admin@ananyafinance.com: Brevo API send failed for admin@ananyafinance.com: (401)
Reason: Unauthorized
HTTP response headers: HTTPHeaderDict({'Date': 'Wed, 17 Jun 2026 10:26:56 GMT', 'Content-Type': 'application/json', 'Content-Length': '233', 'Connection': 'keep-alive', 'CF-RAY': 'a0d15be0ad733cd4-CDG', 'access-control-allow-credentials': 'true', 'sib-request-id': 'e5b8a72e-7c05-98be-becd-f15df2143715', 'access-control-allow-origin': '*', 'access-control-allow-headers': '*', 'access-control-allow-methods': 'PUT, POST, GET, DELETE, PATCH, OPTIONS', 'x-envoy-upstream-service-time': '6', 'cf-cache-status': 'DYNAMIC', 'Set-Cookie': '_cfuvid=0U7R0nspU.vepEH4QBTA8iSUhs.OKJ0BHkvGwuBTOcc-1781692016776-0.0.1.1-604800000; path=/; domain=.sendinblue.com; HttpOnly; Secure; SameSite=None', 'Server': 'cloudflare'})
HTTP response body: {"message":"We have detected you are using an unrecognised IP address 27.107.86.99. If you performed this action make sure to add the new IP address in this link: https://app.brevo.com/security/authorised_ips","code":"unauthorized"}


2026-06-17 15:57:02 [ERROR  ] Brevo send failed for support@skillroom.co.in: Brevo API send failed for support@skillroom.co.in: (401)
Reason: Unauthorized
HTTP response headers: HTTPHeaderDict({'Date': 'Wed, 17 Jun 2026 10:27:03 GMT', 'Content-Type': 'application/json', 'Content-Length': '233', 'Connection': 'keep-alive', 'CF-RAY': 'a0d15c0a4b27f18f-CDG', 'access-control-allow-credentials': 'true', 'sib-request-id': '9226f4aa-3850-93a8-91e6-0ae1eab99900', 'access-control-allow-origin': '*', 'access-control-allow-headers': '*', 'access-control-allow-methods': 'PUT, POST, GET, DELETE, PATCH, OPTIONS', 'x-envoy-upstream-service-time': '5', 'cf-cache-status': 'DYNAMIC', 'Set-Cookie': '_cfuvid=Hp.lnVLEfpZZASrA1YFV1_I59B_EVN9O1mieHvH2g9c-1781692023433-0.0.1.1-604800000; path=/; domain=.sendinblue.com; HttpOnly; Secure; SameSite=None', 'Server': 'cloudflare'})
HTTP response body: {"message":"We have detected you are using an unrecognised IP address 27.107.86.99. If you performed this action make sure to add the new IP address in this link: https://app.brevo.com/security/authorised_ips","code":"unauthorized"}


2026-06-17 15:57:10 [ERROR  ] Brevo send failed for support@seedinfotech.com: Brevo API send failed for support@seedinfotech.com: (401)
Reason: Unauthorized
HTTP response headers: HTTPHeaderDict({'Date': 'Wed, 17 Jun 2026 10:27:11 GMT', 'Content-Type': 'application/json', 'Content-Length': '233', 'Connection': 'keep-alive', 'CF-RAY': 'a0d15c3d4fae3ed8-BCN', 'access-control-allow-credentials': 'true', 'sib-request-id': '27b6817a-4181-9133-98a1-e349097fbf9c', 'access-control-allow-origin': '*', 'access-control-allow-headers': '*', 'access-control-allow-methods': 'PUT, POST, GET, DELETE, PATCH, OPTIONS', 'x-envoy-upstream-service-time': '10', 'cf-cache-status': 'DYNAMIC', 'Set-Cookie': '_cfuvid=SlBk.4GtV7Vgf364XtKJfdtunaFHcL1ZPCef7NlvCE4-1781692031610-0.0.1.1-604800000; path=/; domain=.sendinblue.com; HttpOnly; Secure; SameSite=None', 'Server': 'cloudflare'})
HTTP response body: {"message":"We have detected you are using an unrecognised IP address 27.107.86.99. If you performed this action make sure to add the new IP address in this link: https://app.brevo.com/security/authorised_ips","code":"unauthorized"}


2026-06-17 15:57:40 [WARNING] NVIDIA call failed (attempt 1/5): The read operation timed out — rotating key.
2026-06-17 15:57:47 [ERROR  ] Brevo send failed for support@indiaisus.com: Brevo API send failed for support@indiaisus.com: (401)
Reason: Unauthorized
HTTP response headers: HTTPHeaderDict({'Date': 'Wed, 17 Jun 2026 10:27:48 GMT', 'Content-Type': 'application/json', 'Content-Length': '233', 'Connection': 'keep-alive', 'CF-RAY': 'a0d15d220dd7f0cb-CDG', 'access-control-allow-credentials': 'true', 'sib-request-id': 'f07accaf-28dd-9731-ba96-91eeac84a5bb', 'access-control-allow-origin': '*', 'access-control-allow-headers': '*', 'access-control-allow-methods': 'PUT, POST, GET, DELETE, PATCH, OPTIONS', 'x-envoy-upstream-service-time': '9', 'cf-cache-status': 'DYNAMIC', 'Set-Cookie': '_cfuvid=7pqmYO0ebXXx6pByMQtob.gDMxbeHWq5oPNCtcAWhWU-1781692068197-0.0.1.1-604800000; path=/; domain=.sendinblue.com; HttpOnly; Secure; SameSite=None', 'Server': 'cloudflare'})
HTTP response body: {"message":"We have detected you are using an unrecognised IP address 27.107.86.99. If you performed this action make sure to add the new IP address in this link: https://app.brevo.com/security/authorised_ips","code":"unauthorized"}


2026-06-17 15:57:52 [ERROR  ] Brevo send failed for support@nomadcredit.com: Brevo API send failed for support@nomadcredit.com: (401)
Reason: Unauthorized
HTTP response headers: HTTPHeaderDict({'Date': 'Wed, 17 Jun 2026 10:27:53 GMT', 'Content-Type': 'application/json', 'Content-Length': '233', 'Connection': 'keep-alive', 'CF-RAY': 'a0d15d41bc05f178-CDG', 'access-control-allow-credentials': 'true', 'sib-request-id': '74a0ee8f-d8b9-9918-aa40-bd1a826733d2', 'access-control-allow-origin': '*', 'access-control-allow-headers': '*', 'access-control-allow-methods': 'PUT, POST, GET, DELETE, PATCH, OPTIONS', 'x-envoy-upstream-service-time': '6', 'cf-cache-status': 'DYNAMIC', 'Set-Cookie': '_cfuvid=xbN4G.V8BF1wVe0Z7jRHXCH5RMt6V2_xwYPg82uLYfw-1781692073272-0.0.1.1-604800000; path=/; domain=.sendinblue.com; HttpOnly; Secure; SameSite=None', 'Server': 'cloudflare'})
HTTP response body: {"message":"We have detected you are using an unrecognised IP address 27.107.86.99. If you performed this action make sure to add the new IP address in this link: https://app.brevo.com/security/authorised_ips","code":"unauthorized"}


2026-06-17 15:57:58 [INFO   ] Send complete: {'sent': 0, 'failed': 16, 'skipped': 0, 'queue_size': 16, 'ensure_industry': 'ca_cs_firms', 'ensure_min_slots': 0, 'ensure_reserved_in_queue': 0, 'ensure_ca_connect_min': 4, 'ensure_ca_connect_reserved': 4, 'sent_ca_connect': 0, 'reserved_by_industry': {'company_secretary_firms': 2, 'tax_consultants': 2}, 'reserved_in_queue_by_industry': {'company_secretary_firms': 0, 'tax_consultants': 0}, 'sent_by_industry': {}, 'send_limit': 16}
2026-06-17 15:57:58 [INFO   ] 
2026-06-17 15:57:58 [INFO   ] ======================================================================
2026-06-17 15:57:58 [INFO   ]   RUN SUMMARY
2026-06-17 15:57:58 [INFO   ] ======================================================================
2026-06-17 15:57:58 [INFO   ]   SCRAPE — this run
2026-06-17 15:57:58 [INFO   ]     Run limits (config):             max 50 sites, stop at 16 with email, max 20 Google queries
2026-06-17 15:57:58 [INFO   ]       Caps from sender_config.json; scrape stops early when email target is met.
2026-06-17 15:57:58 [INFO   ] 
2026-06-17 15:57:58 [INFO   ]   CA Connect — https://caconnect.icai.org/
2026-06-17 15:57:58 [INFO   ]     Search filters:                  Audit | Maharashtra | Pune
2026-06-17 15:57:58 [INFO   ]       Service, state, and city from ca_connect_credentials.json.
2026-06-17 15:57:58 [INFO   ]     Listings on results page:        574
2026-06-17 15:57:58 [INFO   ]       Member + firm cards returned by CA Connect search (not all have email).
2026-06-17 15:57:58 [INFO   ]     Profile pages opened:            5
2026-06-17 15:57:58 [INFO   ]       Logged-in profile visits to extract email/mobile this run.
2026-06-17 15:57:58 [INFO   ]     New emails added to DB:          4
2026-06-17 15:57:58 [INFO   ]       First-time imports into immigration.db as ca_cs_firms (duplicates skipped).
2026-06-17 15:57:58 [INFO   ]     CA records upserted:             5
2026-06-17 15:57:58 [INFO   ]       Companies created/updated in DB (may include already-known emails).
2026-06-17 15:57:58 [INFO   ] 
2026-06-17 15:57:58 [INFO   ]   Google website scrape — this run
2026-06-17 15:57:58 [INFO   ]     Websites visited:                15
2026-06-17 15:57:58 [INFO   ]       Company sites opened from Google search results (excludes CA Connect).
2026-06-17 15:57:58 [INFO   ]     Sites where email was found:     12
2026-06-17 15:57:58 [INFO   ]       Distinct companies with at least one new email this run (Google only).
2026-06-17 15:57:58 [INFO   ]     Email addresses discovered:      18
2026-06-17 15:57:58 [INFO   ]       New email rows saved to the database from Google scraping.
2026-06-17 15:57:58 [INFO   ]     Google queries executed:         3
2026-06-17 15:57:58 [INFO   ]       Search queries consumed from the pending queue this run.
2026-06-17 15:57:58 [INFO   ]     Reserved industry (ca_cs_firms): 4 / 2 new emails (met)
2026-06-17 15:57:58 [INFO   ]       Chartered Accountants & Company Secretaries — minimum new contacts per run (sourced via CA Connect for ca_cs_firms).
2026-06-17 15:57:58 [INFO   ]     Browser:                         chrome
2026-06-17 15:57:58 [INFO   ]       Engine used for Google website scraping.
2026-06-17 15:57:58 [INFO   ] 
2026-06-17 15:57:58 [INFO   ]   REPLIES — this run
2026-06-17 15:57:58 [INFO   ]     Inbox check:                     skipped
2026-06-17 15:57:58 [INFO   ]       Reply forwarding is off (check_replies_before_send: false in sender_config.json).
2026-06-17 15:57:58 [INFO   ] 
2026-06-17 15:57:58 [INFO   ]   SEND — this run
2026-06-17 15:57:58 [INFO   ]     Recipients queued:               16
2026-06-17 15:57:58 [INFO   ]       Unsent contacts considered this run (send cap: 16 per run).
2026-06-17 15:57:58 [INFO   ]     Queue slots for CA Connect JSON: 4 / 4 reserved
2026-06-17 15:57:58 [INFO   ]       Individual CAs from ca_connect_results.json (caconnect.icai.org profiles), not Google-scraped CA firm sites.
2026-06-17 15:57:58 [INFO   ]     Sent to CA Connect JSON:         0
2026-06-17 15:57:58 [INFO   ]       Funding intro emails to CAs imported from CA Connect this run.
2026-06-17 15:57:58 [INFO   ]     Queue slots for company_secretary_firms: 0 / 2 reserved
2026-06-17 15:57:58 [INFO   ]       Company Secretary Firms — minimum send slots per run when contacts are available.
2026-06-17 15:57:58 [INFO   ]     Queue slots for tax_consultants: 0 / 2 reserved
2026-06-17 15:57:58 [INFO   ]       Tax Consultants — minimum send slots per run when contacts are available.
2026-06-17 15:57:58 [INFO   ]     Emails sent successfully:        0
2026-06-17 15:57:58 [INFO   ]       Partnership / funding intro emails delivered via Brevo this run.
2026-06-17 15:57:58 [INFO   ]     Send failures:                   16
2026-06-17 15:57:58 [INFO   ]       Brevo API or transport errors (not counted as sent).
2026-06-17 15:57:58 [INFO   ]     Skipped:                         0
2026-06-17 15:57:58 [INFO   ]       Dry-run previews or recipients already marked sent in the database.
2026-06-17 15:57:59 [INFO   ] 
2026-06-17 15:57:59 [INFO   ]   DATABASE — cumulative (all runs)
2026-06-17 15:57:59 [INFO   ]     Companies stored:                632
2026-06-17 15:57:59 [INFO   ]       All scraped organisations across every industry vertical.
2026-06-17 15:57:59 [INFO   ]     Companies with email:            506
2026-06-17 15:57:59 [INFO   ]       Records with email_status = found (ready or already used for outreach).
2026-06-17 15:57:59 [INFO   ]     Email addresses on file:         5713
2026-06-17 15:57:59 [INFO   ]       Total rows in company_emails (one company may have several).
2026-06-17 15:57:59 [INFO   ]     Emails sent (lifetime):          326
2026-06-17 15:57:59 [INFO   ]       Unique recipients successfully emailed at least once.
2026-06-17 15:57:59 [INFO   ]     Send failures (lifetime):        32
2026-06-17 15:57:59 [INFO   ]       Recipients with a failed status in email_sent.
2026-06-17 15:57:59 [INFO   ]     Replies forwarded (lifetime):    0
2026-06-17 15:57:59 [INFO   ]       Human replies forwarded to your Gmail.
2026-06-17 15:57:59 [INFO   ]     Ready to send (now):             329
2026-06-17 15:57:59 [INFO   ]       Unsent contacts still in the outbound queue for future runs.
2026-06-17 15:57:59 [INFO   ]     Google queries pending:          15
2026-06-17 15:57:59 [INFO   ]       Unused search queries waiting for future scrape runs.
2026-06-17 15:58:00 [INFO   ]     Unsent ca_cs_firms:              48
2026-06-17 15:58:00 [INFO   ]       Chartered Accountants & Company Secretaries contacts not yet emailed (all sources).
2026-06-17 15:58:01 [INFO   ]     Unsent CA Connect JSON:          26
2026-06-17 15:58:01 [INFO   ]       Individual CAs from ca_connect_results.json still available to email.
2026-06-17 15:58:01 [INFO   ]     Companies by industry (with email / total):
2026-06-17 15:58:01 [INFO   ]       NBFC & Banks (Campus Hiring)     21 / 32
2026-06-17 15:58:01 [INFO   ]       Chartered Accountants & Company Secretaries 94 / 102
2026-06-17 15:58:01 [INFO   ]       Coaching & Test Prep             33 / 39
2026-06-17 15:58:01 [INFO   ]       Corporate CSR Programs           28 / 36
2026-06-17 15:58:01 [INFO   ]       EdTech Companies                 36 / 40
2026-06-17 15:58:01 [INFO   ]       Student Loan / Education Finance 19 / 29
2026-06-17 15:58:01 [INFO   ]       HRTech Companies                 37 / 55
2026-06-17 15:58:01 [INFO   ]       Insurance (Campus & Graduate Hiring) 25 / 33
2026-06-17 15:58:01 [INFO   ]       Law Firms & Lawyers              65 / 85
2026-06-17 15:58:01 [INFO   ]       Overseas Education / Immigration 63 / 77
2026-06-17 15:58:01 [INFO   ]       Recruitment & Staffing Firms     36 / 50
2026-06-17 15:58:01 [INFO   ]       Training & Finishing Schools     49 / 54
2026-06-17 15:58:01 [INFO   ] ======================================================================
2026-06-17 15:58:01 [INFO   ] 
