2026-06-21 11:05:21 [INFO   ] Log file: C:\Users\sandeep\Downloads\Claudes\investment\logs\immigration_2026-06-21_11-05-21.log
2026-06-21 11:05:21 [INFO   ] 
2026-06-21 11:05:21 [INFO   ] ==============================================================
2026-06-21 11:05:21 [INFO   ] PROGRESS | Send — CA emails only (up to 10 from ca_bulk.db)
2026-06-21 11:05:21 [INFO   ] ==============================================================
2026-06-21 11:05:22 [INFO   ] Send transport: Brevo API (config: C:\Users\sandeep\Downloads\Claudes\investment\config\mail_config.json, template: C:\Users\sandeep\Downloads\Claudes\investment\templates\bodies\partnership.html, sender: sandeepjain200019@gmail.com)
2026-06-21 11:05:22 [INFO   ] CA-only send from ca_bulk.db — 688 unsent, up to 10 this run (caconnect.icai.org).
2026-06-21 11:05:27 [INFO   ] PROGRESS | Send plan — 10 recipient(s) in queue
2026-06-21 11:05:27 [INFO   ] PROGRESS | Send 1/10 | SENDING | caamoljain@gmail.com | A I JAIN & ASSOCIATES [Chartered Accountants & Company Secretaries] | ok=0 fail=0 skip=0
2026-06-21 11:05:28 [INFO   ] Loaded 41 NVIDIA API key(s) for rotation.
2026-06-21 11:05:34 [INFO   ] --------------------------------------------------------------
2026-06-21 11:05:34 [INFO   ] PROGRESS | Email content — To: caamoljain@gmail.com
2026-06-21 11:05:34 [INFO   ] PROGRESS | Subject: PlacementHub pre-seed intro with A I JAIN & ASSOCIATES
2026-06-21 11:05:34 [INFO   ] PROGRESS | Body:
2026-06-21 11:05:34 [INFO   ] PROGRESS |   Dear Sir/Madam,
2026-06-21 11:05:34 [INFO   ] PROGRESS |   I am reaching out to introduce PlacementHub and explore whether any of your investor, entrepreneur, or
2026-06-21 11:05:34 [INFO   ] PROGRESS |   HNI clients may be open to reviewing a strategic seed opportunity.
2026-06-21 11:05:34 [INFO   ] PROGRESS |   My name is Sandeep Jain. PlacementHub is currently in its pre-seed fundraising stage, and I am
2026-06-21 11:05:34 [INFO   ] PROGRESS |   soliciting strategic seed investment for the same. PlacementHub is a campus placement and employability
2026-06-21 11:05:34 [INFO   ] PROGRESS |   platform connecting students, colleges, and recruiters. The product is built and in early
2026-06-21 11:05:34 [INFO   ] PROGRESS |   commercialization.
2026-06-21 11:05:34 [INFO   ] PROGRESS |   For reference, the detailed business plan, including the business model and go-to-market strategies, is
2026-06-21 11:05:34 [INFO   ] PROGRESS |   available here:
2026-06-21 11:05:34 [INFO   ] PROGRESS |   PlacementHub Business Plan
2026-06-21 11:05:34 [INFO   ] PROGRESS |   For a Chartered Accountant firm, the relevance is mainly professional and strategic:
2026-06-21 11:05:34 [INFO   ] PROGRESS |   PlacementHub may require support across accounting, taxation, compliance, payroll, investor documentation, audit, and related professional services.
2026-06-21 11:05:34 [INFO   ] PROGRESS |   I would naturally be pleased to consider and prioritize firms that support PlacementHub during its early growth phase, subject to suitability and mutual agreement.
2026-06-21 11:05:34 [INFO   ] PROGRESS |   The relationship can begin with a simple review of the investment note and, where appropriate, introductions to suitable investor clients.
2026-06-21 11:05:34 [INFO   ] PROGRESS |   If the opportunity is worth a look, I would be happy to send the note and speak briefly about the round,
2026-06-21 11:05:34 [INFO   ] PROGRESS |   the platform, and the type of strategic investors we are looking for.
2026-06-21 11:05:34 [INFO   ] PROGRESS |   Please reply to this email or call me if you would like to explore it.
2026-06-21 11:05:34 [INFO   ] PROGRESS |   Warm Regards,
2026-06-21 11:05:34 [INFO   ] PROGRESS |   Sandeep Jain
2026-06-21 11:05:34 [INFO   ] PROGRESS |   Founder, PlacementHub
2026-06-21 11:05:34 [INFO   ] PROGRESS |   +91-9860090620
2026-06-21 11:05:34 [INFO   ] PROGRESS |   sandeepjain200019@gmail.com
2026-06-21 11:05:34 [INFO   ] PROGRESS |   Detailed Profile
2026-06-21 11:05:34 [INFO   ] PROGRESS |   Detailed Note on Funding Requirement
2026-06-21 11:05:34 [INFO   ] --------------------------------------------------------------
2026-06-21 11:05:34 [INFO   ] 
2026-06-21 11:05:34 [INFO   ] 
2026-06-21 11:05:34 [INFO   ] PROGRESS | Email preview — To: caamoljain@gmail.com | Subject: PlacementHub pre-seed intro with A I JAIN & ASSOCIATES
2026-06-21 11:05:36 [INFO   ] SENT (Brevo) -> caamoljain@gmail.com (A I JAIN & ASSOCIATES) | PlacementHub pre-seed intro with A I JAIN & ASSOCIATES | messageId=<202606210535.35982776580@smtp-relay.mailin.fr> (API accepted; run audit-brevo to confirm delivery)
2026-06-21 11:05:36 [INFO   ] Sleeping for 10 seconds
2026-06-21 11:05:46 [INFO   ] PROGRESS | Send 1/10 | SENT | caamoljain@gmail.com | A I JAIN & ASSOCIATES [Chartered Accountants & Company Secretaries] | ok=1 fail=0 skip=0
2026-06-21 11:05:46 [INFO   ] PROGRESS | Send 2/10 | SENDING | chhajedsk@yahoo.com | KANAKIYA & MEHTA ASSOCIATES [Chartered Accountants & Company Secretaries] | ok=1 fail=0 skip=0
2026-06-21 11:05:49 [INFO   ] --------------------------------------------------------------
2026-06-21 11:05:49 [INFO   ] PROGRESS | Email content — To: chhajedsk@yahoo.com
2026-06-21 11:05:49 [INFO   ] PROGRESS | Subject: PlacementHub pre-seed intro with KANAKIYA & MEHTA ASSOCIATES
2026-06-21 11:05:49 [INFO   ] PROGRESS | Body:
2026-06-21 11:05:49 [INFO   ] PROGRESS |   Dear Sir/Madam,
2026-06-21 11:05:49 [INFO   ] PROGRESS |   I am reaching out to introduce PlacementHub and explore whether any of your investor, entrepreneur, or
2026-06-21 11:05:49 [INFO   ] PROGRESS |   HNI clients may be open to reviewing a strategic seed opportunity.
2026-06-21 11:05:49 [INFO   ] PROGRESS |   My name is Sandeep Jain. PlacementHub is currently in its pre-seed fundraising stage, and I am
2026-06-21 11:05:49 [INFO   ] PROGRESS |   soliciting strategic seed investment for the same. PlacementHub is a campus placement and employability
2026-06-21 11:05:49 [INFO   ] PROGRESS |   platform connecting students, colleges, and recruiters. The product is built and in early
2026-06-21 11:05:49 [INFO   ] PROGRESS |   commercialization.
2026-06-21 11:05:49 [INFO   ] PROGRESS |   For reference, the detailed business plan, including the business model and go-to-market strategies, is
2026-06-21 11:05:49 [INFO   ] PROGRESS |   available here:
2026-06-21 11:05:49 [INFO   ] PROGRESS |   PlacementHub Business Plan
2026-06-21 11:05:49 [INFO   ] PROGRESS |   For a Chartered Accountant firm, the relevance is mainly professional and strategic:
2026-06-21 11:05:49 [INFO   ] PROGRESS |   PlacementHub may require support across accounting, taxation, compliance, payroll, investor documentation, audit, and related professional services.
2026-06-21 11:05:49 [INFO   ] PROGRESS |   I would naturally be pleased to consider and prioritize firms that support PlacementHub during its early growth phase, subject to suitability and mutual agreement.
2026-06-21 11:05:49 [INFO   ] PROGRESS |   The relationship can begin with a simple review of the investment note and, where appropriate, introductions to suitable investor clients.
2026-06-21 11:05:49 [INFO   ] PROGRESS |   If the opportunity is worth a look, I would be happy to send the note and speak briefly about the round,
2026-06-21 11:05:49 [INFO   ] PROGRESS |   the platform, and the type of strategic investors we are looking for.
2026-06-21 11:05:49 [INFO   ] PROGRESS |   Please reply to this email or call me if you would like to explore it.
2026-06-21 11:05:49 [INFO   ] PROGRESS |   Warm Regards,
2026-06-21 11:05:49 [INFO   ] PROGRESS |   Sandeep Jain
2026-06-21 11:05:49 [INFO   ] PROGRESS |   Founder, PlacementHub
2026-06-21 11:05:49 [INFO   ] PROGRESS |   +91-9860090620
2026-06-21 11:05:49 [INFO   ] PROGRESS |   sandeepjain200019@gmail.com
2026-06-21 11:05:49 [INFO   ] PROGRESS |   Detailed Profile
2026-06-21 11:05:49 [INFO   ] PROGRESS |   Detailed Note on Funding Requirement
2026-06-21 11:05:49 [INFO   ] --------------------------------------------------------------
2026-06-21 11:05:49 [INFO   ] 
2026-06-21 11:05:49 [INFO   ] 
2026-06-21 11:05:49 [INFO   ] PROGRESS | Email preview — To: chhajedsk@yahoo.com | Subject: PlacementHub pre-seed intro with KANAKIYA & MEHTA ASSOCIATES
2026-06-21 11:05:50 [INFO   ] SENT (Brevo) -> chhajedsk@yahoo.com (KANAKIYA & MEHTA ASSOCIATES) | PlacementHub pre-seed intro with KANAKIYA & MEHTA ASSOCIATES | messageId=<202606210535.58089893982@smtp-relay.mailin.fr> (API accepted; run audit-brevo to confirm delivery)
2026-06-21 11:05:50 [INFO   ] Sleeping for 10 seconds
2026-06-21 11:06:00 [INFO   ] PROGRESS | Send 2/10 | SENT | chhajedsk@yahoo.com | KANAKIYA & MEHTA ASSOCIATES [Chartered Accountants & Company Secretaries] | ok=2 fail=0 skip=0
2026-06-21 11:06:00 [INFO   ] PROGRESS | Send 3/10 | SENDING | hitengujarathi1997@gmail.com | HITEN GUJARATHI & ASSOCIATES [Chartered Accountants & Company Secretaries] | ok=2 fail=0 skip=0
2026-06-21 11:06:03 [INFO   ] --------------------------------------------------------------
2026-06-21 11:06:03 [INFO   ] PROGRESS | Email content — To: hitengujarathi1997@gmail.com
2026-06-21 11:06:03 [INFO   ] PROGRESS | Subject: PlacementHub pre-seed intro with HITEN GUJARATHI & ASSOCIATES
2026-06-21 11:06:03 [INFO   ] PROGRESS | Body:
2026-06-21 11:06:03 [INFO   ] PROGRESS |   Dear Sir/Madam,
2026-06-21 11:06:03 [INFO   ] PROGRESS |   I am reaching out to introduce PlacementHub and explore whether any of your investor, entrepreneur, or
2026-06-21 11:06:03 [INFO   ] PROGRESS |   HNI clients may be open to reviewing a strategic seed opportunity.
2026-06-21 11:06:03 [INFO   ] PROGRESS |   My name is Sandeep Jain. PlacementHub is currently in its pre-seed fundraising stage, and I am
2026-06-21 11:06:03 [INFO   ] PROGRESS |   soliciting strategic seed investment for the same. PlacementHub is a campus placement and employability
2026-06-21 11:06:03 [INFO   ] PROGRESS |   platform connecting students, colleges, and recruiters. The product is built and in early
2026-06-21 11:06:03 [INFO   ] PROGRESS |   commercialization.
2026-06-21 11:06:03 [INFO   ] PROGRESS |   For reference, the detailed business plan, including the business model and go-to-market strategies, is
2026-06-21 11:06:03 [INFO   ] PROGRESS |   available here:
2026-06-21 11:06:03 [INFO   ] PROGRESS |   PlacementHub Business Plan
2026-06-21 11:06:03 [INFO   ] PROGRESS |   For a Chartered Accountant firm, the relevance is mainly professional and strategic:
2026-06-21 11:06:03 [INFO   ] PROGRESS |   PlacementHub may require support across accounting, taxation, compliance, payroll, investor documentation, audit, and related professional services.
2026-06-21 11:06:03 [INFO   ] PROGRESS |   I would naturally be pleased to consider and prioritize firms that support PlacementHub during its early growth phase, subject to suitability and mutual agreement.
2026-06-21 11:06:03 [INFO   ] PROGRESS |   The relationship can begin with a simple review of the investment note and, where appropriate, introductions to suitable investor clients.
2026-06-21 11:06:03 [INFO   ] PROGRESS |   If the opportunity is worth a look, I would be happy to send the note and speak briefly about the round,
2026-06-21 11:06:03 [INFO   ] PROGRESS |   the platform, and the type of strategic investors we are looking for.
2026-06-21 11:06:03 [INFO   ] PROGRESS |   Please reply to this email or call me if you would like to explore it.
2026-06-21 11:06:03 [INFO   ] PROGRESS |   Warm Regards,
2026-06-21 11:06:03 [INFO   ] PROGRESS |   Sandeep Jain
2026-06-21 11:06:03 [INFO   ] PROGRESS |   Founder, PlacementHub
2026-06-21 11:06:03 [INFO   ] PROGRESS |   +91-9860090620
2026-06-21 11:06:03 [INFO   ] PROGRESS |   sandeepjain200019@gmail.com
2026-06-21 11:06:03 [INFO   ] PROGRESS |   Detailed Profile
2026-06-21 11:06:03 [INFO   ] PROGRESS |   Detailed Note on Funding Requirement
2026-06-21 11:06:03 [INFO   ] --------------------------------------------------------------
2026-06-21 11:06:03 [INFO   ] 
2026-06-21 11:06:03 [INFO   ] 
2026-06-21 11:06:03 [INFO   ] PROGRESS | Email preview — To: hitengujarathi1997@gmail.com | Subject: PlacementHub pre-seed intro with HITEN GUJARATHI & ASSOCIATES
2026-06-21 11:06:04 [INFO   ] SENT (Brevo) -> hitengujarathi1997@gmail.com (HITEN GUJARATHI & ASSOCIATES) | PlacementHub pre-seed intro with HITEN GUJARATHI & ASSOCIATES | messageId=<202606210536.10536281606@smtp-relay.mailin.fr> (API accepted; run audit-brevo to confirm delivery)
2026-06-21 11:06:04 [INFO   ] Sleeping for 10 seconds
2026-06-21 11:06:14 [INFO   ] PROGRESS | Send 3/10 | SENT | hitengujarathi1997@gmail.com | HITEN GUJARATHI & ASSOCIATES [Chartered Accountants & Company Secretaries] | ok=3 fail=0 skip=0
2026-06-21 11:06:14 [INFO   ] PROGRESS | Send 4/10 | SENDING | phulphagarvishal@gmail.com | VISHAL PHULPHAGAR & ASSOCIATES [Chartered Accountants & Company Secretaries] | ok=3 fail=0 skip=0
2026-06-21 11:06:17 [INFO   ] --------------------------------------------------------------
2026-06-21 11:06:17 [INFO   ] PROGRESS | Email content — To: phulphagarvishal@gmail.com
2026-06-21 11:06:17 [INFO   ] PROGRESS | Subject: PlacementHub pre-seed intro with VISHAL PHULPHAGAR & ASSOCIATES
2026-06-21 11:06:17 [INFO   ] PROGRESS | Body:
2026-06-21 11:06:17 [INFO   ] PROGRESS |   Dear Sir/Madam,
2026-06-21 11:06:17 [INFO   ] PROGRESS |   I am reaching out to introduce PlacementHub and explore whether any of your investor, entrepreneur, or
2026-06-21 11:06:17 [INFO   ] PROGRESS |   HNI clients may be open to reviewing a strategic seed opportunity.
2026-06-21 11:06:17 [INFO   ] PROGRESS |   My name is Sandeep Jain. PlacementHub is currently in its pre-seed fundraising stage, and I am
2026-06-21 11:06:17 [INFO   ] PROGRESS |   soliciting strategic seed investment for the same. PlacementHub is a campus placement and employability
2026-06-21 11:06:17 [INFO   ] PROGRESS |   platform connecting students, colleges, and recruiters. The product is built and in early
2026-06-21 11:06:17 [INFO   ] PROGRESS |   commercialization.
2026-06-21 11:06:17 [INFO   ] PROGRESS |   For reference, the detailed business plan, including the business model and go-to-market strategies, is
2026-06-21 11:06:17 [INFO   ] PROGRESS |   available here:
2026-06-21 11:06:17 [INFO   ] PROGRESS |   PlacementHub Business Plan
2026-06-21 11:06:17 [INFO   ] PROGRESS |   For a Chartered Accountant firm, the relevance is mainly professional and strategic:
2026-06-21 11:06:17 [INFO   ] PROGRESS |   PlacementHub may require support across accounting, taxation, compliance, payroll, investor documentation, audit, and related professional services.
2026-06-21 11:06:17 [INFO   ] PROGRESS |   I would naturally be pleased to consider and prioritize firms that support PlacementHub during its early growth phase, subject to suitability and mutual agreement.
2026-06-21 11:06:17 [INFO   ] PROGRESS |   The relationship can begin with a simple review of the investment note and, where appropriate, introductions to suitable investor clients.
2026-06-21 11:06:17 [INFO   ] PROGRESS |   If the opportunity is worth a look, I would be happy to send the note and speak briefly about the round,
2026-06-21 11:06:17 [INFO   ] PROGRESS |   the platform, and the type of strategic investors we are looking for.
2026-06-21 11:06:17 [INFO   ] PROGRESS |   Please reply to this email or call me if you would like to explore it.
2026-06-21 11:06:17 [INFO   ] PROGRESS |   Warm Regards,
2026-06-21 11:06:17 [INFO   ] PROGRESS |   Sandeep Jain
2026-06-21 11:06:17 [INFO   ] PROGRESS |   Founder, PlacementHub
2026-06-21 11:06:17 [INFO   ] PROGRESS |   +91-9860090620
2026-06-21 11:06:17 [INFO   ] PROGRESS |   sandeepjain200019@gmail.com
2026-06-21 11:06:17 [INFO   ] PROGRESS |   Detailed Profile
2026-06-21 11:06:17 [INFO   ] PROGRESS |   Detailed Note on Funding Requirement
2026-06-21 11:06:17 [INFO   ] --------------------------------------------------------------
2026-06-21 11:06:17 [INFO   ] 
2026-06-21 11:06:17 [INFO   ] 
2026-06-21 11:06:17 [INFO   ] PROGRESS | Email preview — To: phulphagarvishal@gmail.com | Subject: PlacementHub pre-seed intro with VISHAL PHULPHAGAR & ASSOCIATES
2026-06-21 11:06:19 [INFO   ] SENT (Brevo) -> phulphagarvishal@gmail.com (VISHAL PHULPHAGAR & ASSOCIATES) | PlacementHub pre-seed intro with VISHAL PHULPHAGAR & ASSOCIATES | messageId=<202606210536.84527227617@smtp-relay.mailin.fr> (API accepted; run audit-brevo to confirm delivery)
2026-06-21 11:06:19 [INFO   ] Sleeping for 10 seconds
2026-06-21 11:06:29 [INFO   ] PROGRESS | Send 4/10 | SENT | phulphagarvishal@gmail.com | VISHAL PHULPHAGAR & ASSOCIATES [Chartered Accountants & Company Secretaries] | ok=4 fail=0 skip=0
2026-06-21 11:06:29 [INFO   ] PROGRESS | Send 5/10 | SENDING | casanketshah3@gmail.com | SANKET SUHAS SHAH & ASSOCIATES [Chartered Accountants & Company Secretaries] | ok=4 fail=0 skip=0
2026-06-21 11:06:49 [INFO   ] --------------------------------------------------------------
2026-06-21 11:06:49 [INFO   ] PROGRESS | Email content — To: casanketshah3@gmail.com
2026-06-21 11:06:49 [INFO   ] PROGRESS | Subject: PlacementHub pre-seed intro with SANKET SUHAS SHAH & ASSOCIATES
2026-06-21 11:06:49 [INFO   ] PROGRESS | Body:
2026-06-21 11:06:49 [INFO   ] PROGRESS |   Dear Sir/Madam,
2026-06-21 11:06:49 [INFO   ] PROGRESS |   I am reaching out to introduce PlacementHub and explore whether any of your investor, entrepreneur, or
2026-06-21 11:06:49 [INFO   ] PROGRESS |   HNI clients may be open to reviewing a strategic seed opportunity.
2026-06-21 11:06:49 [INFO   ] PROGRESS |   My name is Sandeep Jain. PlacementHub is currently in its pre-seed fundraising stage, and I am
2026-06-21 11:06:49 [INFO   ] PROGRESS |   soliciting strategic seed investment for the same. PlacementHub is a campus placement and employability
2026-06-21 11:06:49 [INFO   ] PROGRESS |   platform connecting students, colleges, and recruiters. The product is built and in early
2026-06-21 11:06:49 [INFO   ] PROGRESS |   commercialization.
2026-06-21 11:06:49 [INFO   ] PROGRESS |   For reference, the detailed business plan, including the business model and go-to-market strategies, is
2026-06-21 11:06:49 [INFO   ] PROGRESS |   available here:
2026-06-21 11:06:49 [INFO   ] PROGRESS |   PlacementHub Business Plan
2026-06-21 11:06:49 [INFO   ] PROGRESS |   For a Chartered Accountant firm, the relevance is mainly professional and strategic:
2026-06-21 11:06:49 [INFO   ] PROGRESS |   PlacementHub may require support across accounting, taxation, compliance, payroll, investor documentation, audit, and related professional services.
2026-06-21 11:06:49 [INFO   ] PROGRESS |   I would naturally be pleased to consider and prioritize firms that support PlacementHub during its early growth phase, subject to suitability and mutual agreement.
2026-06-21 11:06:49 [INFO   ] PROGRESS |   The relationship can begin with a simple review of the investment note and, where appropriate, introductions to suitable investor clients.
2026-06-21 11:06:49 [INFO   ] PROGRESS |   If the opportunity is worth a look, I would be happy to send the note and speak briefly about the round,
2026-06-21 11:06:49 [INFO   ] PROGRESS |   the platform, and the type of strategic investors we are looking for.
2026-06-21 11:06:49 [INFO   ] PROGRESS |   Please reply to this email or call me if you would like to explore it.
2026-06-21 11:06:49 [INFO   ] PROGRESS |   Warm Regards,
2026-06-21 11:06:49 [INFO   ] PROGRESS |   Sandeep Jain
2026-06-21 11:06:49 [INFO   ] PROGRESS |   Founder, PlacementHub
2026-06-21 11:06:49 [INFO   ] PROGRESS |   +91-9860090620
2026-06-21 11:06:49 [INFO   ] PROGRESS |   sandeepjain200019@gmail.com
2026-06-21 11:06:49 [INFO   ] PROGRESS |   Detailed Profile
2026-06-21 11:06:49 [INFO   ] PROGRESS |   Detailed Note on Funding Requirement
2026-06-21 11:06:49 [INFO   ] --------------------------------------------------------------
2026-06-21 11:06:49 [INFO   ] 
2026-06-21 11:06:49 [INFO   ] 
2026-06-21 11:06:49 [INFO   ] PROGRESS | Email preview — To: casanketshah3@gmail.com | Subject: PlacementHub pre-seed intro with SANKET SUHAS SHAH & ASSOCIATES
2026-06-21 11:06:51 [INFO   ] SENT (Brevo) -> casanketshah3@gmail.com (SANKET SUHAS SHAH & ASSOCIATES) | PlacementHub pre-seed intro with SANKET SUHAS SHAH & ASSOCIATES | messageId=<202606210536.26026852109@smtp-relay.mailin.fr> (API accepted; run audit-brevo to confirm delivery)
2026-06-21 11:06:51 [INFO   ] Sleeping for 10 seconds
2026-06-21 11:07:01 [INFO   ] PROGRESS | Send 5/10 | SENT | casanketshah3@gmail.com | SANKET SUHAS SHAH & ASSOCIATES [Chartered Accountants & Company Secretaries] | ok=5 fail=0 skip=0
2026-06-21 11:07:01 [INFO   ] PROGRESS | Send 6/10 | SENDING | anilsagarwal@gmail.com | A G H & ASSOCIATES [Chartered Accountants & Company Secretaries] | ok=5 fail=0 skip=0
2026-06-21 11:07:04 [INFO   ] --------------------------------------------------------------
2026-06-21 11:07:04 [INFO   ] PROGRESS | Email content — To: anilsagarwal@gmail.com
2026-06-21 11:07:04 [INFO   ] PROGRESS | Subject: PlacementHub pre-seed intro with A G H & ASSOCIATES
2026-06-21 11:07:04 [INFO   ] PROGRESS | Body:
2026-06-21 11:07:04 [INFO   ] PROGRESS |   Dear Sir/Madam,
2026-06-21 11:07:04 [INFO   ] PROGRESS |   I am reaching out to introduce PlacementHub and explore whether any of your investor, entrepreneur, or
2026-06-21 11:07:04 [INFO   ] PROGRESS |   HNI clients may be open to reviewing a strategic seed opportunity.
2026-06-21 11:07:04 [INFO   ] PROGRESS |   My name is Sandeep Jain. PlacementHub is currently in its pre-seed fundraising stage, and I am
2026-06-21 11:07:04 [INFO   ] PROGRESS |   soliciting strategic seed investment for the same. PlacementHub is a campus placement and employability
2026-06-21 11:07:04 [INFO   ] PROGRESS |   platform connecting students, colleges, and recruiters. The product is built and in early
2026-06-21 11:07:04 [INFO   ] PROGRESS |   commercialization.
2026-06-21 11:07:04 [INFO   ] PROGRESS |   For reference, the detailed business plan, including the business model and go-to-market strategies, is
2026-06-21 11:07:04 [INFO   ] PROGRESS |   available here:
2026-06-21 11:07:04 [INFO   ] PROGRESS |   PlacementHub Business Plan
2026-06-21 11:07:04 [INFO   ] PROGRESS |   For a Chartered Accountant firm, the relevance is mainly professional and strategic:
2026-06-21 11:07:04 [INFO   ] PROGRESS |   PlacementHub may require support across accounting, taxation, compliance, payroll, investor documentation, audit, and related professional services.
2026-06-21 11:07:04 [INFO   ] PROGRESS |   I would naturally be pleased to consider and prioritize firms that support PlacementHub during its early growth phase, subject to suitability and mutual agreement.
2026-06-21 11:07:04 [INFO   ] PROGRESS |   The relationship can begin with a simple review of the investment note and, where appropriate, introductions to suitable investor clients.
2026-06-21 11:07:04 [INFO   ] PROGRESS |   If the opportunity is worth a look, I would be happy to send the note and speak briefly about the round,
2026-06-21 11:07:04 [INFO   ] PROGRESS |   the platform, and the type of strategic investors we are looking for.
2026-06-21 11:07:04 [INFO   ] PROGRESS |   Please reply to this email or call me if you would like to explore it.
2026-06-21 11:07:04 [INFO   ] PROGRESS |   Warm Regards,
2026-06-21 11:07:04 [INFO   ] PROGRESS |   Sandeep Jain
2026-06-21 11:07:04 [INFO   ] PROGRESS |   Founder, PlacementHub
2026-06-21 11:07:04 [INFO   ] PROGRESS |   +91-9860090620
2026-06-21 11:07:04 [INFO   ] PROGRESS |   sandeepjain200019@gmail.com
2026-06-21 11:07:04 [INFO   ] PROGRESS |   Detailed Profile
2026-06-21 11:07:04 [INFO   ] PROGRESS |   Detailed Note on Funding Requirement
2026-06-21 11:07:04 [INFO   ] --------------------------------------------------------------
2026-06-21 11:07:04 [INFO   ] 
2026-06-21 11:07:04 [INFO   ] 
2026-06-21 11:07:04 [INFO   ] PROGRESS | Email preview — To: anilsagarwal@gmail.com | Subject: PlacementHub pre-seed intro with A G H & ASSOCIATES
2026-06-21 11:07:05 [INFO   ] SENT (Brevo) -> anilsagarwal@gmail.com (A G H & ASSOCIATES) | PlacementHub pre-seed intro with A G H & ASSOCIATES | messageId=<202606210537.96851490069@smtp-relay.mailin.fr> (API accepted; run audit-brevo to confirm delivery)
2026-06-21 11:07:05 [INFO   ] Sleeping for 10 seconds
2026-06-21 11:07:15 [INFO   ] PROGRESS | Send 6/10 | SENT | anilsagarwal@gmail.com | A G H & ASSOCIATES [Chartered Accountants & Company Secretaries] | ok=6 fail=0 skip=0
2026-06-21 11:07:15 [INFO   ] PROGRESS | Send 7/10 | SENDING | constitution date | BATTULL AND ASSOCIATES LLP [Chartered Accountants & Company Secretaries] | ok=6 fail=0 skip=0
2026-06-21 11:07:17 [INFO   ] --------------------------------------------------------------
2026-06-21 11:07:17 [INFO   ] PROGRESS | Email content — To: constitution date
2026-06-21 11:07:17 [INFO   ] PROGRESS | Subject: PlacementHub pre-seed intro with BATTULL AND ASSOCIATES LLP
2026-06-21 11:07:17 [INFO   ] PROGRESS | Body:
2026-06-21 11:07:17 [INFO   ] PROGRESS |   Dear Sir/Madam,
2026-06-21 11:07:17 [INFO   ] PROGRESS |   I am reaching out to introduce PlacementHub and explore whether any of your investor, entrepreneur, or
2026-06-21 11:07:17 [INFO   ] PROGRESS |   HNI clients may be open to reviewing a strategic seed opportunity.
2026-06-21 11:07:17 [INFO   ] PROGRESS |   My name is Sandeep Jain. PlacementHub is currently in its pre-seed fundraising stage, and I am
2026-06-21 11:07:17 [INFO   ] PROGRESS |   soliciting strategic seed investment for the same. PlacementHub is a campus placement and employability
2026-06-21 11:07:17 [INFO   ] PROGRESS |   platform connecting students, colleges, and recruiters. The product is built and in early
2026-06-21 11:07:17 [INFO   ] PROGRESS |   commercialization.
2026-06-21 11:07:17 [INFO   ] PROGRESS |   For reference, the detailed business plan, including the business model and go-to-market strategies, is
2026-06-21 11:07:17 [INFO   ] PROGRESS |   available here:
2026-06-21 11:07:17 [INFO   ] PROGRESS |   PlacementHub Business Plan
2026-06-21 11:07:17 [INFO   ] PROGRESS |   For a Chartered Accountant firm, the relevance is mainly professional and strategic:
2026-06-21 11:07:17 [INFO   ] PROGRESS |   PlacementHub may require support across accounting, taxation, compliance, payroll, investor documentation, audit, and related professional services.
2026-06-21 11:07:17 [INFO   ] PROGRESS |   I would naturally be pleased to consider and prioritize firms that support PlacementHub during its early growth phase, subject to suitability and mutual agreement.
2026-06-21 11:07:17 [INFO   ] PROGRESS |   The relationship can begin with a simple review of the investment note and, where appropriate, introductions to suitable investor clients.
2026-06-21 11:07:17 [INFO   ] PROGRESS |   If the opportunity is worth a look, I would be happy to send the note and speak briefly about the round,
2026-06-21 11:07:17 [INFO   ] PROGRESS |   the platform, and the type of strategic investors we are looking for.
2026-06-21 11:07:17 [INFO   ] PROGRESS |   Please reply to this email or call me if you would like to explore it.
2026-06-21 11:07:17 [INFO   ] PROGRESS |   Warm Regards,
2026-06-21 11:07:17 [INFO   ] PROGRESS |   Sandeep Jain
2026-06-21 11:07:17 [INFO   ] PROGRESS |   Founder, PlacementHub
2026-06-21 11:07:17 [INFO   ] PROGRESS |   +91-9860090620
2026-06-21 11:07:17 [INFO   ] PROGRESS |   sandeepjain200019@gmail.com
2026-06-21 11:07:17 [INFO   ] PROGRESS |   Detailed Profile
2026-06-21 11:07:17 [INFO   ] PROGRESS |   Detailed Note on Funding Requirement
2026-06-21 11:07:17 [INFO   ] --------------------------------------------------------------
2026-06-21 11:07:17 [INFO   ] 
2026-06-21 11:07:17 [INFO   ] 
2026-06-21 11:07:17 [INFO   ] PROGRESS | Email preview — To: constitution date | Subject: PlacementHub pre-seed intro with BATTULL AND ASSOCIATES LLP
2026-06-21 11:07:18 [ERROR  ] Brevo send failed for constitution date: Brevo API send failed for constitution date: (400)
Reason: Bad Request
HTTP response headers: HTTPHeaderDict({'Date': 'Sun, 21 Jun 2026 05:37:18 GMT', 'Content-Type': 'application/json', 'Content-Length': '66', 'Connection': 'keep-alive', 'CF-RAY': 'a0f0a919386522a6-CDG', 'x-envoy-upstream-service-time': '30', 'access-control-allow-credentials': 'true', 'sib-request-id': 'd72fe857-377e-942b-8563-a92fd655942a', 'access-control-allow-origin': '*', 'access-control-allow-headers': '*', 'access-control-allow-methods': 'PUT, POST, GET, DELETE, PATCH, OPTIONS', 'x-sib-ratelimit-limit': '1000', 'x-sib-ratelimit-remaining': '999', 'x-sib-ratelimit-reset': '1', 'cf-cache-status': 'DYNAMIC', 'Set-Cookie': '_cfuvid=31O7WPsu93J_JJ4Kvj7FJlfvAx6tPXn7B86DyZzTMT0-1782020238323-0.0.1.1-604800000; path=/; domain=.sendinblue.com; HttpOnly; Secure; SameSite=None', 'Server': 'cloudflare'})
HTTP response body: {"code":"invalid_parameter","message":"email is not valid in to"}


2026-06-21 11:07:18 [INFO   ] PROGRESS | Send 7/10 | FAILED | constitution date | BATTULL AND ASSOCIATES LLP [Chartered Accountants & Company Secretaries] | ok=6 fail=1 skip=0
2026-06-21 11:07:18 [INFO   ] PROGRESS | Send 8/10 | SENDING | yash.nagar@hotmail.com | S N G P & CO [Chartered Accountants & Company Secretaries] | ok=6 fail=1 skip=0
2026-06-21 11:07:20 [INFO   ] --------------------------------------------------------------
2026-06-21 11:07:20 [INFO   ] PROGRESS | Email content — To: yash.nagar@hotmail.com
2026-06-21 11:07:20 [INFO   ] PROGRESS | Subject: PlacementHub pre-seed intro with S N G P & CO
2026-06-21 11:07:20 [INFO   ] PROGRESS | Body:
2026-06-21 11:07:20 [INFO   ] PROGRESS |   Dear Sir/Madam,
2026-06-21 11:07:20 [INFO   ] PROGRESS |   I am reaching out to introduce PlacementHub and explore whether any of your investor, entrepreneur, or
2026-06-21 11:07:20 [INFO   ] PROGRESS |   HNI clients may be open to reviewing a strategic seed opportunity.
2026-06-21 11:07:20 [INFO   ] PROGRESS |   My name is Sandeep Jain. PlacementHub is currently in its pre-seed fundraising stage, and I am
2026-06-21 11:07:20 [INFO   ] PROGRESS |   soliciting strategic seed investment for the same. PlacementHub is a campus placement and employability
2026-06-21 11:07:20 [INFO   ] PROGRESS |   platform connecting students, colleges, and recruiters. The product is built and in early
2026-06-21 11:07:20 [INFO   ] PROGRESS |   commercialization.
2026-06-21 11:07:20 [INFO   ] PROGRESS |   For reference, the detailed business plan, including the business model and go-to-market strategies, is
2026-06-21 11:07:20 [INFO   ] PROGRESS |   available here:
2026-06-21 11:07:20 [INFO   ] PROGRESS |   PlacementHub Business Plan
2026-06-21 11:07:20 [INFO   ] PROGRESS |   For a Chartered Accountant firm, the relevance is mainly professional and strategic:
2026-06-21 11:07:20 [INFO   ] PROGRESS |   PlacementHub may require support across accounting, taxation, compliance, payroll, investor documentation, audit, and related professional services.
2026-06-21 11:07:20 [INFO   ] PROGRESS |   I would naturally be pleased to consider and prioritize firms that support PlacementHub during its early growth phase, subject to suitability and mutual agreement.
2026-06-21 11:07:20 [INFO   ] PROGRESS |   The relationship can begin with a simple review of the investment note and, where appropriate, introductions to suitable investor clients.
2026-06-21 11:07:20 [INFO   ] PROGRESS |   If the opportunity is worth a look, I would be happy to send the note and speak briefly about the round,
2026-06-21 11:07:20 [INFO   ] PROGRESS |   the platform, and the type of strategic investors we are looking for.
2026-06-21 11:07:20 [INFO   ] PROGRESS |   Please reply to this email or call me if you would like to explore it.
2026-06-21 11:07:20 [INFO   ] PROGRESS |   Warm Regards,
2026-06-21 11:07:20 [INFO   ] PROGRESS |   Sandeep Jain
2026-06-21 11:07:20 [INFO   ] PROGRESS |   Founder, PlacementHub
2026-06-21 11:07:20 [INFO   ] PROGRESS |   +91-9860090620
2026-06-21 11:07:20 [INFO   ] PROGRESS |   sandeepjain200019@gmail.com
2026-06-21 11:07:20 [INFO   ] PROGRESS |   Detailed Profile
2026-06-21 11:07:20 [INFO   ] PROGRESS |   Detailed Note on Funding Requirement
2026-06-21 11:07:20 [INFO   ] --------------------------------------------------------------
2026-06-21 11:07:20 [INFO   ] 
2026-06-21 11:07:20 [INFO   ] 
2026-06-21 11:07:20 [INFO   ] PROGRESS | Email preview — To: yash.nagar@hotmail.com | Subject: PlacementHub pre-seed intro with S N G P & CO
2026-06-21 11:07:21 [INFO   ] SENT (Brevo) -> yash.nagar@hotmail.com (S N G P & CO) | PlacementHub pre-seed intro with S N G P & CO | messageId=<202606210537.70950408765@smtp-relay.mailin.fr> (API accepted; run audit-brevo to confirm delivery)
2026-06-21 11:07:21 [INFO   ] Sleeping for 10 seconds
2026-06-21 11:07:31 [INFO   ] PROGRESS | Send 8/10 | SENT | yash.nagar@hotmail.com | S N G P & CO [Chartered Accountants & Company Secretaries] | ok=7 fail=1 skip=0
2026-06-21 11:07:31 [INFO   ] PROGRESS | Send 9/10 | SENDING | pawarg641@gmail.com | GANESH PAWAR & ASSOCIATES [Chartered Accountants & Company Secretaries] | ok=7 fail=1 skip=0
2026-06-21 11:07:35 [INFO   ] --------------------------------------------------------------
2026-06-21 11:07:35 [INFO   ] PROGRESS | Email content — To: pawarg641@gmail.com
2026-06-21 11:07:35 [INFO   ] PROGRESS | Subject: PlacementHub pre-seed intro with GANESH PAWAR & ASSOCIATES
2026-06-21 11:07:35 [INFO   ] PROGRESS | Body:
2026-06-21 11:07:35 [INFO   ] PROGRESS |   Dear Sir/Madam,
2026-06-21 11:07:35 [INFO   ] PROGRESS |   I am reaching out to introduce PlacementHub and explore whether any of your investor, entrepreneur, or
2026-06-21 11:07:35 [INFO   ] PROGRESS |   HNI clients may be open to reviewing a strategic seed opportunity.
2026-06-21 11:07:35 [INFO   ] PROGRESS |   My name is Sandeep Jain. PlacementHub is currently in its pre-seed fundraising stage, and I am
2026-06-21 11:07:35 [INFO   ] PROGRESS |   soliciting strategic seed investment for the same. PlacementHub is a campus placement and employability
2026-06-21 11:07:35 [INFO   ] PROGRESS |   platform connecting students, colleges, and recruiters. The product is built and in early
2026-06-21 11:07:35 [INFO   ] PROGRESS |   commercialization.
2026-06-21 11:07:35 [INFO   ] PROGRESS |   For reference, the detailed business plan, including the business model and go-to-market strategies, is
2026-06-21 11:07:35 [INFO   ] PROGRESS |   available here:
2026-06-21 11:07:35 [INFO   ] PROGRESS |   PlacementHub Business Plan
2026-06-21 11:07:35 [INFO   ] PROGRESS |   For a Chartered Accountant firm, the relevance is mainly professional and strategic:
2026-06-21 11:07:35 [INFO   ] PROGRESS |   PlacementHub may require support across accounting, taxation, compliance, payroll, investor documentation, audit, and related professional services.
2026-06-21 11:07:35 [INFO   ] PROGRESS |   I would naturally be pleased to consider and prioritize firms that support PlacementHub during its early growth phase, subject to suitability and mutual agreement.
2026-06-21 11:07:35 [INFO   ] PROGRESS |   The relationship can begin with a simple review of the investment note and, where appropriate, introductions to suitable investor clients.
2026-06-21 11:07:35 [INFO   ] PROGRESS |   If the opportunity is worth a look, I would be happy to send the note and speak briefly about the round,
2026-06-21 11:07:35 [INFO   ] PROGRESS |   the platform, and the type of strategic investors we are looking for.
2026-06-21 11:07:35 [INFO   ] PROGRESS |   Please reply to this email or call me if you would like to explore it.
2026-06-21 11:07:35 [INFO   ] PROGRESS |   Warm Regards,
2026-06-21 11:07:35 [INFO   ] PROGRESS |   Sandeep Jain
2026-06-21 11:07:35 [INFO   ] PROGRESS |   Founder, PlacementHub
2026-06-21 11:07:35 [INFO   ] PROGRESS |   +91-9860090620
2026-06-21 11:07:35 [INFO   ] PROGRESS |   sandeepjain200019@gmail.com
2026-06-21 11:07:35 [INFO   ] PROGRESS |   Detailed Profile
2026-06-21 11:07:35 [INFO   ] PROGRESS |   Detailed Note on Funding Requirement
2026-06-21 11:07:35 [INFO   ] --------------------------------------------------------------
2026-06-21 11:07:35 [INFO   ] 
2026-06-21 11:07:35 [INFO   ] 
2026-06-21 11:07:35 [INFO   ] PROGRESS | Email preview — To: pawarg641@gmail.com | Subject: PlacementHub pre-seed intro with GANESH PAWAR & ASSOCIATES
2026-06-21 11:07:36 [INFO   ] SENT (Brevo) -> pawarg641@gmail.com (GANESH PAWAR & ASSOCIATES) | PlacementHub pre-seed intro with GANESH PAWAR & ASSOCIATES | messageId=<202606210537.12651127895@smtp-relay.mailin.fr> (API accepted; run audit-brevo to confirm delivery)
2026-06-21 11:07:36 [INFO   ] Sleeping for 10 seconds
2026-06-21 11:07:46 [INFO   ] PROGRESS | Send 9/10 | SENT | pawarg641@gmail.com | GANESH PAWAR & ASSOCIATES [Chartered Accountants & Company Secretaries] | ok=8 fail=1 skip=0
2026-06-21 11:07:46 [INFO   ] PROGRESS | Send 10/10 | SENDING | cahimanshuchandak@gmail.com | H P C & ASSOCIATES [Chartered Accountants & Company Secretaries] | ok=8 fail=1 skip=0
2026-06-21 11:07:48 [INFO   ] --------------------------------------------------------------
2026-06-21 11:07:48 [INFO   ] PROGRESS | Email content — To: cahimanshuchandak@gmail.com
2026-06-21 11:07:48 [INFO   ] PROGRESS | Subject: PlacementHub pre-seed intro with H P C & ASSOCIATES
2026-06-21 11:07:48 [INFO   ] PROGRESS | Body:
2026-06-21 11:07:48 [INFO   ] PROGRESS |   Dear Sir/Madam,
2026-06-21 11:07:48 [INFO   ] PROGRESS |   I am reaching out to introduce PlacementHub and explore whether any of your investor, entrepreneur, or
2026-06-21 11:07:48 [INFO   ] PROGRESS |   HNI clients may be open to reviewing a strategic seed opportunity.
2026-06-21 11:07:48 [INFO   ] PROGRESS |   My name is Sandeep Jain. PlacementHub is currently in its pre-seed fundraising stage, and I am
2026-06-21 11:07:48 [INFO   ] PROGRESS |   soliciting strategic seed investment for the same. PlacementHub is a campus placement and employability
2026-06-21 11:07:48 [INFO   ] PROGRESS |   platform connecting students, colleges, and recruiters. The product is built and in early
2026-06-21 11:07:48 [INFO   ] PROGRESS |   commercialization.
2026-06-21 11:07:48 [INFO   ] PROGRESS |   For reference, the detailed business plan, including the business model and go-to-market strategies, is
2026-06-21 11:07:48 [INFO   ] PROGRESS |   available here:
2026-06-21 11:07:48 [INFO   ] PROGRESS |   PlacementHub Business Plan
2026-06-21 11:07:48 [INFO   ] PROGRESS |   For a Chartered Accountant firm, the relevance is mainly professional and strategic:
2026-06-21 11:07:48 [INFO   ] PROGRESS |   PlacementHub may require support across accounting, taxation, compliance, payroll, investor documentation, audit, and related professional services.
2026-06-21 11:07:48 [INFO   ] PROGRESS |   I would naturally be pleased to consider and prioritize firms that support PlacementHub during its early growth phase, subject to suitability and mutual agreement.
2026-06-21 11:07:48 [INFO   ] PROGRESS |   The relationship can begin with a simple review of the investment note and, where appropriate, introductions to suitable investor clients.
2026-06-21 11:07:48 [INFO   ] PROGRESS |   If the opportunity is worth a look, I would be happy to send the note and speak briefly about the round,
2026-06-21 11:07:48 [INFO   ] PROGRESS |   the platform, and the type of strategic investors we are looking for.
2026-06-21 11:07:48 [INFO   ] PROGRESS |   Please reply to this email or call me if you would like to explore it.
2026-06-21 11:07:48 [INFO   ] PROGRESS |   Warm Regards,
2026-06-21 11:07:48 [INFO   ] PROGRESS |   Sandeep Jain
2026-06-21 11:07:48 [INFO   ] PROGRESS |   Founder, PlacementHub
2026-06-21 11:07:48 [INFO   ] PROGRESS |   +91-9860090620
2026-06-21 11:07:48 [INFO   ] PROGRESS |   sandeepjain200019@gmail.com
2026-06-21 11:07:48 [INFO   ] PROGRESS |   Detailed Profile
2026-06-21 11:07:48 [INFO   ] PROGRESS |   Detailed Note on Funding Requirement
2026-06-21 11:07:48 [INFO   ] --------------------------------------------------------------
2026-06-21 11:07:48 [INFO   ] 
2026-06-21 11:07:48 [INFO   ] 
2026-06-21 11:07:48 [INFO   ] PROGRESS | Email preview — To: cahimanshuchandak@gmail.com | Subject: PlacementHub pre-seed intro with H P C & ASSOCIATES
2026-06-21 11:07:50 [INFO   ] SENT (Brevo) -> cahimanshuchandak@gmail.com (H P C & ASSOCIATES) | PlacementHub pre-seed intro with H P C & ASSOCIATES | messageId=<202606210537.84535696950@smtp-relay.mailin.fr> (API accepted; run audit-brevo to confirm delivery)
2026-06-21 11:07:50 [INFO   ] Sleeping for 10 seconds
2026-06-21 11:08:00 [INFO   ] PROGRESS | Send 10/10 | SENT | cahimanshuchandak@gmail.com | H P C & ASSOCIATES [Chartered Accountants & Company Secretaries] | ok=9 fail=1 skip=0
2026-06-21 11:08:06 [INFO   ] CA send complete: {'sent': 9, 'failed': 1, 'skipped': 0, 'queue_size': 10, 'ca_only': True, 'ca_bulk_unsent': 688, 'sent_ca_connect': 9, 'sent_by_industry': {'ca_cs_firms': 9}, 'send_limit': 10}
2026-06-21 11:08:06 [INFO   ] PROGRESS | Done — CA send — 9 sent, 1 failed, 679 unsent in ca_bulk.db
