2026-06-18 19:57:00 [INFO   ] Log file: C:\Users\sandeep\Downloads\Claudes\investment\logs\immigration_2026-06-18_19-57-00.log
2026-06-18 19:57:00 [INFO   ] 
2026-06-18 19:57:00 [INFO   ] ==============================================================
2026-06-18 19:57:00 [INFO   ] PROGRESS | Send — partnership emails
2026-06-18 19:57:00 [INFO   ] ==============================================================
2026-06-18 19:57:01 [INFO   ] Send transport: Brevo API (config: C:\Users\sandeep\Downloads\Claudes\investment\mail_config.json, template: C:\Users\sandeep\Downloads\Claudes\investment\partnership.html, sender: sandeepjain200019@gmail.com)
2026-06-18 19:57:01 [INFO   ] CA send queue: 804 unsent contact(s) from ca_bulk.db (caconnect.icai.org).
2026-06-18 19:57:01 [INFO   ] Sending up to 32 email(s) this run (emails_per_run).
2026-06-18 19:57:02 [INFO   ] Send queue reserves 8/8 slot(s) for CA portal contacts (8 from ca_bulk.db).
2026-06-18 19:57:02 [INFO   ] Send queue reserves 4/4 slot(s) for industry company_secretary_firms.
2026-06-18 19:57:02 [INFO   ] Send queue reserves 4/4 slot(s) for industry tax_consultants.
2026-06-18 19:57:07 [INFO   ] PROGRESS | Send plan — 32 recipient(s) in queue
2026-06-18 19:57:07 [INFO   ] PROGRESS | Send 1/32 | SENDING | camaheshghadshi@gmail.com | CA. MAHESH SITARAM GHADSHI [Chartered Accountants & Company Secretaries] | ok=0 fail=0 skip=0
2026-06-18 19:57:07 [INFO   ] Loaded 41 NVIDIA API key(s) for rotation.
2026-06-18 19:57:10 [INFO   ] PROGRESS | Email preview — To: camaheshghadshi@gmail.com | Subject: PlacementHub pre-seed intro with CA. MAHESH SITARAM GHADSHI
2026-06-18 19:57:12 [INFO   ] SENT (Brevo) -> camaheshghadshi@gmail.com (CA. MAHESH SITARAM GHADSHI) | PlacementHub pre-seed intro with CA. MAHESH SITARAM GHADSHI | messageId=<202606181427.31250067555@smtp-relay.mailin.fr> (API accepted; run audit-brevo to confirm delivery)
2026-06-18 19:57:17 [INFO   ] PROGRESS | Send 1/32 | SENT | camaheshghadshi@gmail.com | CA. MAHESH SITARAM GHADSHI [Chartered Accountants & Company Secretaries] | ok=1 fail=0 skip=0
2026-06-18 19:57:17 [INFO   ] PROGRESS | Send 2/32 | SENDING | smkaudit@gmail.com | CA. KULKARNI SHIRISH MADHUSUDAN [Chartered Accountants & Company Secretaries] | ok=1 fail=0 skip=0
2026-06-18 19:57:20 [INFO   ] PROGRESS | Email preview — To: smkaudit@gmail.com | Subject: PlacementHub pre-seed intro with CA. KULKARNI SHIRISH MADHUSUDAN
2026-06-18 19:57:21 [INFO   ] SENT (Brevo) -> smkaudit@gmail.com (CA. KULKARNI SHIRISH MADHUSUDAN) | PlacementHub pre-seed intro with CA. KULKARNI SHIRISH MADHUSUDAN | messageId=<202606181427.90686007208@smtp-relay.mailin.fr> (API accepted; run audit-brevo to confirm delivery)
2026-06-18 19:57:26 [INFO   ] PROGRESS | Send 2/32 | SENT | smkaudit@gmail.com | CA. KULKARNI SHIRISH MADHUSUDAN [Chartered Accountants & Company Secretaries] | ok=2 fail=0 skip=0
2026-06-18 19:57:26 [INFO   ] PROGRESS | Send 3/32 | SENDING | ca.pushkarjoshi@gmail.com | PUSHKAR ANIL JOSHI [Chartered Accountants & Company Secretaries] | ok=2 fail=0 skip=0
2026-06-18 19:57:30 [INFO   ] PROGRESS | Email preview — To: ca.pushkarjoshi@gmail.com | Subject: PlacementHub pre-seed intro with PUSHKAR ANIL JOSHI
2026-06-18 19:57:31 [INFO   ] SENT (Brevo) -> ca.pushkarjoshi@gmail.com (PUSHKAR ANIL JOSHI) | PlacementHub pre-seed intro with PUSHKAR ANIL JOSHI | messageId=<202606181427.96109680816@smtp-relay.mailin.fr> (API accepted; run audit-brevo to confirm delivery)
2026-06-18 19:57:36 [INFO   ] PROGRESS | Send 3/32 | SENT | ca.pushkarjoshi@gmail.com | PUSHKAR ANIL JOSHI [Chartered Accountants & Company Secretaries] | ok=3 fail=0 skip=0
2026-06-18 19:57:36 [INFO   ] PROGRESS | Send 4/32 | SENDING | caadvaitmedhekar@gmail.com | ADVAIT PRASHANT MEDHEKAR [Chartered Accountants & Company Secretaries] | ok=3 fail=0 skip=0
2026-06-18 19:57:40 [INFO   ] PROGRESS | Email preview — To: caadvaitmedhekar@gmail.com | Subject: PlacementHub pre-seed intro with ADVAIT PRASHANT MEDHEKAR
2026-06-18 19:57:41 [INFO   ] SENT (Brevo) -> caadvaitmedhekar@gmail.com (ADVAIT PRASHANT MEDHEKAR) | PlacementHub pre-seed intro with ADVAIT PRASHANT MEDHEKAR | messageId=<202606181427.30900444753@smtp-relay.mailin.fr> (API accepted; run audit-brevo to confirm delivery)
2026-06-18 19:57:46 [INFO   ] PROGRESS | Send 4/32 | SENT | caadvaitmedhekar@gmail.com | ADVAIT PRASHANT MEDHEKAR [Chartered Accountants & Company Secretaries] | ok=4 fail=0 skip=0
2026-06-18 19:57:46 [INFO   ] PROGRESS | Send 5/32 | SENDING | caakashasabe@gmail.com | AKASH PRAKASH ASABE [Chartered Accountants & Company Secretaries] | ok=4 fail=0 skip=0
2026-06-18 19:57:50 [INFO   ] PROGRESS | Email preview — To: caakashasabe@gmail.com | Subject: PlacementHub pre-seed intro with AKASH PRAKASH ASABE
2026-06-18 19:57:51 [INFO   ] SENT (Brevo) -> caakashasabe@gmail.com (AKASH PRAKASH ASABE) | PlacementHub pre-seed intro with AKASH PRAKASH ASABE | messageId=<202606181427.25134927901@smtp-relay.mailin.fr> (API accepted; run audit-brevo to confirm delivery)
2026-06-18 19:57:56 [INFO   ] PROGRESS | Send 5/32 | SENT | caakashasabe@gmail.com | AKASH PRAKASH ASABE [Chartered Accountants & Company Secretaries] | ok=5 fail=0 skip=0
2026-06-18 19:57:56 [INFO   ] PROGRESS | Send 6/32 | SENDING | senapati_rajendra@yahoo.com | RAJENDRA SENAPATI [Chartered Accountants & Company Secretaries] | ok=5 fail=0 skip=0
2026-06-18 19:58:06 [INFO   ] PROGRESS | Email preview — To: senapati_rajendra@yahoo.com | Subject: PlacementHub pre-seed intro with RAJENDRA SENAPATI
2026-06-18 19:58:07 [INFO   ] SENT (Brevo) -> senapati_rajendra@yahoo.com (RAJENDRA SENAPATI) | PlacementHub pre-seed intro with RAJENDRA SENAPATI | messageId=<202606181428.44531342262@smtp-relay.mailin.fr> (API accepted; run audit-brevo to confirm delivery)
2026-06-18 19:58:12 [INFO   ] PROGRESS | Send 6/32 | SENT | senapati_rajendra@yahoo.com | RAJENDRA SENAPATI [Chartered Accountants & Company Secretaries] | ok=6 fail=0 skip=0
2026-06-18 19:58:12 [INFO   ] PROGRESS | Send 7/32 | SENDING | casagarbhosale@gmail.com | SAGAR BALASAHEB BHOSALE [Chartered Accountants & Company Secretaries] | ok=6 fail=0 skip=0
2026-06-18 19:58:15 [INFO   ] PROGRESS | Email preview — To: casagarbhosale@gmail.com | Subject: PlacementHub pre-seed intro with SAGAR BALASAHEB BHOSALE
2026-06-18 19:58:16 [INFO   ] SENT (Brevo) -> casagarbhosale@gmail.com (SAGAR BALASAHEB BHOSALE) | PlacementHub pre-seed intro with SAGAR BALASAHEB BHOSALE | messageId=<202606181428.71820982305@smtp-relay.mailin.fr> (API accepted; run audit-brevo to confirm delivery)
2026-06-18 19:58:21 [INFO   ] PROGRESS | Send 7/32 | SENT | casagarbhosale@gmail.com | SAGAR BALASAHEB BHOSALE [Chartered Accountants & Company Secretaries] | ok=7 fail=0 skip=0
2026-06-18 19:58:21 [INFO   ] PROGRESS | Send 8/32 | SENDING | sopanlate07@gmail.com | SOPAN PARMESHWAR LATE [Chartered Accountants & Company Secretaries] | ok=7 fail=0 skip=0
2026-06-18 19:58:44 [INFO   ] PROGRESS | Email preview — To: sopanlate07@gmail.com | Subject: PlacementHub pre-seed intro with SOPAN PARMESHWAR LATE
2026-06-18 19:58:46 [INFO   ] SENT (Brevo) -> sopanlate07@gmail.com (SOPAN PARMESHWAR LATE) | PlacementHub pre-seed intro with SOPAN PARMESHWAR LATE | messageId=<202606181428.28072194769@smtp-relay.mailin.fr> (API accepted; run audit-brevo to confirm delivery)
2026-06-18 19:58:51 [INFO   ] PROGRESS | Send 8/32 | SENT | sopanlate07@gmail.com | SOPAN PARMESHWAR LATE [Chartered Accountants & Company Secretaries] | ok=8 fail=0 skip=0
2026-06-18 19:58:51 [INFO   ] PROGRESS | Send 9/32 | SENDING | info@thecorporategovernanceinstitute.com | Professional Certificate in Company Secretary [Company Secretary Firms] | ok=8 fail=0 skip=0
2026-06-18 19:59:21 [WARNING] NVIDIA call failed (attempt 1/5): The read operation timed out — rotating key.
2026-06-18 19:59:27 [INFO   ] PROGRESS | Email preview — To: info@thecorporategovernanceinstitute.com | Subject: PlacementHub pre-seed intro with Professional Certificate in Company Secretary
2026-06-18 19:59:30 [INFO   ] SENT (Brevo) -> info@thecorporategovernanceinstitute.com (Professional Certificate in Company Secretary) | PlacementHub pre-seed intro with Professional Certificate in Company Secretary | messageId=<202606181429.23599671825@smtp-relay.mailin.fr> (API accepted; run audit-brevo to confirm delivery)
2026-06-18 19:59:35 [INFO   ] PROGRESS | Send 9/32 | SENT | info@thecorporategovernanceinstitute.com | Professional Certificate in Company Secretary [Company Secretary Firms] | ok=9 fail=0 skip=0
2026-06-18 19:59:35 [INFO   ] PROGRESS | Send 10/32 | SENDING | info@iiclakshya.com | Company Secretary Scope in India: Career, Opp [Company Secretary Firms] | ok=9 fail=0 skip=0
2026-06-18 19:59:51 [INFO   ] PROGRESS | Email preview — To: info@iiclakshya.com | Subject: PlacementHub pre-seed intro with Company Secretary Scope in India: Career, Opportunities, ...
2026-06-18 19:59:53 [INFO   ] SENT (Brevo) -> info@iiclakshya.com (Company Secretary Scope in India: Career, Opportunities, ...) | PlacementHub pre-seed intro with Company Secretary Scope in India: Career, Opportunities, ... | messageId=<202606181429.78360765808@smtp-relay.mailin.fr> (API accepted; run audit-brevo to confirm delivery)
2026-06-18 19:59:58 [INFO   ] PROGRESS | Send 10/32 | SENT | info@iiclakshya.com | Company Secretary Scope in India: Career, Opp [Company Secretary Firms] | ok=10 fail=0 skip=0
2026-06-18 19:59:58 [INFO   ] PROGRESS | Send 11/32 | SENDING | info@mehta-mehta.com | Careers [Company Secretary Firms] | ok=10 fail=0 skip=0
2026-06-18 20:00:02 [INFO   ] PROGRESS | Email preview — To: info@mehta-mehta.com | Subject: PlacementHub pre-seed intro with mehta-mehta.com
2026-06-18 20:00:04 [INFO   ] SENT (Brevo) -> info@mehta-mehta.com (Careers) | PlacementHub pre-seed intro with mehta-mehta.com | messageId=<202606181430.60233983908@smtp-relay.mailin.fr> (API accepted; run audit-brevo to confirm delivery)
2026-06-18 20:00:09 [INFO   ] PROGRESS | Send 11/32 | SENT | info@mehta-mehta.com | Careers [Company Secretary Firms] | ok=11 fail=0 skip=0
2026-06-18 20:00:09 [INFO   ] PROGRESS | Send 12/32 | SENDING | info@bhavyasharmaandassociates.com | Top Company Secretary Firms in North India [Company Secretary Firms] | ok=11 fail=0 skip=0
2026-06-18 20:00:20 [INFO   ] PROGRESS | Email preview — To: info@bhavyasharmaandassociates.com | Subject: PlacementHub pre-seed intro with Top Company Secretary Firms in North India
2026-06-18 20:00:22 [INFO   ] SENT (Brevo) -> info@bhavyasharmaandassociates.com (Top Company Secretary Firms in North India) | PlacementHub pre-seed intro with Top Company Secretary Firms in North India | messageId=<202606181430.82814398739@smtp-relay.mailin.fr> (API accepted; run audit-brevo to confirm delivery)
2026-06-18 20:00:27 [INFO   ] PROGRESS | Send 12/32 | SENT | info@bhavyasharmaandassociates.com | Top Company Secretary Firms in North India [Company Secretary Firms] | ok=12 fail=0 skip=0
2026-06-18 20:00:27 [INFO   ] PROGRESS | Send 13/32 | SENDING | info@gstsuvidhakendra.org | Become a GST Consultant and Start your own Bu [Tax Consultants] | ok=12 fail=0 skip=0
2026-06-18 20:00:49 [INFO   ] PROGRESS | Email preview — To: info@gstsuvidhakendra.org | Subject: PlacementHub pre-seed intro with Become a GST Consultant and Start your own Business
2026-06-18 20:00:51 [INFO   ] SENT (Brevo) -> info@gstsuvidhakendra.org (Become a GST Consultant and Start your own Business) | PlacementHub pre-seed intro with Become a GST Consultant and Start your own Business | messageId=<202606181430.78267826673@smtp-relay.mailin.fr> (API accepted; run audit-brevo to confirm delivery)
2026-06-18 20:00:56 [INFO   ] PROGRESS | Send 13/32 | SENT | info@gstsuvidhakendra.org | Become a GST Consultant and Start your own Bu [Tax Consultants] | ok=13 fail=0 skip=0
2026-06-18 20:00:56 [INFO   ] PROGRESS | Send 14/32 | SENDING | info@avanetwork.in | Pune [Tax Consultants] | ok=13 fail=0 skip=0
2026-06-18 20:00:58 [INFO   ] PROGRESS | Email preview — To: info@avanetwork.in | Subject: PlacementHub pre-seed intro with Pune
2026-06-18 20:00:59 [INFO   ] SENT (Brevo) -> info@avanetwork.in (Pune) | PlacementHub pre-seed intro with Pune | messageId=<202606181430.40327716689@smtp-relay.mailin.fr> (API accepted; run audit-brevo to confirm delivery)
2026-06-18 20:01:04 [INFO   ] PROGRESS | Send 14/32 | SENT | info@avanetwork.in | Pune [Tax Consultants] | ok=14 fail=0 skip=0
2026-06-18 20:01:04 [INFO   ] PROGRESS | Send 15/32 | SENDING | info@rd-assoc.com | RDA [Tax Consultants] | ok=14 fail=0 skip=0
2026-06-18 20:01:06 [INFO   ] PROGRESS | Email preview — To: info@rd-assoc.com | Subject: PlacementHub pre-seed intro with RDA
2026-06-18 20:01:08 [INFO   ] SENT (Brevo) -> info@rd-assoc.com (RDA) | PlacementHub pre-seed intro with RDA | messageId=<202606181431.81821649404@smtp-relay.mailin.fr> (API accepted; run audit-brevo to confirm delivery)
2026-06-18 20:01:13 [INFO   ] PROGRESS | Send 15/32 | SENT | info@rd-assoc.com | RDA [Tax Consultants] | ok=15 fail=0 skip=0
2026-06-18 20:01:13 [INFO   ] PROGRESS | Send 16/32 | SENDING | info@dezshira.com | India Offices: Law, Tax, Accounting Specialis [Tax Consultants] | ok=15 fail=0 skip=0
2026-06-18 20:01:26 [INFO   ] PROGRESS | Email preview — To: info@dezshira.com | Subject: PlacementHub pre-seed intro with India Offices: Law, Tax, Accounting Specialists
2026-06-18 20:01:27 [INFO   ] SENT (Brevo) -> info@dezshira.com (India Offices: Law, Tax, Accounting Specialists) | PlacementHub pre-seed intro with India Offices: Law, Tax, Accounting Specialists | messageId=<202606181431.74131430972@smtp-relay.mailin.fr> (API accepted; run audit-brevo to confirm delivery)
2026-06-18 20:01:32 [INFO   ] PROGRESS | Send 16/32 | SENT | info@dezshira.com | India Offices: Law, Tax, Accounting Specialis [Tax Consultants] | ok=16 fail=0 skip=0
2026-06-18 20:01:32 [INFO   ] PROGRESS | Send 17/32 | SENDING | info@y-axis.co.uk | Visa Consultants & Abroad Job Consultancy in  [Overseas Education / Immigration] | ok=16 fail=0 skip=0
2026-06-18 20:01:34 [INFO   ] PROGRESS | Email preview — To: info@y-axis.co.uk | Subject: PlacementHub student outreach with y-axis.com
2026-06-18 20:01:35 [INFO   ] SENT (Brevo) -> info@y-axis.co.uk (Visa Consultants & Abroad Job Consultancy in Pune) | PlacementHub student outreach with y-axis.com | messageId=<202606181431.92505231278@smtp-relay.mailin.fr> (API accepted; run audit-brevo to confirm delivery)
2026-06-18 20:01:40 [INFO   ] PROGRESS | Send 17/32 | SENT | info@y-axis.co.uk | Visa Consultants & Abroad Job Consultancy in  [Overseas Education / Immigration] | ok=17 fail=0 skip=0
2026-06-18 20:01:40 [INFO   ] PROGRESS | Send 18/32 | SENDING | info@codegnan.com | Contact Us [Training & Finishing Schools] | ok=17 fail=0 skip=0
2026-06-18 20:01:41 [INFO   ] PROGRESS | Email preview — To: info@codegnan.com | Subject: PlacementHub training partnership with codegnan.com
2026-06-18 20:01:44 [INFO   ] SENT (Brevo) -> info@codegnan.com (Contact Us) | PlacementHub training partnership with codegnan.com | messageId=<202606181431.83360564036@smtp-relay.mailin.fr> (API accepted; run audit-brevo to confirm delivery)
2026-06-18 20:01:49 [INFO   ] PROGRESS | Send 18/32 | SENT | info@codegnan.com | Contact Us [Training & Finishing Schools] | ok=18 fail=0 skip=0
2026-06-18 20:01:49 [INFO   ] PROGRESS | Send 19/32 | SENDING | info@technowebs.in | Contact [Training & Finishing Schools] | ok=18 fail=0 skip=0
2026-06-18 20:01:52 [INFO   ] PROGRESS | Email preview — To: info@technowebs.in | Subject: PlacementHub training partnership with codersbootcamp.in
2026-06-18 20:01:53 [INFO   ] SENT (Brevo) -> info@technowebs.in (Contact) | PlacementHub training partnership with codersbootcamp.in | messageId=<202606181431.85799853149@smtp-relay.mailin.fr> (API accepted; run audit-brevo to confirm delivery)
2026-06-18 20:01:58 [INFO   ] PROGRESS | Send 19/32 | SENT | info@technowebs.in | Contact [Training & Finishing Schools] | ok=19 fail=0 skip=0
2026-06-18 20:01:58 [INFO   ] PROGRESS | Send 20/32 | SENDING | info@digisnare.com | Coding Bootcamp for beginners, Near Me [Training & Finishing Schools] | ok=19 fail=0 skip=0
2026-06-18 20:02:26 [INFO   ] PROGRESS | Email preview — To: info@digisnare.com | Subject: PlacementHub training partnership with digisnare.com
2026-06-18 20:02:28 [INFO   ] SENT (Brevo) -> info@digisnare.com (Coding Bootcamp for beginners, Near Me) | PlacementHub training partnership with digisnare.com | messageId=<202606181432.11920251405@smtp-relay.mailin.fr> (API accepted; run audit-brevo to confirm delivery)
2026-06-18 20:02:33 [INFO   ] PROGRESS | Send 20/32 | SENT | info@digisnare.com | Coding Bootcamp for beginners, Near Me [Training & Finishing Schools] | ok=20 fail=0 skip=0
2026-06-18 20:02:33 [INFO   ] PROGRESS | Send 21/32 | SENDING | info@scoreleap.in | Career [EdTech Companies] | ok=20 fail=0 skip=0
2026-06-18 20:02:40 [INFO   ] PROGRESS | Email preview — To: info@scoreleap.in | Subject: PlacementHub EdTech partnership with scoreleap.in
2026-06-18 20:02:42 [INFO   ] SENT (Brevo) -> info@scoreleap.in (Career) | PlacementHub EdTech partnership with scoreleap.in | messageId=<202606181432.69950386207@smtp-relay.mailin.fr> (API accepted; run audit-brevo to confirm delivery)
2026-06-18 20:02:47 [INFO   ] PROGRESS | Send 21/32 | SENT | info@scoreleap.in | Career [EdTech Companies] | ok=21 fail=0 skip=0
2026-06-18 20:02:47 [INFO   ] PROGRESS | Send 22/32 | SENDING | info@wisgrowth.com | Career test for India [EdTech Companies] | ok=21 fail=0 skip=0
2026-06-18 20:02:48 [INFO   ] PROGRESS | Email preview — To: info@wisgrowth.com | Subject: PlacementHub EdTech partnership with wisgrowth.com
2026-06-18 20:02:50 [INFO   ] SENT (Brevo) -> info@wisgrowth.com (Career test for India) | PlacementHub EdTech partnership with wisgrowth.com | messageId=<202606181432.63910624770@smtp-relay.mailin.fr> (API accepted; run audit-brevo to confirm delivery)
2026-06-18 20:02:55 [INFO   ] PROGRESS | Send 22/32 | SENT | info@wisgrowth.com | Career test for India [EdTech Companies] | ok=22 fail=0 skip=0
2026-06-18 20:02:55 [INFO   ] PROGRESS | Send 23/32 | SENDING | info@ajmeralaw.com | Ajmeralaw [Overseas Education / Immigration] | ok=22 fail=0 skip=0
2026-06-18 20:02:57 [INFO   ] PROGRESS | Email preview — To: info@ajmeralaw.com | Subject: PlacementHub student outreach with ajmeralaw.com
2026-06-18 20:02:58 [INFO   ] SENT (Brevo) -> info@ajmeralaw.com (Ajmeralaw) | PlacementHub student outreach with ajmeralaw.com | messageId=<202606181432.86028975854@smtp-relay.mailin.fr> (API accepted; run audit-brevo to confirm delivery)
2026-06-18 20:03:03 [INFO   ] PROGRESS | Send 23/32 | SENT | info@ajmeralaw.com | Ajmeralaw [Overseas Education / Immigration] | ok=23 fail=0 skip=0
2026-06-18 20:03:03 [INFO   ] PROGRESS | Send 24/32 | SENDING | info@lawquestinternational.com | Lawquestinternational [Overseas Education / Immigration] | ok=23 fail=0 skip=0
2026-06-18 20:03:05 [INFO   ] PROGRESS | Email preview — To: info@lawquestinternational.com | Subject: PlacementHub student outreach with lawquestinternational.com
2026-06-18 20:03:06 [INFO   ] SENT (Brevo) -> info@lawquestinternational.com (Lawquestinternational) | PlacementHub student outreach with lawquestinternational.com | messageId=<202606181433.23983334519@smtp-relay.mailin.fr> (API accepted; run audit-brevo to confirm delivery)
2026-06-18 20:03:11 [INFO   ] PROGRESS | Send 24/32 | SENT | info@lawquestinternational.com | Lawquestinternational [Overseas Education / Immigration] | ok=24 fail=0 skip=0
2026-06-18 20:03:11 [INFO   ] PROGRESS | Send 25/32 | SENDING | info@navratanfateh.com | Navratanfateh [Overseas Education / Immigration] | ok=24 fail=0 skip=0
2026-06-18 20:03:13 [INFO   ] PROGRESS | Email preview — To: info@navratanfateh.com | Subject: PlacementHub student outreach with navratanfateh.com
2026-06-18 20:03:14 [INFO   ] SENT (Brevo) -> info@navratanfateh.com (Navratanfateh) | PlacementHub student outreach with navratanfateh.com | messageId=<202606181433.68084370315@smtp-relay.mailin.fr> (API accepted; run audit-brevo to confirm delivery)
2026-06-18 20:03:19 [INFO   ] PROGRESS | Send 25/32 | SENT | info@navratanfateh.com | Navratanfateh [Overseas Education / Immigration] | ok=25 fail=0 skip=0
2026-06-18 20:03:19 [INFO   ] PROGRESS | Send 26/32 | SENDING | info@eb5brics.com | Get Green Card thru EB-5 Visa [Overseas Education / Immigration] | ok=25 fail=0 skip=0
2026-06-18 20:03:25 [INFO   ] PROGRESS | Email preview — To: info@eb5brics.com | Subject: PlacementHub student outreach with eb5brics.com
2026-06-18 20:03:27 [INFO   ] SENT (Brevo) -> info@eb5brics.com (Get Green Card thru EB-5 Visa) | PlacementHub student outreach with eb5brics.com | messageId=<202606181433.89636017567@smtp-relay.mailin.fr> (API accepted; run audit-brevo to confirm delivery)
2026-06-18 20:03:32 [INFO   ] PROGRESS | Send 26/32 | SENT | info@eb5brics.com | Get Green Card thru EB-5 Visa [Overseas Education / Immigration] | ok=26 fail=0 skip=0
2026-06-18 20:03:32 [INFO   ] PROGRESS | Send 27/32 | SENDING | info@usimmigrationadvisor.com | EB-5 Visa & US Immigration Lawyers in Mumbai [Overseas Education / Immigration] | ok=26 fail=0 skip=0
2026-06-18 20:03:56 [INFO   ] PROGRESS | Email preview — To: info@usimmigrationadvisor.com | Subject: PlacementHub student outreach with eb5visaindia.com
2026-06-18 20:03:58 [INFO   ] SENT (Brevo) -> info@usimmigrationadvisor.com (EB-5 Visa & US Immigration Lawyers in Mumbai) | PlacementHub student outreach with eb5visaindia.com | messageId=<202606181433.79148661316@smtp-relay.mailin.fr> (API accepted; run audit-brevo to confirm delivery)
2026-06-18 20:04:03 [INFO   ] PROGRESS | Send 27/32 | SENT | info@usimmigrationadvisor.com | EB-5 Visa & US Immigration Lawyers in Mumbai [Overseas Education / Immigration] | ok=27 fail=0 skip=0
2026-06-18 20:04:03 [INFO   ] PROGRESS | Send 28/32 | SENDING | info@msajobsonline.com | Pune Placement Agencies Directory [Recruitment & Staffing Firms] | ok=27 fail=0 skip=0
2026-06-18 20:04:06 [INFO   ] PROGRESS | Email preview — To: info@msajobsonline.com | Subject: PlacementHub graduate hiring with scribd.com
2026-06-18 20:04:07 [INFO   ] SENT (Brevo) -> info@msajobsonline.com (Pune Placement Agencies Directory) | PlacementHub graduate hiring with scribd.com | messageId=<202606181434.57276407745@smtp-relay.mailin.fr> (API accepted; run audit-brevo to confirm delivery)
2026-06-18 20:04:12 [INFO   ] PROGRESS | Send 28/32 | SENT | info@msajobsonline.com | Pune Placement Agencies Directory [Recruitment & Staffing Firms] | ok=28 fail=0 skip=0
2026-06-18 20:04:12 [INFO   ] PROGRESS | Send 29/32 | SENDING | info@humanforte.com | Executive Search & Recruitment Agency in Pune [Recruitment & Staffing Firms] | ok=28 fail=0 skip=0
2026-06-18 20:04:14 [INFO   ] PROGRESS | Email preview — To: info@humanforte.com | Subject: PlacementHub graduate hiring with humanforte.com
2026-06-18 20:04:16 [INFO   ] SENT (Brevo) -> info@humanforte.com (Executive Search & Recruitment Agency in Pune & PCMC) | PlacementHub graduate hiring with humanforte.com | messageId=<202606181434.39722509096@smtp-relay.mailin.fr> (API accepted; run audit-brevo to confirm delivery)
2026-06-18 20:04:21 [INFO   ] PROGRESS | Send 29/32 | SENT | info@humanforte.com | Executive Search & Recruitment Agency in Pune [Recruitment & Staffing Firms] | ok=29 fail=0 skip=0
2026-06-18 20:04:21 [INFO   ] PROGRESS | Send 30/32 | SENDING | info@spiderfocus.com | Campus Recruitment [Recruitment & Staffing Firms] | ok=29 fail=0 skip=0
2026-06-18 20:04:23 [INFO   ] PROGRESS | Email preview — To: info@spiderfocus.com | Subject: PlacementHub graduate hiring with spiderfocus.com
2026-06-18 20:04:24 [INFO   ] SENT (Brevo) -> info@spiderfocus.com (Campus Recruitment) | PlacementHub graduate hiring with spiderfocus.com | messageId=<202606181434.68077172427@smtp-relay.mailin.fr> (API accepted; run audit-brevo to confirm delivery)
2026-06-18 20:04:29 [INFO   ] PROGRESS | Send 30/32 | SENT | info@spiderfocus.com | Campus Recruitment [Recruitment & Staffing Firms] | ok=30 fail=0 skip=0
2026-06-18 20:04:29 [INFO   ] PROGRESS | Send 31/32 | SENDING | info@bwssc.in | National Skill Development Corporation (NSDC) [Student Loan / Education Finance] | ok=30 fail=0 skip=0
2026-06-18 20:04:31 [INFO   ] PROGRESS | Email preview — To: info@bwssc.in | Subject: PlacementHub education finance with indiacustomercare.com
2026-06-18 20:04:32 [INFO   ] SENT (Brevo) -> info@bwssc.in (National Skill Development Corporation (NSDC) Contact No.) | PlacementHub education finance with indiacustomercare.com | messageId=<202606181434.97393427542@smtp-relay.mailin.fr> (API accepted; run audit-brevo to confirm delivery)
2026-06-18 20:04:37 [INFO   ] PROGRESS | Send 31/32 | SENT | info@bwssc.in | National Skill Development Corporation (NSDC) [Student Loan / Education Finance] | ok=31 fail=0 skip=0
2026-06-18 20:04:37 [INFO   ] PROGRESS | Send 32/32 | SENDING | info@asbm.ac.in | The Benefits of Finishing School Programmes [Training & Finishing Schools] | ok=31 fail=0 skip=0
2026-06-18 20:04:43 [INFO   ] PROGRESS | Email preview — To: info@asbm.ac.in | Subject: PlacementHub training partnership with asbm.ac.in
2026-06-18 20:04:44 [INFO   ] SENT (Brevo) -> info@asbm.ac.in (The Benefits of Finishing School Programmes) | PlacementHub training partnership with asbm.ac.in | messageId=<202606181434.57650413485@smtp-relay.mailin.fr> (API accepted; run audit-brevo to confirm delivery)
2026-06-18 20:04:49 [INFO   ] PROGRESS | Send 32/32 | SENT | info@asbm.ac.in | The Benefits of Finishing School Programmes [Training & Finishing Schools] | ok=32 fail=0 skip=0
2026-06-18 20:04:55 [INFO   ] Send complete: {'sent': 32, 'failed': 0, 'skipped': 0, 'queue_size': 32, 'ensure_industry': '', 'ensure_min_slots': 0, 'ensure_reserved_in_queue': 0, 'ensure_ca_connect_min': 8, 'ensure_ca_connect_reserved': 8, 'ensure_ca_connect_from_bulk': 8, 'ca_bulk_unsent': 804, 'sent_ca_connect': 8, 'reserved_by_industry': {'company_secretary_firms': 4, 'tax_consultants': 4}, 'reserved_in_queue_by_industry': {'company_secretary_firms': 4, 'tax_consultants': 4}, 'sent_by_industry': {'ca_cs_firms': 8, 'company_secretary_firms': 4, 'tax_consultants': 4, 'overseas_education_immigration': 6, 'training_finishing_schools': 4, 'edtech': 2, 'recruitment_staffing': 3, 'education_finance': 1}, 'send_limit': 32}
2026-06-18 20:04:55 [INFO   ] PROGRESS | Done — send finished — 32 sent, 0 failed, 0 skipped
2026-06-18 20:04:55 [INFO   ] 
2026-06-18 20:04:55 [INFO   ] ======================================================================
2026-06-18 20:04:55 [INFO   ]   RUN SUMMARY
2026-06-18 20:04:55 [INFO   ] ======================================================================
2026-06-18 20:04:55 [INFO   ] 
2026-06-18 20:04:55 [INFO   ]   SEND — this run
2026-06-18 20:04:55 [INFO   ]     Recipients queued:               32
2026-06-18 20:04:55 [INFO   ]       Unsent contacts considered this run (send cap: 32 per run).
2026-06-18 20:04:55 [INFO   ]     Queue slots for CA portal:       8 / 8 reserved
2026-06-18 20:04:55 [INFO   ]       Individual CAs from caconnect.icai.org (8 from ca_bulk.db).
2026-06-18 20:04:55 [INFO   ]     Sent to CA portal contacts:      8
2026-06-18 20:04:55 [INFO   ]       Partnership emails to CAs from CA Connect / bulk harvest this run.
2026-06-18 20:04:55 [INFO   ]     Queue slots for company_secretary_firms: 4 / 4 reserved
2026-06-18 20:04:55 [INFO   ]       Company Secretary Firms — minimum send slots per run when contacts are available.
2026-06-18 20:04:55 [INFO   ]     Queue slots for tax_consultants: 4 / 4 reserved
2026-06-18 20:04:55 [INFO   ]       Tax Consultants — minimum send slots per run when contacts are available.
2026-06-18 20:04:55 [INFO   ]     Emails sent successfully:        32
2026-06-18 20:04:55 [INFO   ]       Partnership / funding intro emails delivered via Brevo this run.
2026-06-18 20:04:55 [INFO   ]     Send failures:                   0
2026-06-18 20:04:55 [INFO   ]       Brevo API or transport errors (not counted as sent).
2026-06-18 20:04:55 [INFO   ]     Skipped:                         0
2026-06-18 20:04:55 [INFO   ]       Dry-run previews or recipients already marked sent in the database.
2026-06-18 20:04:55 [INFO   ]     Sent by industry:
2026-06-18 20:04:55 [INFO   ]       Chartered Accountants & Company Secretaries 8
2026-06-18 20:04:55 [INFO   ]       Overseas Education / Immigration 6
2026-06-18 20:04:55 [INFO   ]       Company Secretary Firms        4
2026-06-18 20:04:55 [INFO   ]       Tax Consultants                4
2026-06-18 20:04:55 [INFO   ]       Training & Finishing Schools   4
2026-06-18 20:04:55 [INFO   ]       Recruitment & Staffing Firms   3
2026-06-18 20:04:55 [INFO   ]       EdTech Companies               2
2026-06-18 20:04:55 [INFO   ]       Student Loan / Education Finance 1
2026-06-18 20:04:56 [INFO   ] 
2026-06-18 20:04:56 [INFO   ]   DATABASE — cumulative (all runs)
2026-06-18 20:04:56 [INFO   ]     Companies stored:                1259
2026-06-18 20:04:56 [INFO   ]       All scraped organisations across every industry vertical.
2026-06-18 20:04:56 [INFO   ]     Companies with email:            1013
2026-06-18 20:04:56 [INFO   ]       Records with email_status = found (ready or already used for outreach).
2026-06-18 20:04:56 [INFO   ]     Email addresses on file:         8981
2026-06-18 20:04:56 [INFO   ]       Total rows in company_emails (one company may have several).
2026-06-18 20:04:56 [INFO   ]     Emails sent (lifetime):          64
2026-06-18 20:04:56 [INFO   ]       Unique recipients successfully emailed at least once.
2026-06-18 20:04:56 [INFO   ]     Send failures (lifetime):        0
2026-06-18 20:04:56 [INFO   ]       Recipients with a failed status in email_sent.
2026-06-18 20:04:56 [INFO   ]     Replies forwarded (lifetime):    0
2026-06-18 20:04:56 [INFO   ]       Human replies forwarded to your Gmail.
2026-06-18 20:04:56 [INFO   ]     Ready to send (now):             835
2026-06-18 20:04:56 [INFO   ]       Unsent contacts still in the outbound queue for future runs.
2026-06-18 20:04:56 [INFO   ]     Google queries pending:          43
2026-06-18 20:04:56 [INFO   ]       Unused search queries waiting for future scrape runs.
2026-06-18 20:04:56 [INFO   ]     Unsent CA portal contacts:       796
2026-06-18 20:04:56 [INFO   ]       796 in ca_bulk.db, 0 in immigration.db (caconnect.icai.org).
2026-06-18 20:04:56 [INFO   ]     Companies by industry (with email / total):
2026-06-18 20:04:56 [INFO   ]       NBFC & Banks (Campus Hiring)     41 / 62
2026-06-18 20:04:56 [INFO   ]       Chartered Accountants & Company Secretaries 121 / 129
2026-06-18 20:04:56 [INFO   ]       Coaching & Test Prep             84 / 98
2026-06-18 20:04:56 [INFO   ]       Company Secretary Firms          31 / 36
2026-06-18 20:04:56 [INFO   ]       Corporate CSR Programs           55 / 71
2026-06-18 20:04:56 [INFO   ]       EdTech Companies                 72 / 90
2026-06-18 20:04:56 [INFO   ]       Student Loan / Education Finance 51 / 64
2026-06-18 20:04:56 [INFO   ]       HRTech Companies                 59 / 88
2026-06-18 20:04:56 [INFO   ]       Insurance (Campus & Graduate Hiring) 42 / 59
2026-06-18 20:04:56 [INFO   ]       Law Firms & Lawyers              98 / 126
2026-06-18 20:04:56 [INFO   ]       Overseas Education / Immigration 83 / 104
2026-06-18 20:04:56 [INFO   ]       Recruitment & Staffing Firms     66 / 86
2026-06-18 20:04:56 [INFO   ]       Tax Consultants                  62 / 78
2026-06-18 20:04:56 [INFO   ]       Training & Finishing Schools     105 / 117
2026-06-18 20:04:56 [INFO   ]       Wealth Managers & Investment Advisors 43 / 51
2026-06-18 20:04:56 [INFO   ] ======================================================================
2026-06-18 20:04:56 [INFO   ] 
