2026-06-15 20:59:27 [INFO   ] Log file: C:\Users\sandeep\Downloads\Claudes\investment\logs\immigration_2026-06-15_20-59-27.log
2026-06-15 20:59:27 [INFO   ] === CA Connect scrape (https://caconnect.icai.org/) ===
2026-06-15 21:00:28 [INFO   ]   CA import: CA. BARVE DHANANJAY RAMKRISHNA <drb@drbarveandco.in>
2026-06-15 21:00:28 [INFO   ]   CA import: CA. SOPAN PARMESHWAR LATE <sopanlate07@gmail.com>
2026-06-15 21:00:28 [INFO   ] CA Connect: 574 listings, enriched 5 profiles, imported 2 new email(s).
2026-06-15 21:00:28 [INFO   ] Scrape targets: up to 50 companies, stop after 16 with email (incl. at least 2 from ca_cs_firms via CA Connect)
2026-06-15 21:00:28 [INFO   ] Industry selection: random order on each query pick (distributes across verticals)
2026-06-15 21:00:29 [INFO   ] Using browser: chrome
2026-06-15 21:00:29 [INFO   ] Industry: coaching_test_prep | Query: college coaching and test prep services India contact
2026-06-15 21:00:29 [INFO   ] Google search: college coaching and test prep services India contact
2026-06-15 21:00:33 [INFO   ]   Found 7 unique result(s).
2026-06-15 21:00:33 [INFO   ] Scraping TIME Pune (https://www.time4education.com/pune)
2026-06-15 21:00:56 [INFO   ]   Email found: info@time4education.com
2026-06-15 21:00:56 [INFO   ]   Email found: pune@time4education.com
2026-06-15 21:00:56 [INFO   ] Scraping Top Test Preparation & Language Training Institute in Pune (https://riseupedu.in/test-preparation-coaching-pune/)
2026-06-15 21:01:12 [INFO   ] Scraping SAT Coaching Classes in Pune and SAT Preparation Online (https://www.jamboreeindia.com/sat-coaching-classes-pune)
2026-06-15 21:01:48 [INFO   ]   Email found: jamboreeindia@jamboreeindia.com
2026-06-15 21:01:48 [INFO   ]   Email found: support@jamboreeeducation.com
2026-06-15 21:01:48 [INFO   ] Skip duplicate domain: madeeasy.in
2026-06-15 21:01:48 [INFO   ] Scraping Manhattan Review India: Coaching Centers for GMAT GRE ... (https://www.manhattanreview.com/india/)
2026-06-15 21:01:52 [INFO   ]   Email found: info@manhattanreview.com
2026-06-15 21:01:52 [INFO   ] Scraping SAT and ACT Institutes India and Test Prep Directory India (https://highscores.ai/directory-location/india/)
2026-06-15 21:01:56 [INFO   ]   Email found: hello@highscores.ai
2026-06-15 21:01:56 [INFO   ] Scraping Contact Us (https://fastprepacademy.com/contact-us/)
2026-06-15 21:02:00 [INFO   ]   Email found: fastprepacademy@gmail.com
2026-06-15 21:02:00 [INFO   ]   Email found: info@fastprepacademy.com
2026-06-15 21:02:00 [INFO   ] Industry: lawyers | Query: university alumni relations India office address
2026-06-15 21:02:00 [INFO   ] Google search: university alumni relations India office address
2026-06-15 21:02:04 [INFO   ]   Found 11 unique result(s).
2026-06-15 21:02:04 [INFO   ] Skip duplicate domain: alumni.iitd.ac.in
2026-06-15 21:02:04 [INFO   ] Scraping How to Leverage Your College Alumni Network (https://www.princetonreview.com/college-advice/leverage-your-alumni-network#:~:text=Best%20Practices%20for%20Contacting%20Alumni%20in%20Your%20Network&text=Explain%20who%20you%20are%2C%20how,an%20%E2%80%9Cinformational%20interview%E2%80%9D).)
2026-06-15 21:02:32 [INFO   ]   Email found: pressoffice@review.com
2026-06-15 21:02:32 [INFO   ]   Email found: infocanada@review.com
2026-06-15 21:02:32 [INFO   ]   Email found: tprteacherapplicantsupport@review.com
2026-06-15 21:02:32 [INFO   ] Skip duplicate domain: nls.ac.in
2026-06-15 21:02:32 [INFO   ] Scraping Visit Us (https://www.liberty.edu/alumni/visit-us/#:~:text=We%20are%20located%20at%20the,across%20from%20the%20Freedom%20Tower.)
2026-06-15 21:03:07 [INFO   ]   Email found: alumni@liberty.edu
2026-06-15 21:03:07 [INFO   ] Scraping Somaiya Vidyavihar University Alumni Association (https://www.somaiya.edu/en/alumni-association/)
2026-06-15 21:03:32 [INFO   ]   Email found: admissions@somaiya.edu
2026-06-15 21:03:32 [INFO   ]   Email found: communications@somaiya.edu
2026-06-15 21:03:32 [INFO   ]   Email found: research@somaiya.edu
2026-06-15 21:03:32 [INFO   ]   Email found: hr@somaiya.edu
2026-06-15 21:03:32 [INFO   ]   Email found: svvit@somaiya.edu
2026-06-15 21:03:32 [INFO   ]   Email found: alumnirelations@somaiya.edu
2026-06-15 21:03:32 [INFO   ] Skip duplicate domain: sicsr.ac.in
2026-06-15 21:03:32 [INFO   ] Scraping About Us (https://alumni.nls.ac.in/page/About_Us-2192)
2026-06-15 21:03:35 [INFO   ]   Email found: alumnioffice@nls.ac.in
2026-06-15 21:03:35 [INFO   ] Scraping Office of Alumni Engagement (https://alumni.christuniversity.in/Office-of-Alumni-Engagement)
2026-06-15 21:03:39 [INFO   ]   Email found: alumni.engagement@christuniversity.in
2026-06-15 21:03:39 [INFO   ] Scraping Contact Us (https://www.kluniversity.in/alumni/contact.aspx)
2026-06-15 21:03:40 [INFO   ]   Email found: alumni@kluniversity.in
2026-06-15 21:03:40 [INFO   ]   Email found: alumni@kluniveristy.in
2026-06-15 21:03:40 [INFO   ] Scraping JAI NARAIN VYAS UNIVERSITY ALUMNI ASSOCIATION (https://buysellprivatelimited.com/info/jai-narain-vyas-university-alumni-association)
2026-06-15 21:03:42 [INFO   ]   Email found: support@buysellprivatelimited.com
2026-06-15 21:03:42 [INFO   ] Scraping Contact (https://www.iitj.ac.in/office-of-alumni-affairs/en/Contact)
2026-06-15 21:03:49 [INFO   ]   Email found: office_alumnirelations@iitj.ac.in
2026-06-15 21:03:49 [INFO   ]   Email found: sweetalert2@11.js
2026-06-15 21:03:49 [INFO   ] Scrape targets met: 16 companies with email (goal 16), 2 from ca_cs_firms (goal 2) — stopping.
2026-06-15 21:03:49 [INFO   ] Scrape complete: {'queries_run': 2, 'companies_scraped': 14, 'companies_with_email': 16, 'emails_found': 27, 'email_target': 16, 'max_companies': 50, 'browser_used': 'chrome', 'industry_filter': 'all', 'ensure_industry_scrape': 'ca_cs_firms', 'ensure_industry_scrape_target': 2, 'ensure_industry_with_email': 2, 'ca_connect': {'ca_connect_ran': True, 'ca_connect_listings': 574, 'ca_profiles_enriched': 5, 'ca_profiles_failed': 0, 'ca_emails_imported': 2, 'ca_connect_logged_in': True, 'ca_connect_search': 'Audit | Maharashtra | Pune', 'error': '', 'browser_used': 'chromium-headless', 'ca_companies_upserted': 5}}
2026-06-15 21:03:49 [INFO   ] Send transport: Brevo API (config: C:\Users\sandeep\Downloads\Claudes\investment\mail_config.json, template: C:\Users\sandeep\Downloads\Claudes\investment\partnership.html)
2026-06-15 21:03:50 [INFO   ] Sending up to 16 email(s) this run (emails_per_run).
2026-06-15 21:03:50 [INFO   ] Send queue reserves 4/4 slot(s) for CA Connect JSON contacts.
2026-06-15 21:03:50 [WARNING] Only 0/2 pending company_secretary_firms contact(s) in queue.
2026-06-15 21:03:50 [WARNING] Only 0/2 pending tax_consultants contact(s) in queue.
2026-06-15 21:03:50 [INFO   ] Loaded 41 NVIDIA API key(s) for rotation.
2026-06-15 21:04:06 [INFO   ] SENT (Brevo) -> cadipaks@gmail.com (CA. DIPAK SUBHASH WAMANACHARYA) | Seeking Introductions to Potential Seed Investors for PlacementHub | messageId=<202606151534.20487517403@smtp-relay.mailin.fr>
2026-06-15 21:04:41 [WARNING] NVIDIA call failed (attempt 1/5): The read operation timed out — rotating key.
2026-06-15 21:05:06 [INFO   ] SENT (Brevo) -> ca.premalabalkawade@gmail.com (CA. PREMALA SUKRUT BALKAWADE) | Seeking Introductions to Potential Seed Investors for PlacementHub | messageId=<202606151535.89912209598@smtp-relay.mailin.fr>
2026-06-15 21:05:17 [INFO   ] SENT (Brevo) -> cachinmaygadre@gmail.com (CA. CHINMAY GADRE) | Seeking Introductions to Potential Seed Investors for PlacementHub | messageId=<202606151535.39774430815@smtp-relay.mailin.fr>
2026-06-15 21:05:30 [INFO   ] SENT (Brevo) -> mandar2210@gmail.com (CA. MANDAR GOVIND DESHPANDE) | Seeking Introductions to Potential Seed Investors for PlacementHub | messageId=<202606151535.93131564486@smtp-relay.mailin.fr>
2026-06-15 21:05:55 [INFO   ] SENT (Brevo) -> info@redstoneimmigration.com (IDP's Referral Partners in India) | Exploring a potential partnership opportunity with ieltsidpindia.com | messageId=<202606151535.84893705941@smtp-relay.mailin.fr>
2026-06-15 21:06:18 [INFO   ] SENT (Brevo) -> info@time4education.com (TIME Pune) | Exploring a potential partnership opportunity with time4education.com | messageId=<202606151536.66665890322@smtp-relay.mailin.fr>
2026-06-15 21:06:26 [INFO   ] SENT (Brevo) -> info@manhattanreview.com (Manhattan Review India: Coaching Centers for GMAT GRE ...) | Exploring a potential partnership opportunity with manhattanreview.com | messageId=<202606151536.92642599903@smtp-relay.mailin.fr>
2026-06-15 21:06:33 [INFO   ] SENT (Brevo) -> info@fastprepacademy.com (Contact Us) | Exploring a potential partnership opportunity with fastprepacademy.com | messageId=<202606151536.87829659803@smtp-relay.mailin.fr>
2026-06-15 21:06:45 [INFO   ] SENT (Brevo) -> infocanada@review.com (How to Leverage Your College Alumni Network) | Exploring a potential partnership opportunity with princetonreview.com | messageId=<202606151536.66981846491@smtp-relay.mailin.fr>
2026-06-15 21:06:59 [INFO   ] SENT (Brevo) -> hello@highscores.ai (SAT and ACT Institutes India and Test Prep Directory India) | Exploring a potential partnership opportunity with highscores.ai | messageId=<202606151536.88407414765@smtp-relay.mailin.fr>
2026-06-15 21:07:06 [INFO   ] SENT (Brevo) -> support@ptemocktest.com (Best PTE Coaching In India: Fees, Contact, Reviews) | Exploring a potential partnership opportunity with collegedunia.com | messageId=<202606151537.46580579147@smtp-relay.mailin.fr>
2026-06-15 21:07:14 [INFO   ] SENT (Brevo) -> support@yocket.in (10 Best Study Abroad Consultants in India) | Exploring a potential partnership opportunity with yocket.com | messageId=<202606151537.49949075387@smtp-relay.mailin.fr>
2026-06-15 21:07:35 [INFO   ] SENT (Brevo) -> support@mewurk.com (Top HR Tech Companies in India to Watch in 2026) | Exploring a potential partnership opportunity with mewurk.com | messageId=<202606151537.16363999039@smtp-relay.mailin.fr>
2026-06-15 21:07:42 [INFO   ] SENT (Brevo) -> support@worxmate.ai (Which 7 Best HR Tech Tools in India Scale Mid-Market ...) | Exploring a potential partnership opportunity with worxmate.ai | messageId=<202606151537.11428875695@smtp-relay.mailin.fr>
2026-06-15 21:07:58 [INFO   ] SENT (Brevo) -> support@skillsconnect.in (SkillsConnect) | Exploring a potential partnership opportunity with skillsconnect.in | messageId=<202606151537.94657547319@smtp-relay.mailin.fr>
2026-06-15 21:08:10 [INFO   ] SENT (Brevo) -> support@hackerearth.com (Best Talent Assessment Tools for Human Resource 2024) | Exploring a potential partnership opportunity with hackerearth.com | messageId=<202606151538.77881770761@smtp-relay.mailin.fr>
2026-06-15 21:08:15 [INFO   ] Send complete: {'sent': 16, 'failed': 0, 'skipped': 0, 'queue_size': 16, 'ensure_industry': 'ca_cs_firms', 'ensure_min_slots': 0, 'ensure_reserved_in_queue': 0, 'ensure_ca_connect_min': 4, 'ensure_ca_connect_reserved': 4, 'sent_ca_connect': 4, 'reserved_by_industry': {'company_secretary_firms': 2, 'tax_consultants': 2}, 'reserved_in_queue_by_industry': {'company_secretary_firms': 0, 'tax_consultants': 0}, 'sent_by_industry': {'ca_cs_firms': 4, 'overseas_education_immigration': 3, 'coaching_test_prep': 4, 'lawyers': 1, 'hrtech': 4}, 'send_limit': 16}
2026-06-15 21:08:15 [INFO   ] 
2026-06-15 21:08:15 [INFO   ] ======================================================================
2026-06-15 21:08:15 [INFO   ]   RUN SUMMARY
2026-06-15 21:08:15 [INFO   ] ======================================================================
2026-06-15 21:08:15 [INFO   ]   SCRAPE — this run
2026-06-15 21:08:15 [INFO   ]     Run limits (config):             max 50 sites, stop at 16 with email, max 20 Google queries
2026-06-15 21:08:15 [INFO   ]       Caps from sender_config.json; scrape stops early when email target is met.
2026-06-15 21:08:15 [INFO   ] 
2026-06-15 21:08:15 [INFO   ]   CA Connect — https://caconnect.icai.org/
2026-06-15 21:08:15 [INFO   ]     Search filters:                  Audit | Maharashtra | Pune
2026-06-15 21:08:15 [INFO   ]       Service, state, and city from ca_connect_credentials.json.
2026-06-15 21:08:15 [INFO   ]     Listings on results page:        574
2026-06-15 21:08:15 [INFO   ]       Member + firm cards returned by CA Connect search (not all have email).
2026-06-15 21:08:15 [INFO   ]     Profile pages opened:            5
2026-06-15 21:08:15 [INFO   ]       Logged-in profile visits to extract email/mobile this run.
2026-06-15 21:08:15 [INFO   ]     New emails added to DB:          2
2026-06-15 21:08:15 [INFO   ]       First-time imports into immigration.db as ca_cs_firms (duplicates skipped).
2026-06-15 21:08:15 [INFO   ]     CA records upserted:             5
2026-06-15 21:08:15 [INFO   ]       Companies created/updated in DB (may include already-known emails).
2026-06-15 21:08:15 [INFO   ] 
2026-06-15 21:08:15 [INFO   ]   Google website scrape — this run
2026-06-15 21:08:15 [INFO   ]     Websites visited:                14
2026-06-15 21:08:15 [INFO   ]       Company sites opened from Google search results (excludes CA Connect).
2026-06-15 21:08:15 [INFO   ]     Sites where email was found:     14
2026-06-15 21:08:15 [INFO   ]       Distinct companies with at least one new email this run (Google only).
2026-06-15 21:08:15 [INFO   ]     Email addresses discovered:      25
2026-06-15 21:08:15 [INFO   ]       New email rows saved to the database from Google scraping.
2026-06-15 21:08:15 [INFO   ]     Google queries executed:         2
2026-06-15 21:08:15 [INFO   ]       Search queries consumed from the pending queue this run.
2026-06-15 21:08:15 [INFO   ]     Reserved industry (ca_cs_firms): 2 / 2 new emails (met)
2026-06-15 21:08:15 [INFO   ]       Chartered Accountants & Company Secretaries — minimum new contacts per run (sourced via CA Connect for ca_cs_firms).
2026-06-15 21:08:15 [INFO   ]     Browser:                         chrome
2026-06-15 21:08:15 [INFO   ]       Engine used for Google website scraping.
2026-06-15 21:08:15 [INFO   ] 
2026-06-15 21:08:15 [INFO   ]   REPLIES — this run
2026-06-15 21:08:15 [INFO   ]     Inbox check:                     skipped
2026-06-15 21:08:15 [INFO   ]       Reply forwarding is off (check_replies_before_send: false in sender_config.json).
2026-06-15 21:08:15 [INFO   ] 
2026-06-15 21:08:15 [INFO   ]   SEND — this run
2026-06-15 21:08:15 [INFO   ]     Recipients queued:               16
2026-06-15 21:08:15 [INFO   ]       Unsent contacts considered this run (send cap: 16 per run).
2026-06-15 21:08:15 [INFO   ]     Queue slots for CA Connect JSON: 4 / 4 reserved
2026-06-15 21:08:15 [INFO   ]       Individual CAs from ca_connect_results.json (caconnect.icai.org profiles), not Google-scraped CA firm sites.
2026-06-15 21:08:15 [INFO   ]     Sent to CA Connect JSON:         4
2026-06-15 21:08:15 [INFO   ]       Funding intro emails to CAs imported from CA Connect this run.
2026-06-15 21:08:15 [INFO   ]     Queue slots for company_secretary_firms: 0 / 2 reserved
2026-06-15 21:08:15 [INFO   ]       Company Secretary Firms — minimum send slots per run when contacts are available.
2026-06-15 21:08:15 [INFO   ]     Queue slots for tax_consultants: 0 / 2 reserved
2026-06-15 21:08:15 [INFO   ]       Tax Consultants — minimum send slots per run when contacts are available.
2026-06-15 21:08:15 [INFO   ]     Emails sent successfully:        16
2026-06-15 21:08:15 [INFO   ]       Partnership / funding intro emails delivered via Brevo this run.
2026-06-15 21:08:15 [INFO   ]     Send failures:                   0
2026-06-15 21:08:15 [INFO   ]       Brevo API or transport errors (not counted as sent).
2026-06-15 21:08:15 [INFO   ]     Skipped:                         0
2026-06-15 21:08:15 [INFO   ]       Dry-run previews or recipients already marked sent in the database.
2026-06-15 21:08:15 [INFO   ]     Sent by industry:
2026-06-15 21:08:15 [INFO   ]       Chartered Accountants & Company Secretaries 4
2026-06-15 21:08:15 [INFO   ]       Coaching & Test Prep           4
2026-06-15 21:08:15 [INFO   ]       HRTech Companies               4
2026-06-15 21:08:15 [INFO   ]       Overseas Education / Immigration 3
2026-06-15 21:08:15 [INFO   ]       Law Firms & Lawyers            1
2026-06-15 21:08:16 [INFO   ] 
2026-06-15 21:08:16 [INFO   ]   DATABASE — cumulative (all runs)
2026-06-15 21:08:16 [INFO   ]     Companies stored:                475
2026-06-15 21:08:16 [INFO   ]       All scraped organisations across every industry vertical.
2026-06-15 21:08:16 [INFO   ]     Companies with email:            378
2026-06-15 21:08:16 [INFO   ]       Records with email_status = found (ready or already used for outreach).
2026-06-15 21:08:16 [INFO   ]     Email addresses on file:         3020
2026-06-15 21:08:16 [INFO   ]       Total rows in company_emails (one company may have several).
2026-06-15 21:08:16 [INFO   ]     Emails sent (lifetime):          262
2026-06-15 21:08:16 [INFO   ]       Unique recipients successfully emailed at least once.
2026-06-15 21:08:16 [INFO   ]     Send failures (lifetime):        0
2026-06-15 21:08:16 [INFO   ]       Recipients with a failed status in email_sent.
2026-06-15 21:08:16 [INFO   ]     Replies forwarded (lifetime):    0
2026-06-15 21:08:16 [INFO   ]       Human replies forwarded to your Gmail.
2026-06-15 21:08:16 [INFO   ]     Ready to send (now):             254
2026-06-15 21:08:16 [INFO   ]       Unsent contacts still in the outbound queue for future runs.
2026-06-15 21:08:16 [INFO   ]     Google queries pending:          38
2026-06-15 21:08:16 [INFO   ]       Unused search queries waiting for future scrape runs.
2026-06-15 21:08:16 [INFO   ]     Unsent ca_cs_firms:              46
2026-06-15 21:08:16 [INFO   ]       Chartered Accountants & Company Secretaries contacts not yet emailed (all sources).
2026-06-15 21:08:16 [INFO   ]     Unsent CA Connect JSON:          24
2026-06-15 21:08:16 [INFO   ]       Individual CAs from ca_connect_results.json still available to email.
2026-06-15 21:08:16 [INFO   ]     Companies by industry (with email / total):
2026-06-15 21:08:16 [INFO   ]       NBFC & Banks (Campus Hiring)     8 / 13
2026-06-15 21:08:16 [INFO   ]       Chartered Accountants & Company Secretaries 68 / 76
2026-06-15 21:08:16 [INFO   ]       Coaching & Test Prep             25 / 31
2026-06-15 21:08:16 [INFO   ]       Corporate CSR Programs           27 / 34
2026-06-15 21:08:16 [INFO   ]       EdTech Companies                 17 / 19
2026-06-15 21:08:16 [INFO   ]       Student Loan / Education Finance 10 / 19
2026-06-15 21:08:16 [INFO   ]       HRTech Companies                 23 / 37
2026-06-15 21:08:16 [INFO   ]       Insurance (Campus & Graduate Hiring) 15 / 16
2026-06-15 21:08:16 [INFO   ]       Law Firms & Lawyers              59 / 74
2026-06-15 21:08:16 [INFO   ]       Overseas Education / Immigration 57 / 68
2026-06-15 21:08:16 [INFO   ]       Recruitment & Staffing Firms     31 / 45
2026-06-15 21:08:16 [INFO   ]       Training & Finishing Schools     38 / 43
2026-06-15 21:08:16 [INFO   ] ======================================================================
2026-06-15 21:08:16 [INFO   ] 
