2026-06-21 11:20:56 [INFO   ] Log file: C:\Users\sandeep\Downloads\Claudes\investment\logs\immigration_2026-06-21_11-20-56.log
2026-06-21 11:20:56 [INFO   ] 
2026-06-21 11:20:56 [INFO   ] ==============================================================
2026-06-21 11:20:56 [INFO   ] PROGRESS | Send — CA emails only (up to 10 from ca_bulk.db)
2026-06-21 11:20:56 [INFO   ] ==============================================================
2026-06-21 11:20:57 [INFO   ] Send transport: Brevo API (config: C:\Users\sandeep\Downloads\Claudes\investment\config\mail_config.json, template: C:\Users\sandeep\Downloads\Claudes\investment\templates\bodies\partnership.html, sender: sandeepjain200019@gmail.com)
2026-06-21 11:20:57 [INFO   ] CA-only send from ca_bulk.db — 679 unsent, up to 10 this run (caconnect.icai.org).
2026-06-21 11:21:02 [INFO   ] PROGRESS | Send plan — 10 recipient(s) in queue
2026-06-21 11:21:02 [INFO   ] PROGRESS | Send 1/10 | SENDING | constitution date | BATTULL AND ASSOCIATES LLP [Chartered Accountants & Company Secretaries] | ok=0 fail=0 skip=0
2026-06-21 11:21:02 [INFO   ] Loaded 41 NVIDIA API key(s) for rotation.
2026-06-21 11:21:05 [INFO   ] --------------------------------------------------------------
2026-06-21 11:21:05 [INFO   ] PROGRESS | Email content — To: constitution date
2026-06-21 11:21:05 [INFO   ] PROGRESS | Subject: PlacementHub pre-seed intro with BATTULL AND ASSOCIATES LLP
2026-06-21 11:21:05 [INFO   ] PROGRESS | Body:
2026-06-21 11:21:05 [INFO   ] PROGRESS |   Dear Sir/Madam,
2026-06-21 11:21:05 [INFO   ] PROGRESS |   I am reaching out to introduce PlacementHub and explore whether any of your investor, entrepreneur, or
2026-06-21 11:21:05 [INFO   ] PROGRESS |   HNI clients may be open to reviewing a strategic seed opportunity.
2026-06-21 11:21:05 [INFO   ] PROGRESS |   My name is Sandeep Jain. PlacementHub is currently in its pre-seed fundraising stage, and I am
2026-06-21 11:21:05 [INFO   ] PROGRESS |   soliciting strategic seed investment for the same. PlacementHub is a campus placement and employability
2026-06-21 11:21:05 [INFO   ] PROGRESS |   platform connecting students, colleges, and recruiters. The product is built and in early
2026-06-21 11:21:05 [INFO   ] PROGRESS |   commercialization.
2026-06-21 11:21:05 [INFO   ] PROGRESS |   For reference, the detailed business plan, including the business model and go-to-market strategies, is
2026-06-21 11:21:05 [INFO   ] PROGRESS |   available here:
2026-06-21 11:21:05 [INFO   ] PROGRESS |   PlacementHub Business Plan
2026-06-21 11:21:05 [INFO   ] PROGRESS |   For a Chartered Accountant firm, the relevance is mainly professional and strategic:
2026-06-21 11:21:05 [INFO   ] PROGRESS |   PlacementHub may require support across accounting, taxation, compliance, payroll, investor documentation, audit, and related professional services.
2026-06-21 11:21:05 [INFO   ] PROGRESS |   I would naturally be pleased to consider and prioritize firms that support PlacementHub during its early growth phase, subject to suitability and mutual agreement.
2026-06-21 11:21:05 [INFO   ] PROGRESS |   The relationship can begin with a simple review of the investment note and, where appropriate, introductions to suitable investor clients.
2026-06-21 11:21:05 [INFO   ] PROGRESS |   If the opportunity is worth a look, I would be happy to send the note and speak briefly about the round,
2026-06-21 11:21:05 [INFO   ] PROGRESS |   the platform, and the type of strategic investors we are looking for.
2026-06-21 11:21:05 [INFO   ] PROGRESS |   Please reply to this email or call me if you would like to explore it.
2026-06-21 11:21:05 [INFO   ] PROGRESS |   Warm Regards,
2026-06-21 11:21:05 [INFO   ] PROGRESS |   Sandeep Jain
2026-06-21 11:21:05 [INFO   ] PROGRESS |   Founder, PlacementHub
2026-06-21 11:21:05 [INFO   ] PROGRESS |   +91-9860090620
2026-06-21 11:21:05 [INFO   ] PROGRESS |   sandeepjain200019@gmail.com
2026-06-21 11:21:05 [INFO   ] PROGRESS |   Detailed Profile
2026-06-21 11:21:05 [INFO   ] PROGRESS |   Detailed Note on Funding Requirement
2026-06-21 11:21:05 [INFO   ] --------------------------------------------------------------
2026-06-21 11:21:05 [INFO   ] 
2026-06-21 11:21:05 [INFO   ] 
2026-06-21 11:21:05 [INFO   ] PROGRESS | Email preview — To: constitution date | Subject: PlacementHub pre-seed intro with BATTULL AND ASSOCIATES LLP
2026-06-21 11:21:07 [ERROR  ] Brevo send failed for constitution date: Brevo API send failed for constitution date: (400)
Reason: Bad Request
HTTP response headers: HTTPHeaderDict({'Date': 'Sun, 21 Jun 2026 05:51:07 GMT', 'Content-Type': 'application/json', 'Content-Length': '66', 'Connection': 'keep-alive', 'CF-RAY': 'a0f0bd55ecd8e0d7-MUC', 'x-envoy-upstream-service-time': '13', 'access-control-allow-credentials': 'true', 'sib-request-id': 'd45881a4-99cc-9f48-ad72-c7fe2f583910', 'access-control-allow-origin': '*', 'access-control-allow-headers': '*', 'access-control-allow-methods': 'PUT, POST, GET, DELETE, PATCH, OPTIONS', 'x-sib-ratelimit-limit': '1000', 'x-sib-ratelimit-remaining': '999', 'x-sib-ratelimit-reset': '1', 'cf-cache-status': 'DYNAMIC', 'Set-Cookie': '_cfuvid=VuT1sCSQtOyPYGoXg7Tm8gdD74EtQDuL8wNEnIu90dI-1782021067230-0.0.1.1-604800000; path=/; domain=.sendinblue.com; HttpOnly; Secure; SameSite=None', 'Server': 'cloudflare'})
HTTP response body: {"code":"invalid_parameter","message":"email is not valid in to"}


2026-06-21 11:21:07 [INFO   ] PROGRESS | Send 1/10 | FAILED | constitution date | BATTULL AND ASSOCIATES LLP [Chartered Accountants & Company Secretaries] | ok=0 fail=1 skip=0
2026-06-21 11:21:07 [INFO   ] PROGRESS | Send 2/10 | SENDING | rajendrajadhav31@rediffmail.com | R J JADHAV & CO [Chartered Accountants & Company Secretaries] | ok=0 fail=1 skip=0
2026-06-21 11:21:24 [INFO   ] --------------------------------------------------------------
2026-06-21 11:21:24 [INFO   ] PROGRESS | Email content — To: rajendrajadhav31@rediffmail.com
2026-06-21 11:21:24 [INFO   ] PROGRESS | Subject: PlacementHub pre-seed intro with R J JADHAV & CO
2026-06-21 11:21:24 [INFO   ] PROGRESS | Body:
2026-06-21 11:21:24 [INFO   ] PROGRESS |   Dear Sir/Madam,
2026-06-21 11:21:24 [INFO   ] PROGRESS |   I am reaching out to introduce PlacementHub and explore whether any of your investor, entrepreneur, or
2026-06-21 11:21:24 [INFO   ] PROGRESS |   HNI clients may be open to reviewing a strategic seed opportunity.
2026-06-21 11:21:24 [INFO   ] PROGRESS |   My name is Sandeep Jain. PlacementHub is currently in its pre-seed fundraising stage, and I am
2026-06-21 11:21:24 [INFO   ] PROGRESS |   soliciting strategic seed investment for the same. PlacementHub is a campus placement and employability
2026-06-21 11:21:24 [INFO   ] PROGRESS |   platform connecting students, colleges, and recruiters. The product is built and in early
2026-06-21 11:21:24 [INFO   ] PROGRESS |   commercialization.
2026-06-21 11:21:24 [INFO   ] PROGRESS |   For reference, the detailed business plan, including the business model and go-to-market strategies, is
2026-06-21 11:21:24 [INFO   ] PROGRESS |   available here:
2026-06-21 11:21:24 [INFO   ] PROGRESS |   PlacementHub Business Plan
2026-06-21 11:21:24 [INFO   ] PROGRESS |   For a Chartered Accountant firm, the relevance is mainly professional and strategic:
2026-06-21 11:21:24 [INFO   ] PROGRESS |   PlacementHub may require support across accounting, taxation, compliance, payroll, investor documentation, audit, and related professional services.
2026-06-21 11:21:24 [INFO   ] PROGRESS |   I would naturally be pleased to consider and prioritize firms that support PlacementHub during its early growth phase, subject to suitability and mutual agreement.
2026-06-21 11:21:24 [INFO   ] PROGRESS |   The relationship can begin with a simple review of the investment note and, where appropriate, introductions to suitable investor clients.
2026-06-21 11:21:24 [INFO   ] PROGRESS |   If the opportunity is worth a look, I would be happy to send the note and speak briefly about the round,
2026-06-21 11:21:24 [INFO   ] PROGRESS |   the platform, and the type of strategic investors we are looking for.
2026-06-21 11:21:24 [INFO   ] PROGRESS |   Please reply to this email or call me if you would like to explore it.
2026-06-21 11:21:24 [INFO   ] PROGRESS |   Warm Regards,
2026-06-21 11:21:24 [INFO   ] PROGRESS |   Sandeep Jain
2026-06-21 11:21:24 [INFO   ] PROGRESS |   Founder, PlacementHub
2026-06-21 11:21:24 [INFO   ] PROGRESS |   +91-9860090620
2026-06-21 11:21:24 [INFO   ] PROGRESS |   sandeepjain200019@gmail.com
2026-06-21 11:21:24 [INFO   ] PROGRESS |   Detailed Profile
2026-06-21 11:21:24 [INFO   ] PROGRESS |   Detailed Note on Funding Requirement
2026-06-21 11:21:24 [INFO   ] --------------------------------------------------------------
2026-06-21 11:21:24 [INFO   ] 
2026-06-21 11:21:24 [INFO   ] 
2026-06-21 11:21:24 [INFO   ] PROGRESS | Email preview — To: rajendrajadhav31@rediffmail.com | Subject: PlacementHub pre-seed intro with R J JADHAV & CO
2026-06-21 11:21:25 [INFO   ] SENT (Brevo) -> rajendrajadhav31@rediffmail.com (R J JADHAV & CO) | PlacementHub pre-seed intro with R J JADHAV & CO | messageId=<202606210551.75674943483@smtp-relay.mailin.fr> (API accepted; run audit-brevo to confirm delivery)
2026-06-21 11:21:25 [INFO   ] Sleeping for 10 seconds
2026-06-21 11:21:35 [INFO   ] PROGRESS | Send 2/10 | SENT | rajendrajadhav31@rediffmail.com | R J JADHAV & CO [Chartered Accountants & Company Secretaries] | ok=1 fail=1 skip=0
2026-06-21 11:21:35 [INFO   ] PROGRESS | Send 3/10 | SENDING | cameruvakhariya@gmail.com | VAKHARIYA AND ASSOCIATES [Chartered Accountants & Company Secretaries] | ok=1 fail=1 skip=0
2026-06-21 11:21:45 [INFO   ] --------------------------------------------------------------
2026-06-21 11:21:45 [INFO   ] PROGRESS | Email content — To: cameruvakhariya@gmail.com
2026-06-21 11:21:45 [INFO   ] PROGRESS | Subject: PlacementHub pre-seed intro with VAKHARIYA AND ASSOCIATES
2026-06-21 11:21:45 [INFO   ] PROGRESS | Body:
2026-06-21 11:21:45 [INFO   ] PROGRESS |   Dear Sir/Madam,
2026-06-21 11:21:45 [INFO   ] PROGRESS |   I am reaching out to introduce PlacementHub and explore whether any of your investor, entrepreneur, or
2026-06-21 11:21:45 [INFO   ] PROGRESS |   HNI clients may be open to reviewing a strategic seed opportunity.
2026-06-21 11:21:45 [INFO   ] PROGRESS |   My name is Sandeep Jain. PlacementHub is currently in its pre-seed fundraising stage, and I am
2026-06-21 11:21:45 [INFO   ] PROGRESS |   soliciting strategic seed investment for the same. PlacementHub is a campus placement and employability
2026-06-21 11:21:45 [INFO   ] PROGRESS |   platform connecting students, colleges, and recruiters. The product is built and in early
2026-06-21 11:21:45 [INFO   ] PROGRESS |   commercialization.
2026-06-21 11:21:45 [INFO   ] PROGRESS |   For reference, the detailed business plan, including the business model and go-to-market strategies, is
2026-06-21 11:21:45 [INFO   ] PROGRESS |   available here:
2026-06-21 11:21:45 [INFO   ] PROGRESS |   PlacementHub Business Plan
2026-06-21 11:21:45 [INFO   ] PROGRESS |   For a Chartered Accountant firm, the relevance is mainly professional and strategic:
2026-06-21 11:21:45 [INFO   ] PROGRESS |   PlacementHub may require support across accounting, taxation, compliance, payroll, investor documentation, audit, and related professional services.
2026-06-21 11:21:45 [INFO   ] PROGRESS |   I would naturally be pleased to consider and prioritize firms that support PlacementHub during its early growth phase, subject to suitability and mutual agreement.
2026-06-21 11:21:45 [INFO   ] PROGRESS |   The relationship can begin with a simple review of the investment note and, where appropriate, introductions to suitable investor clients.
2026-06-21 11:21:45 [INFO   ] PROGRESS |   If the opportunity is worth a look, I would be happy to send the note and speak briefly about the round,
2026-06-21 11:21:45 [INFO   ] PROGRESS |   the platform, and the type of strategic investors we are looking for.
2026-06-21 11:21:45 [INFO   ] PROGRESS |   Please reply to this email or call me if you would like to explore it.
2026-06-21 11:21:45 [INFO   ] PROGRESS |   Warm Regards,
2026-06-21 11:21:45 [INFO   ] PROGRESS |   Sandeep Jain
2026-06-21 11:21:45 [INFO   ] PROGRESS |   Founder, PlacementHub
2026-06-21 11:21:45 [INFO   ] PROGRESS |   +91-9860090620
2026-06-21 11:21:45 [INFO   ] PROGRESS |   sandeepjain200019@gmail.com
2026-06-21 11:21:45 [INFO   ] PROGRESS |   Detailed Profile
2026-06-21 11:21:45 [INFO   ] PROGRESS |   Detailed Note on Funding Requirement
2026-06-21 11:21:45 [INFO   ] --------------------------------------------------------------
2026-06-21 11:21:45 [INFO   ] 
2026-06-21 11:21:45 [INFO   ] 
2026-06-21 11:21:45 [INFO   ] PROGRESS | Email preview — To: cameruvakhariya@gmail.com | Subject: PlacementHub pre-seed intro with VAKHARIYA AND ASSOCIATES
2026-06-21 11:21:46 [INFO   ] SENT (Brevo) -> cameruvakhariya@gmail.com (VAKHARIYA AND ASSOCIATES) | PlacementHub pre-seed intro with VAKHARIYA AND ASSOCIATES | messageId=<202606210551.64019275851@smtp-relay.mailin.fr> (API accepted; run audit-brevo to confirm delivery)
2026-06-21 11:21:47 [INFO   ] Sleeping for 10 seconds
2026-06-21 11:21:57 [INFO   ] PROGRESS | Send 3/10 | SENT | cameruvakhariya@gmail.com | VAKHARIYA AND ASSOCIATES [Chartered Accountants & Company Secretaries] | ok=2 fail=1 skip=0
2026-06-21 11:21:57 [INFO   ] PROGRESS | Send 4/10 | SENDING | vans.ca.asso@gmail.com | V A N S & ASSOCIATES [Chartered Accountants & Company Secretaries] | ok=2 fail=1 skip=0
2026-06-21 11:21:58 [INFO   ] --------------------------------------------------------------
2026-06-21 11:21:58 [INFO   ] PROGRESS | Email content — To: vans.ca.asso@gmail.com
2026-06-21 11:21:58 [INFO   ] PROGRESS | Subject: PlacementHub pre-seed intro with V A N S & ASSOCIATES
2026-06-21 11:21:58 [INFO   ] PROGRESS | Body:
2026-06-21 11:21:58 [INFO   ] PROGRESS |   Dear Sir/Madam,
2026-06-21 11:21:58 [INFO   ] PROGRESS |   I am reaching out to introduce PlacementHub and explore whether any of your investor, entrepreneur, or
2026-06-21 11:21:58 [INFO   ] PROGRESS |   HNI clients may be open to reviewing a strategic seed opportunity.
2026-06-21 11:21:58 [INFO   ] PROGRESS |   My name is Sandeep Jain. PlacementHub is currently in its pre-seed fundraising stage, and I am
2026-06-21 11:21:58 [INFO   ] PROGRESS |   soliciting strategic seed investment for the same. PlacementHub is a campus placement and employability
2026-06-21 11:21:58 [INFO   ] PROGRESS |   platform connecting students, colleges, and recruiters. The product is built and in early
2026-06-21 11:21:58 [INFO   ] PROGRESS |   commercialization.
2026-06-21 11:21:58 [INFO   ] PROGRESS |   For reference, the detailed business plan, including the business model and go-to-market strategies, is
2026-06-21 11:21:58 [INFO   ] PROGRESS |   available here:
2026-06-21 11:21:58 [INFO   ] PROGRESS |   PlacementHub Business Plan
2026-06-21 11:21:58 [INFO   ] PROGRESS |   For a Chartered Accountant firm, the relevance is mainly professional and strategic:
2026-06-21 11:21:58 [INFO   ] PROGRESS |   PlacementHub may require support across accounting, taxation, compliance, payroll, investor documentation, audit, and related professional services.
2026-06-21 11:21:58 [INFO   ] PROGRESS |   I would naturally be pleased to consider and prioritize firms that support PlacementHub during its early growth phase, subject to suitability and mutual agreement.
2026-06-21 11:21:58 [INFO   ] PROGRESS |   The relationship can begin with a simple review of the investment note and, where appropriate, introductions to suitable investor clients.
2026-06-21 11:21:58 [INFO   ] PROGRESS |   If the opportunity is worth a look, I would be happy to send the note and speak briefly about the round,
2026-06-21 11:21:58 [INFO   ] PROGRESS |   the platform, and the type of strategic investors we are looking for.
2026-06-21 11:21:58 [INFO   ] PROGRESS |   Please reply to this email or call me if you would like to explore it.
2026-06-21 11:21:58 [INFO   ] PROGRESS |   Warm Regards,
2026-06-21 11:21:58 [INFO   ] PROGRESS |   Sandeep Jain
2026-06-21 11:21:58 [INFO   ] PROGRESS |   Founder, PlacementHub
2026-06-21 11:21:58 [INFO   ] PROGRESS |   +91-9860090620
2026-06-21 11:21:58 [INFO   ] PROGRESS |   sandeepjain200019@gmail.com
2026-06-21 11:21:58 [INFO   ] PROGRESS |   Detailed Profile
2026-06-21 11:21:58 [INFO   ] PROGRESS |   Detailed Note on Funding Requirement
2026-06-21 11:21:58 [INFO   ] --------------------------------------------------------------
2026-06-21 11:21:58 [INFO   ] 
2026-06-21 11:21:58 [INFO   ] 
2026-06-21 11:21:58 [INFO   ] PROGRESS | Email preview — To: vans.ca.asso@gmail.com | Subject: PlacementHub pre-seed intro with V A N S & ASSOCIATES
2026-06-21 11:21:59 [INFO   ] SENT (Brevo) -> vans.ca.asso@gmail.com (V A N S & ASSOCIATES) | PlacementHub pre-seed intro with V A N S & ASSOCIATES | messageId=<202606210551.22316966536@smtp-relay.mailin.fr> (API accepted; run audit-brevo to confirm delivery)
2026-06-21 11:21:59 [INFO   ] Sleeping for 10 seconds
2026-06-21 11:22:09 [INFO   ] PROGRESS | Send 4/10 | SENT | vans.ca.asso@gmail.com | V A N S & ASSOCIATES [Chartered Accountants & Company Secretaries] | ok=3 fail=1 skip=0
2026-06-21 11:22:09 [INFO   ] PROGRESS | Send 5/10 | SENDING | aniketlangote1522@gmail.com | A L S S & ASSOCIATES [Chartered Accountants & Company Secretaries] | ok=3 fail=1 skip=0
2026-06-21 11:22:11 [INFO   ] --------------------------------------------------------------
2026-06-21 11:22:11 [INFO   ] PROGRESS | Email content — To: aniketlangote1522@gmail.com
2026-06-21 11:22:11 [INFO   ] PROGRESS | Subject: PlacementHub pre-seed intro with A L S S & ASSOCIATES
2026-06-21 11:22:11 [INFO   ] PROGRESS | Body:
2026-06-21 11:22:11 [INFO   ] PROGRESS |   Dear Sir/Madam,
2026-06-21 11:22:11 [INFO   ] PROGRESS |   I am reaching out to introduce PlacementHub and explore whether any of your investor, entrepreneur, or
2026-06-21 11:22:11 [INFO   ] PROGRESS |   HNI clients may be open to reviewing a strategic seed opportunity.
2026-06-21 11:22:11 [INFO   ] PROGRESS |   My name is Sandeep Jain. PlacementHub is currently in its pre-seed fundraising stage, and I am
2026-06-21 11:22:11 [INFO   ] PROGRESS |   soliciting strategic seed investment for the same. PlacementHub is a campus placement and employability
2026-06-21 11:22:11 [INFO   ] PROGRESS |   platform connecting students, colleges, and recruiters. The product is built and in early
2026-06-21 11:22:11 [INFO   ] PROGRESS |   commercialization.
2026-06-21 11:22:11 [INFO   ] PROGRESS |   For reference, the detailed business plan, including the business model and go-to-market strategies, is
2026-06-21 11:22:11 [INFO   ] PROGRESS |   available here:
2026-06-21 11:22:11 [INFO   ] PROGRESS |   PlacementHub Business Plan
2026-06-21 11:22:11 [INFO   ] PROGRESS |   For a Chartered Accountant firm, the relevance is mainly professional and strategic:
2026-06-21 11:22:11 [INFO   ] PROGRESS |   PlacementHub may require support across accounting, taxation, compliance, payroll, investor documentation, audit, and related professional services.
2026-06-21 11:22:11 [INFO   ] PROGRESS |   I would naturally be pleased to consider and prioritize firms that support PlacementHub during its early growth phase, subject to suitability and mutual agreement.
2026-06-21 11:22:11 [INFO   ] PROGRESS |   The relationship can begin with a simple review of the investment note and, where appropriate, introductions to suitable investor clients.
2026-06-21 11:22:11 [INFO   ] PROGRESS |   If the opportunity is worth a look, I would be happy to send the note and speak briefly about the round,
2026-06-21 11:22:11 [INFO   ] PROGRESS |   the platform, and the type of strategic investors we are looking for.
2026-06-21 11:22:11 [INFO   ] PROGRESS |   Please reply to this email or call me if you would like to explore it.
2026-06-21 11:22:11 [INFO   ] PROGRESS |   Warm Regards,
2026-06-21 11:22:11 [INFO   ] PROGRESS |   Sandeep Jain
2026-06-21 11:22:11 [INFO   ] PROGRESS |   Founder, PlacementHub
2026-06-21 11:22:11 [INFO   ] PROGRESS |   +91-9860090620
2026-06-21 11:22:11 [INFO   ] PROGRESS |   sandeepjain200019@gmail.com
2026-06-21 11:22:11 [INFO   ] PROGRESS |   Detailed Profile
2026-06-21 11:22:11 [INFO   ] PROGRESS |   Detailed Note on Funding Requirement
2026-06-21 11:22:11 [INFO   ] --------------------------------------------------------------
2026-06-21 11:22:11 [INFO   ] 
2026-06-21 11:22:11 [INFO   ] 
2026-06-21 11:22:11 [INFO   ] PROGRESS | Email preview — To: aniketlangote1522@gmail.com | Subject: PlacementHub pre-seed intro with A L S S & ASSOCIATES
2026-06-21 11:22:12 [INFO   ] SENT (Brevo) -> aniketlangote1522@gmail.com (A L S S & ASSOCIATES) | PlacementHub pre-seed intro with A L S S & ASSOCIATES | messageId=<202606210552.19837176046@smtp-relay.mailin.fr> (API accepted; run audit-brevo to confirm delivery)
2026-06-21 11:22:12 [INFO   ] Sleeping for 10 seconds
2026-06-21 11:22:22 [INFO   ] PROGRESS | Send 5/10 | SENT | aniketlangote1522@gmail.com | A L S S & ASSOCIATES [Chartered Accountants & Company Secretaries] | ok=4 fail=1 skip=0
2026-06-21 11:22:22 [INFO   ] PROGRESS | Send 6/10 | SENDING | arsh.inamdar@rediffmail.com | A A INAMDAR & CO [Chartered Accountants & Company Secretaries] | ok=4 fail=1 skip=0
2026-06-21 11:22:26 [INFO   ] --------------------------------------------------------------
2026-06-21 11:22:26 [INFO   ] PROGRESS | Email content — To: arsh.inamdar@rediffmail.com
2026-06-21 11:22:26 [INFO   ] PROGRESS | Subject: PlacementHub pre-seed intro with A A INAMDAR & CO
2026-06-21 11:22:26 [INFO   ] PROGRESS | Body:
2026-06-21 11:22:26 [INFO   ] PROGRESS |   Dear Sir/Madam,
2026-06-21 11:22:26 [INFO   ] PROGRESS |   I am reaching out to introduce PlacementHub and explore whether any of your investor, entrepreneur, or
2026-06-21 11:22:26 [INFO   ] PROGRESS |   HNI clients may be open to reviewing a strategic seed opportunity.
2026-06-21 11:22:26 [INFO   ] PROGRESS |   My name is Sandeep Jain. PlacementHub is currently in its pre-seed fundraising stage, and I am
2026-06-21 11:22:26 [INFO   ] PROGRESS |   soliciting strategic seed investment for the same. PlacementHub is a campus placement and employability
2026-06-21 11:22:26 [INFO   ] PROGRESS |   platform connecting students, colleges, and recruiters. The product is built and in early
2026-06-21 11:22:26 [INFO   ] PROGRESS |   commercialization.
2026-06-21 11:22:26 [INFO   ] PROGRESS |   For reference, the detailed business plan, including the business model and go-to-market strategies, is
2026-06-21 11:22:26 [INFO   ] PROGRESS |   available here:
2026-06-21 11:22:26 [INFO   ] PROGRESS |   PlacementHub Business Plan
2026-06-21 11:22:26 [INFO   ] PROGRESS |   For a Chartered Accountant firm, the relevance is mainly professional and strategic:
2026-06-21 11:22:26 [INFO   ] PROGRESS |   PlacementHub may require support across accounting, taxation, compliance, payroll, investor documentation, audit, and related professional services.
2026-06-21 11:22:26 [INFO   ] PROGRESS |   I would naturally be pleased to consider and prioritize firms that support PlacementHub during its early growth phase, subject to suitability and mutual agreement.
2026-06-21 11:22:26 [INFO   ] PROGRESS |   The relationship can begin with a simple review of the investment note and, where appropriate, introductions to suitable investor clients.
2026-06-21 11:22:26 [INFO   ] PROGRESS |   If the opportunity is worth a look, I would be happy to send the note and speak briefly about the round,
2026-06-21 11:22:26 [INFO   ] PROGRESS |   the platform, and the type of strategic investors we are looking for.
2026-06-21 11:22:26 [INFO   ] PROGRESS |   Please reply to this email or call me if you would like to explore it.
2026-06-21 11:22:26 [INFO   ] PROGRESS |   Warm Regards,
2026-06-21 11:22:26 [INFO   ] PROGRESS |   Sandeep Jain
2026-06-21 11:22:26 [INFO   ] PROGRESS |   Founder, PlacementHub
2026-06-21 11:22:26 [INFO   ] PROGRESS |   +91-9860090620
2026-06-21 11:22:26 [INFO   ] PROGRESS |   sandeepjain200019@gmail.com
2026-06-21 11:22:26 [INFO   ] PROGRESS |   Detailed Profile
2026-06-21 11:22:26 [INFO   ] PROGRESS |   Detailed Note on Funding Requirement
2026-06-21 11:22:26 [INFO   ] --------------------------------------------------------------
2026-06-21 11:22:26 [INFO   ] 
2026-06-21 11:22:26 [INFO   ] 
2026-06-21 11:22:26 [INFO   ] PROGRESS | Email preview — To: arsh.inamdar@rediffmail.com | Subject: PlacementHub pre-seed intro with A A INAMDAR & CO
2026-06-21 11:22:28 [INFO   ] SENT (Brevo) -> arsh.inamdar@rediffmail.com (A A INAMDAR & CO) | PlacementHub pre-seed intro with A A INAMDAR & CO | messageId=<202606210552.55826282231@smtp-relay.mailin.fr> (API accepted; run audit-brevo to confirm delivery)
2026-06-21 11:22:28 [INFO   ] Sleeping for 10 seconds
2026-06-21 11:22:38 [INFO   ] PROGRESS | Send 6/10 | SENT | arsh.inamdar@rediffmail.com | A A INAMDAR & CO [Chartered Accountants & Company Secretaries] | ok=5 fail=1 skip=0
2026-06-21 11:22:38 [INFO   ] PROGRESS | Send 7/10 | SENDING | rushikakade1998@gmail.com | RUSHIKESH KAKADE & ASSOCIATES [Chartered Accountants & Company Secretaries] | ok=5 fail=1 skip=0
2026-06-21 11:22:40 [INFO   ] --------------------------------------------------------------
2026-06-21 11:22:40 [INFO   ] PROGRESS | Email content — To: rushikakade1998@gmail.com
2026-06-21 11:22:40 [INFO   ] PROGRESS | Subject: PlacementHub pre-seed intro with RUSHIKESH KAKADE & ASSOCIATES
2026-06-21 11:22:40 [INFO   ] PROGRESS | Body:
2026-06-21 11:22:40 [INFO   ] PROGRESS |   Dear Sir/Madam,
2026-06-21 11:22:40 [INFO   ] PROGRESS |   I am reaching out to introduce PlacementHub and explore whether any of your investor, entrepreneur, or
2026-06-21 11:22:40 [INFO   ] PROGRESS |   HNI clients may be open to reviewing a strategic seed opportunity.
2026-06-21 11:22:40 [INFO   ] PROGRESS |   My name is Sandeep Jain. PlacementHub is currently in its pre-seed fundraising stage, and I am
2026-06-21 11:22:40 [INFO   ] PROGRESS |   soliciting strategic seed investment for the same. PlacementHub is a campus placement and employability
2026-06-21 11:22:40 [INFO   ] PROGRESS |   platform connecting students, colleges, and recruiters. The product is built and in early
2026-06-21 11:22:40 [INFO   ] PROGRESS |   commercialization.
2026-06-21 11:22:40 [INFO   ] PROGRESS |   For reference, the detailed business plan, including the business model and go-to-market strategies, is
2026-06-21 11:22:40 [INFO   ] PROGRESS |   available here:
2026-06-21 11:22:40 [INFO   ] PROGRESS |   PlacementHub Business Plan
2026-06-21 11:22:40 [INFO   ] PROGRESS |   For a Chartered Accountant firm, the relevance is mainly professional and strategic:
2026-06-21 11:22:40 [INFO   ] PROGRESS |   PlacementHub may require support across accounting, taxation, compliance, payroll, investor documentation, audit, and related professional services.
2026-06-21 11:22:40 [INFO   ] PROGRESS |   I would naturally be pleased to consider and prioritize firms that support PlacementHub during its early growth phase, subject to suitability and mutual agreement.
2026-06-21 11:22:40 [INFO   ] PROGRESS |   The relationship can begin with a simple review of the investment note and, where appropriate, introductions to suitable investor clients.
2026-06-21 11:22:40 [INFO   ] PROGRESS |   If the opportunity is worth a look, I would be happy to send the note and speak briefly about the round,
2026-06-21 11:22:40 [INFO   ] PROGRESS |   the platform, and the type of strategic investors we are looking for.
2026-06-21 11:22:40 [INFO   ] PROGRESS |   Please reply to this email or call me if you would like to explore it.
2026-06-21 11:22:40 [INFO   ] PROGRESS |   Warm Regards,
2026-06-21 11:22:40 [INFO   ] PROGRESS |   Sandeep Jain
2026-06-21 11:22:40 [INFO   ] PROGRESS |   Founder, PlacementHub
2026-06-21 11:22:40 [INFO   ] PROGRESS |   +91-9860090620
2026-06-21 11:22:40 [INFO   ] PROGRESS |   sandeepjain200019@gmail.com
2026-06-21 11:22:40 [INFO   ] PROGRESS |   Detailed Profile
2026-06-21 11:22:40 [INFO   ] PROGRESS |   Detailed Note on Funding Requirement
2026-06-21 11:22:40 [INFO   ] --------------------------------------------------------------
2026-06-21 11:22:40 [INFO   ] 
2026-06-21 11:22:40 [INFO   ] 
2026-06-21 11:22:40 [INFO   ] PROGRESS | Email preview — To: rushikakade1998@gmail.com | Subject: PlacementHub pre-seed intro with RUSHIKESH KAKADE & ASSOCIATES
2026-06-21 11:22:41 [INFO   ] SENT (Brevo) -> rushikakade1998@gmail.com (RUSHIKESH KAKADE & ASSOCIATES) | PlacementHub pre-seed intro with RUSHIKESH KAKADE & ASSOCIATES | messageId=<202606210552.74669804423@smtp-relay.mailin.fr> (API accepted; run audit-brevo to confirm delivery)
2026-06-21 11:22:41 [INFO   ] Sleeping for 10 seconds
2026-06-21 11:22:51 [INFO   ] PROGRESS | Send 7/10 | SENT | rushikakade1998@gmail.com | RUSHIKESH KAKADE & ASSOCIATES [Chartered Accountants & Company Secretaries] | ok=6 fail=1 skip=0
2026-06-21 11:22:51 [INFO   ] PROGRESS | Send 8/10 | SENDING | casanket@skandco.in | SANKET KURHE & CO [Chartered Accountants & Company Secretaries] | ok=6 fail=1 skip=0
2026-06-21 11:22:55 [INFO   ] --------------------------------------------------------------
2026-06-21 11:22:55 [INFO   ] PROGRESS | Email content — To: casanket@skandco.in
2026-06-21 11:22:55 [INFO   ] PROGRESS | Subject: PlacementHub pre-seed intro with SANKET KURHE & CO
2026-06-21 11:22:55 [INFO   ] PROGRESS | Body:
2026-06-21 11:22:55 [INFO   ] PROGRESS |   Dear Sir/Madam,
2026-06-21 11:22:55 [INFO   ] PROGRESS |   I am reaching out to introduce PlacementHub and explore whether any of your investor, entrepreneur, or
2026-06-21 11:22:55 [INFO   ] PROGRESS |   HNI clients may be open to reviewing a strategic seed opportunity.
2026-06-21 11:22:55 [INFO   ] PROGRESS |   My name is Sandeep Jain. PlacementHub is currently in its pre-seed fundraising stage, and I am
2026-06-21 11:22:55 [INFO   ] PROGRESS |   soliciting strategic seed investment for the same. PlacementHub is a campus placement and employability
2026-06-21 11:22:55 [INFO   ] PROGRESS |   platform connecting students, colleges, and recruiters. The product is built and in early
2026-06-21 11:22:55 [INFO   ] PROGRESS |   commercialization.
2026-06-21 11:22:55 [INFO   ] PROGRESS |   For reference, the detailed business plan, including the business model and go-to-market strategies, is
2026-06-21 11:22:55 [INFO   ] PROGRESS |   available here:
2026-06-21 11:22:55 [INFO   ] PROGRESS |   PlacementHub Business Plan
2026-06-21 11:22:55 [INFO   ] PROGRESS |   For a Chartered Accountant firm, the relevance is mainly professional and strategic:
2026-06-21 11:22:55 [INFO   ] PROGRESS |   PlacementHub may require support across accounting, taxation, compliance, payroll, investor documentation, audit, and related professional services.
2026-06-21 11:22:55 [INFO   ] PROGRESS |   I would naturally be pleased to consider and prioritize firms that support PlacementHub during its early growth phase, subject to suitability and mutual agreement.
2026-06-21 11:22:55 [INFO   ] PROGRESS |   The relationship can begin with a simple review of the investment note and, where appropriate, introductions to suitable investor clients.
2026-06-21 11:22:55 [INFO   ] PROGRESS |   If the opportunity is worth a look, I would be happy to send the note and speak briefly about the round,
2026-06-21 11:22:55 [INFO   ] PROGRESS |   the platform, and the type of strategic investors we are looking for.
2026-06-21 11:22:55 [INFO   ] PROGRESS |   Please reply to this email or call me if you would like to explore it.
2026-06-21 11:22:55 [INFO   ] PROGRESS |   Warm Regards,
2026-06-21 11:22:55 [INFO   ] PROGRESS |   Sandeep Jain
2026-06-21 11:22:55 [INFO   ] PROGRESS |   Founder, PlacementHub
2026-06-21 11:22:55 [INFO   ] PROGRESS |   +91-9860090620
2026-06-21 11:22:55 [INFO   ] PROGRESS |   sandeepjain200019@gmail.com
2026-06-21 11:22:55 [INFO   ] PROGRESS |   Detailed Profile
2026-06-21 11:22:55 [INFO   ] PROGRESS |   Detailed Note on Funding Requirement
2026-06-21 11:22:55 [INFO   ] --------------------------------------------------------------
2026-06-21 11:22:55 [INFO   ] 
2026-06-21 11:22:55 [INFO   ] 
2026-06-21 11:22:55 [INFO   ] PROGRESS | Email preview — To: casanket@skandco.in | Subject: PlacementHub pre-seed intro with SANKET KURHE & CO
2026-06-21 11:22:56 [INFO   ] SENT (Brevo) -> casanket@skandco.in (SANKET KURHE & CO) | PlacementHub pre-seed intro with SANKET KURHE & CO | messageId=<202606210552.50514111789@smtp-relay.mailin.fr> (API accepted; run audit-brevo to confirm delivery)
2026-06-21 11:22:56 [INFO   ] Sleeping for 10 seconds
2026-06-21 11:23:06 [INFO   ] PROGRESS | Send 8/10 | SENT | casanket@skandco.in | SANKET KURHE & CO [Chartered Accountants & Company Secretaries] | ok=7 fail=1 skip=0
2026-06-21 11:23:06 [INFO   ] PROGRESS | Send 9/10 | SENDING | abhijeetpisal102@gmail.com | ABHIJEET K PISAL & CO [Chartered Accountants & Company Secretaries] | ok=7 fail=1 skip=0
2026-06-21 11:23:08 [INFO   ] --------------------------------------------------------------
2026-06-21 11:23:08 [INFO   ] PROGRESS | Email content — To: abhijeetpisal102@gmail.com
2026-06-21 11:23:08 [INFO   ] PROGRESS | Subject: PlacementHub pre-seed intro with ABHIJEET K PISAL & CO
2026-06-21 11:23:08 [INFO   ] PROGRESS | Body:
2026-06-21 11:23:08 [INFO   ] PROGRESS |   Dear Sir/Madam,
2026-06-21 11:23:08 [INFO   ] PROGRESS |   I am reaching out to introduce PlacementHub and explore whether any of your investor, entrepreneur, or
2026-06-21 11:23:08 [INFO   ] PROGRESS |   HNI clients may be open to reviewing a strategic seed opportunity.
2026-06-21 11:23:08 [INFO   ] PROGRESS |   My name is Sandeep Jain. PlacementHub is currently in its pre-seed fundraising stage, and I am
2026-06-21 11:23:08 [INFO   ] PROGRESS |   soliciting strategic seed investment for the same. PlacementHub is a campus placement and employability
2026-06-21 11:23:08 [INFO   ] PROGRESS |   platform connecting students, colleges, and recruiters. The product is built and in early
2026-06-21 11:23:08 [INFO   ] PROGRESS |   commercialization.
2026-06-21 11:23:08 [INFO   ] PROGRESS |   For reference, the detailed business plan, including the business model and go-to-market strategies, is
2026-06-21 11:23:08 [INFO   ] PROGRESS |   available here:
2026-06-21 11:23:08 [INFO   ] PROGRESS |   PlacementHub Business Plan
2026-06-21 11:23:08 [INFO   ] PROGRESS |   For a Chartered Accountant firm, the relevance is mainly professional and strategic:
2026-06-21 11:23:08 [INFO   ] PROGRESS |   PlacementHub may require support across accounting, taxation, compliance, payroll, investor documentation, audit, and related professional services.
2026-06-21 11:23:08 [INFO   ] PROGRESS |   I would naturally be pleased to consider and prioritize firms that support PlacementHub during its early growth phase, subject to suitability and mutual agreement.
2026-06-21 11:23:08 [INFO   ] PROGRESS |   The relationship can begin with a simple review of the investment note and, where appropriate, introductions to suitable investor clients.
2026-06-21 11:23:08 [INFO   ] PROGRESS |   If the opportunity is worth a look, I would be happy to send the note and speak briefly about the round,
2026-06-21 11:23:08 [INFO   ] PROGRESS |   the platform, and the type of strategic investors we are looking for.
2026-06-21 11:23:08 [INFO   ] PROGRESS |   Please reply to this email or call me if you would like to explore it.
2026-06-21 11:23:08 [INFO   ] PROGRESS |   Warm Regards,
2026-06-21 11:23:08 [INFO   ] PROGRESS |   Sandeep Jain
2026-06-21 11:23:08 [INFO   ] PROGRESS |   Founder, PlacementHub
2026-06-21 11:23:08 [INFO   ] PROGRESS |   +91-9860090620
2026-06-21 11:23:08 [INFO   ] PROGRESS |   sandeepjain200019@gmail.com
2026-06-21 11:23:08 [INFO   ] PROGRESS |   Detailed Profile
2026-06-21 11:23:08 [INFO   ] PROGRESS |   Detailed Note on Funding Requirement
2026-06-21 11:23:08 [INFO   ] --------------------------------------------------------------
2026-06-21 11:23:08 [INFO   ] 
2026-06-21 11:23:08 [INFO   ] 
2026-06-21 11:23:08 [INFO   ] PROGRESS | Email preview — To: abhijeetpisal102@gmail.com | Subject: PlacementHub pre-seed intro with ABHIJEET K PISAL & CO
2026-06-21 11:23:09 [INFO   ] SENT (Brevo) -> abhijeetpisal102@gmail.com (ABHIJEET K PISAL & CO) | PlacementHub pre-seed intro with ABHIJEET K PISAL & CO | messageId=<202606210553.98170529319@smtp-relay.mailin.fr> (API accepted; run audit-brevo to confirm delivery)
2026-06-21 11:23:09 [INFO   ] Sleeping for 10 seconds
2026-06-21 11:49:55 [INFO   ] PROGRESS | Send 9/10 | SENT | abhijeetpisal102@gmail.com | ABHIJEET K PISAL & CO [Chartered Accountants & Company Secretaries] | ok=8 fail=1 skip=0
2026-06-21 11:49:55 [INFO   ] PROGRESS | Send 10/10 | SENDING | nnmandassociates@gmail.com | N N M & ASSOCIATES [Chartered Accountants & Company Secretaries] | ok=8 fail=1 skip=0
2026-06-21 11:50:10 [INFO   ] --------------------------------------------------------------
2026-06-21 11:50:10 [INFO   ] PROGRESS | Email content — To: nnmandassociates@gmail.com
2026-06-21 11:50:10 [INFO   ] PROGRESS | Subject: PlacementHub pre-seed intro with N N M & ASSOCIATES
2026-06-21 11:50:10 [INFO   ] PROGRESS | Body:
2026-06-21 11:50:10 [INFO   ] PROGRESS |   Dear Sir/Madam,
2026-06-21 11:50:10 [INFO   ] PROGRESS |   I am reaching out to introduce PlacementHub and explore whether any of your investor, entrepreneur, or
2026-06-21 11:50:10 [INFO   ] PROGRESS |   HNI clients may be open to reviewing a strategic seed opportunity.
2026-06-21 11:50:10 [INFO   ] PROGRESS |   My name is Sandeep Jain. PlacementHub is currently in its pre-seed fundraising stage, and I am
2026-06-21 11:50:10 [INFO   ] PROGRESS |   soliciting strategic seed investment for the same. PlacementHub is a campus placement and employability
2026-06-21 11:50:10 [INFO   ] PROGRESS |   platform connecting students, colleges, and recruiters. The product is built and in early
2026-06-21 11:50:10 [INFO   ] PROGRESS |   commercialization.
2026-06-21 11:50:10 [INFO   ] PROGRESS |   For reference, the detailed business plan, including the business model and go-to-market strategies, is
2026-06-21 11:50:10 [INFO   ] PROGRESS |   available here:
2026-06-21 11:50:10 [INFO   ] PROGRESS |   PlacementHub Business Plan
2026-06-21 11:50:10 [INFO   ] PROGRESS |   For a Chartered Accountant firm, the relevance is mainly professional and strategic:
2026-06-21 11:50:10 [INFO   ] PROGRESS |   PlacementHub may require support across accounting, taxation, compliance, payroll, investor documentation, audit, and related professional services.
2026-06-21 11:50:10 [INFO   ] PROGRESS |   I would naturally be pleased to consider and prioritize firms that support PlacementHub during its early growth phase, subject to suitability and mutual agreement.
2026-06-21 11:50:10 [INFO   ] PROGRESS |   The relationship can begin with a simple review of the investment note and, where appropriate, introductions to suitable investor clients.
2026-06-21 11:50:10 [INFO   ] PROGRESS |   If the opportunity is worth a look, I would be happy to send the note and speak briefly about the round,
2026-06-21 11:50:10 [INFO   ] PROGRESS |   the platform, and the type of strategic investors we are looking for.
2026-06-21 11:50:10 [INFO   ] PROGRESS |   Please reply to this email or call me if you would like to explore it.
2026-06-21 11:50:10 [INFO   ] PROGRESS |   Warm Regards,
2026-06-21 11:50:10 [INFO   ] PROGRESS |   Sandeep Jain
2026-06-21 11:50:10 [INFO   ] PROGRESS |   Founder, PlacementHub
2026-06-21 11:50:10 [INFO   ] PROGRESS |   +91-9860090620
2026-06-21 11:50:10 [INFO   ] PROGRESS |   sandeepjain200019@gmail.com
2026-06-21 11:50:10 [INFO   ] PROGRESS |   Detailed Profile
2026-06-21 11:50:10 [INFO   ] PROGRESS |   Detailed Note on Funding Requirement
2026-06-21 11:50:10 [INFO   ] --------------------------------------------------------------
2026-06-21 11:50:10 [INFO   ] 
2026-06-21 11:50:10 [INFO   ] 
2026-06-21 11:50:10 [INFO   ] PROGRESS | Email preview — To: nnmandassociates@gmail.com | Subject: PlacementHub pre-seed intro with N N M & ASSOCIATES
2026-06-21 11:50:11 [INFO   ] SENT (Brevo) -> nnmandassociates@gmail.com (N N M & ASSOCIATES) | PlacementHub pre-seed intro with N N M & ASSOCIATES | messageId=<202606210620.15121195301@smtp-relay.mailin.fr> (API accepted; run audit-brevo to confirm delivery)
2026-06-21 11:50:11 [INFO   ] Sleeping for 10 seconds
2026-06-21 11:50:21 [INFO   ] PROGRESS | Send 10/10 | SENT | nnmandassociates@gmail.com | N N M & ASSOCIATES [Chartered Accountants & Company Secretaries] | ok=9 fail=1 skip=0
2026-06-21 11:50:27 [INFO   ] CA send complete: {'sent': 9, 'failed': 1, 'skipped': 0, 'queue_size': 10, 'ca_only': True, 'ca_bulk_unsent': 679, 'sent_ca_connect': 9, 'sent_by_industry': {'ca_cs_firms': 9}, 'send_limit': 10}
2026-06-21 11:50:27 [INFO   ] PROGRESS | Done — CA send — 9 sent, 1 failed, 670 unsent in ca_bulk.db
